11-07 14:58:38.210  1285  1378 D SystemServerTimingAsync: ssm.onSwitchUser-10_com.android.server.locales.LocaleManagerService
11-07 14:58:38.210  1285  1378 V SystemServerTimingAsync: ssm.onSwitchUser-10_com.android.server.locales.LocaleManagerService took to complete: 0ms
11-07 14:58:38.210  1285  1378 D SystemServerTimingAsync: ssm.onSwitchUser-10_com.android.server.grammaticalinflection.GrammaticalInflectionService
11-07 14:58:38.210  1285  1378 V SystemServerTimingAsync: ssm.onSwitchUser-10_com.android.server.grammaticalinflection.GrammaticalInflectionService took to complete: 0ms
11-07 14:58:38.210  1285  1378 D SystemServerTimingAsync: ssm.onSwitchUser-10_com.android.server.apphibernation.AppHibernationService
11-07 14:58:38.210  1285  1378 V SystemServerTimingAsync: ssm.onSwitchUser-10_com.android.server.apphibernation.AppHibernationService took to complete: 0ms
11-07 14:58:38.210  1285  1378 D SystemServerTimingAsync: ssm.onSwitchUser-10_com.android.server.locksettings.LockSettingsService$Lifecycle
11-07 14:58:38.210  1285  1378 V SystemServerTimingAsync: ssm.onSwitchUser-10_com.android.server.locksettings.LockSettingsService$Lifecycle took to complete: 0ms
11-07 14:58:38.210  1285  1378 D SystemServerTimingAsync: ssm.onSwitchUser-10_com.android.server.PersistentDataBlockService
11-07 14:58:38.210  1285  1378 V SystemServerTimingAsync: ssm.onSwitchUser-10_com.android.server.PersistentDataBlockService took to complete: 0ms
11-07 14:58:38.210  1285  1378 D SystemServerTimingAsync: ssm.onSwitchUser-10_com.android.server.testharness.TestHarnessModeService
11-07 14:58:38.210  1285  1378 V SystemServerTimingAsync: ssm.onSwitchUser-10_com.android.server.testharness.TestHarnessModeService took to complete: 0ms
11-07 14:58:38.210  1285  1378 D SystemServerTimingAsync: ssm.onSwitchUser-10_com.android.server.oemlock.OemLockService
11-07 14:58:38.210  1285  1378 V SystemServerTimingAsync: ssm.onSwitchUser-10_com.android.server.oemlock.OemLockService took to complete: 0ms
11-07 14:58:38.210  1285  1378 D SystemServerTimingAsync: ssm.onSwitchUser-10_com.android.server.DeviceIdleController
11-07 14:58:38.210  1285  1378 V SystemServerTimingAsync: ssm.onSwitchUser-10_com.android.server.DeviceIdleController took to complete: 0ms
11-07 14:58:38.210  1285  1378 D SystemServerTimingAsync: ssm.onSwitchUser-10_com.android.server.devicepolicy.DevicePolicyManagerService$Lifecycle
11-07 14:58:38.210  1285  1378 V SystemServerTimingAsync: ssm.onSwitchUser-10_com.android.server.devicepolicy.DevicePolicyManagerService$Lifecycle took to complete: 0ms
11-07 14:58:38.210  1285  1378 D SystemServerTimingAsync: ssm.onSwitchUser-10_com.android.server.texttospeech.TextToSpeechManagerService
11-07 14:58:38.210  1285  1378 V SystemServerTimingAsync: ssm.onSwitchUser-10_com.android.server.texttospeech.TextToSpeechManagerService took to complete: 0ms
11-07 14:58:38.210  1285  1378 D SystemServerTimingAsync: ssm.onSwitchUser-10_com.android.server.ambientcontext.AmbientContextManagerService
11-07 14:58:38.210  1285  1378 V SystemServerTimingAsync: ssm.onSwitchUser-10_com.android.server.ambientcontext.AmbientContextManagerService took to complete: 0ms
11-07 14:58:38.210  1285  1378 D SystemServerTimingAsync: ssm.onSwitchUser-10_com.android.server.wearable.WearableSensingManagerService
11-07 14:58:38.210  1285  1378 V SystemServerTimingAsync: ssm.onSwitchUser-10_com.android.server.wearable.WearableSensingManagerService took to complete: 0ms
11-07 14:58:38.210  1285  1378 D SystemServerTimingAsync: ssm.onSwitchUser-10_com.android.server.speech.SpeechRecognitionManagerService
11-07 14:58:38.210  1285  1378 V SystemServerTimingAsync: ssm.onSwitchUser-10_com.android.server.speech.SpeechRecognitionManagerService took to complete: 0ms
11-07 14:58:38.210  1285  1378 D SystemServerTimingAsync: ssm.onSwitchUser-10_com.android.server.searchui.SearchUiManagerService
11-07 14:58:38.210  1285  1378 V SystemServerTimingAsync: ssm.onSwitchUser-10_com.android.server.searchui.SearchUiManagerService took to complete: 0ms
11-07 14:58:38.210  1285  1378 D SystemServerTimingAsync: ssm.onSwitchUser-10_com.android.server.smartspace.SmartspaceManagerService
11-07 14:58:38.210  1285  1378 V SystemServerTimingAsync: ssm.onSwitchUser-10_com.android.server.smartspace.SmartspaceManagerService took to complete: 0ms
11-07 14:58:38.210  1285  1378 D SystemServerTimingAsync: ssm.onSwitchUser-10_com.android.server.graphics.fonts.FontManagerService$Lifecycle
11-07 14:58:38.210  1285  1378 V SystemServerTimingAsync: ssm.onSwitchUser-10_com.android.server.graphics.fonts.FontManagerService$Lifecycle took to complete: 0ms
11-07 14:58:38.210  1285  1378 D SystemServerTimingAsync: ssm.onSwitchUser-10_com.android.server.textservices.TextServicesManagerService$Lifecycle
11-07 14:58:38.210  1285  1378 V SystemServerTimingAsync: ssm.onSwitchUser-10_com.android.server.textservices.TextServicesManagerService$Lifecycle took to complete: 0ms
11-07 14:58:38.210  1285  1378 D SystemServerTimingAsync: ssm.onSwitchUser-10_com.android.server.NetworkScoreService$Lifecycle
11-07 14:58:38.210  1285  1378 V SystemServerTimingAsync: ssm.onSwitchUser-10_com.android.server.NetworkScoreService$Lifecycle took to complete: 0ms
11-07 14:58:38.210  1285  1378 D SystemServerTimingAsync: ssm.onSwitchUser-10_com.android.server.NetworkStatsServiceInitializer
11-07 14:58:38.210  1285  1378 V SystemServerTimingAsync: ssm.onSwitchUser-10_com.android.server.NetworkStatsServiceInitializer took to complete: 0ms
11-07 14:58:38.210  1285  1378 D SystemServerTimingAsync: ssm.onSwitchUser-10_com.android.server.wifi.WifiService
11-07 14:58:38.211  1285  1378 V SystemServerTimingAsync: ssm.onSwitchUser-10_com.android.server.wifi.WifiService took to complete: 1ms
11-07 14:58:38.211  1285  1378 D SystemServerTimingAsync: ssm.onSwitchUser-10_com.android.server.wifi.scanner.WifiScanningService
11-07 14:58:38.211  1285  1378 V SystemServerTimingAsync: ssm.onSwitchUser-10_com.android.server.wifi.scanner.WifiScanningService took to complete: 0ms
11-07 14:58:38.211  1285  1378 D SystemServerTimingAsync: ssm.onSwitchUser-10_com.android.server.wifi.rtt.RttService
11-07 14:58:38.211  1285  1378 V SystemServerTimingAsync: ssm.onSwitchUser-10_com.android.server.wifi.rtt.RttService took to complete: 0ms
11-07 14:58:38.211  1285  1378 D SystemServerTimingAsync: ssm.onSwitchUser-10_com.android.server.wifi.aware.WifiAwareService
11-07 14:58:38.211  1285  1378 V SystemServerTimingAsync: ssm.onSwitchUser-10_com.android.server.wifi.aware.WifiAwareService took to complete: 0ms
11-07 14:58:38.211  1285  1378 D SystemServerTimingAsync: ssm.onSwitchUser-10_com.android.server.wifi.p2p.WifiP2pService
11-07 14:58:38.211  1285  1378 V SystemServerTimingAsync: ssm.onSwitchUser-10_com.android.server.wifi.p2p.WifiP2pService took to complete: 0ms
11-07 14:58:38.211  1285  1378 D SystemServerTimingAsync: ssm.onSwitchUser-10_com.android.server.ConnectivityServiceInitializer
11-07 14:58:38.211  1285  1378 V SystemServerTimingAsync: ssm.onSwitchUser-10_com.android.server.ConnectivityServiceInitializer took to complete: 0ms
11-07 14:58:38.211  1285  1378 D SystemServerTimingAsync: ssm.onSwitchUser-10_com.android.server.notification.NotificationManagerService
11-07 14:58:38.211  1285  1378 V SystemServerTimingAsync: ssm.onSwitchUser-10_com.android.server.notification.NotificationManagerService took to complete: 0ms
11-07 14:58:38.211  1285  1378 D SystemServerTimingAsync: ssm.onSwitchUser-10_com.android.server.storage.DeviceStorageMonitorService
11-07 14:58:38.211  1285  1378 V SystemServerTimingAsync: ssm.onSwitchUser-10_com.android.server.storage.DeviceStorageMonitorService took to complete: 0ms
11-07 14:58:38.211  1285  1378 D SystemServerTimingAsync: ssm.onSwitchUser-10_com.android.server.timedetector.TimeDetectorService$Lifecycle
11-07 14:58:38.211  1285  1378 V SystemServerTimingAsync: ssm.onSwitchUser-10_com.android.server.timedetector.TimeDetectorService$Lifecycle took to complete: 0ms
11-07 14:58:38.211  1285  1378 D SystemServerTimingAsync: ssm.onSwitchUser-10_com.android.server.location.LocationManagerService$Lifecycle
11-07 14:58:38.212  1285  1379 W ActivityManager: Slow operation: 147ms so far, now at startProcess: returned from zygote!
11-07 14:58:38.212  1285  1378 V SystemServerTimingAsync: ssm.onSwitchUser-10_com.android.server.location.LocationManagerService$Lifecycle took to complete: 1ms
11-07 14:58:38.212  1285  1378 D SystemServerTimingAsync: ssm.onSwitchUser-10_com.android.server.timezonedetector.TimeZoneDetectorService$Lifecycle
11-07 14:58:38.212  1285  1378 V SystemServerTimingAsync: ssm.onSwitchUser-10_com.android.server.timezonedetector.TimeZoneDetectorService$Lifecycle took to complete: 0ms
11-07 14:58:38.212  1285  1378 D SystemServerTimingAsync: ssm.onSwitchUser-10_com.android.server.location.altitude.AltitudeService$Lifecycle
11-07 14:58:38.212  1285  1378 V SystemServerTimingAsync: ssm.onSwitchUser-10_com.android.server.location.altitude.AltitudeService$Lifecycle took to complete: 0ms
11-07 14:58:38.212  1285  1378 D SystemServerTimingAsync: ssm.onSwitchUser-10_com.android.server.timezonedetector.location.LocationTimeZoneManagerService$Lifecycle
11-07 14:58:38.212  1285  1378 V SystemServerTimingAsync: ssm.onSwitchUser-10_com.android.server.timezonedetector.location.LocationTimeZoneManagerService$Lifecycle took to complete: 0ms
11-07 14:58:38.212  1285  1378 D SystemServerTimingAsync: ssm.onSwitchUser-10_com.android.server.search.SearchManagerService$Lifecycle
11-07 14:58:38.212  1285  1378 V SystemServerTimingAsync: ssm.onSwitchUser-10_com.android.server.search.SearchManagerService$Lifecycle took to complete: 0ms
11-07 14:58:38.212  1285  1378 D SystemServerTimingAsync: ssm.onSwitchUser-10_com.android.server.wallpapereffectsgeneration.WallpaperEffectsGenerationManagerService
11-07 14:58:38.212  1285  1379 W ActivityManager: Slow operation: 147ms so far, now at startProcess: done updating battery stats
11-07 14:58:38.212  1285  1379 W ActivityManager: Slow operation: 147ms so far, now at startProcess: building log message
11-07 14:58:38.212  1285  1379 I ActivityManager: Start proc 2006:com.qualcomm.qtil.aptxals/u0a112 for added application com.qualcomm.qtil.aptxals
11-07 14:58:38.212  1285  1379 W ActivityManager: Slow operation: 147ms so far, now at startProcess: starting to update pids map
11-07 14:58:38.213  1285  1379 W ActivityManager: Slow operation: 147ms so far, now at startProcess: done updating pids map
11-07 14:58:38.213  1285  1379 W ActivityManager: Slow operation: 147ms so far, now at startProcess: asking zygote to start proc
11-07 14:58:38.214  1285  1378 V SystemServerTimingAsync: ssm.onSwitchUser-10_com.android.server.wallpapereffectsgeneration.WallpaperEffectsGenerationManagerService took to complete: 0ms
11-07 14:58:38.214  1285  1378 D SystemServerTimingAsync: ssm.onSwitchUser-10_com.android.server.audio.AudioService$Lifecycle
11-07 14:58:38.214  1285  1378 V SystemServerTimingAsync: ssm.onSwitchUser-10_com.android.server.audio.AudioService$Lifecycle took to complete: 0ms
11-07 14:58:38.214  1285  1378 D SystemServerTimingAsync: ssm.onSwitchUser-10_com.android.server.soundtrigger_middleware.SoundTriggerMiddlewareService$Lifecycle
11-07 14:58:38.214  1285  1378 V SystemServerTimingAsync: ssm.onSwitchUser-10_com.android.server.soundtrigger_middleware.SoundTriggerMiddlewareService$Lifecycle took to complete: 0ms
11-07 14:58:38.214  1285  1378 D SystemServerTimingAsync: ssm.onSwitchUser-10_com.android.server.broadcastradio.BroadcastRadioService
11-07 14:58:38.214  1285  1378 V SystemServerTimingAsync: ssm.onSwitchUser-10_com.android.server.broadcastradio.BroadcastRadioService took to complete: 0ms
11-07 14:58:38.217  1285  1491 W CameraService_proxy: Could not notify cameraserver, camera service not available.
11-07 14:58:38.217  1285  1491 I CameraService_proxy: Could not notify camera service of user switch, retrying...
11-07 14:58:38.220  1285  1491 W CameraService_proxy: Could not notify cameraserver, camera service not available.
11-07 14:58:38.220  1285  1491 I CameraService_proxy: Could not notify camera service of user switch, retrying...
11-07 14:58:38.220  1285  1378 D SystemServerTimingAsync: ssm.onSwitchUser-10_com.android.server.DockObserver
11-07 14:58:38.220  1285  1378 V SystemServerTimingAsync: ssm.onSwitchUser-10_com.android.server.DockObserver took to complete: 0ms
11-07 14:58:38.220  1285  1378 D SystemServerTimingAsync: ssm.onSwitchUser-10_com.android.server.midi.MidiService$Lifecycle
11-07 14:58:38.220  1285  1378 V SystemServerTimingAsync: ssm.onSwitchUser-10_com.android.server.midi.MidiService$Lifecycle took to complete: 0ms
11-07 14:58:38.220  1285  1378 D SystemServerTimingAsync: ssm.onSwitchUser-10_com.android.server.adb.AdbService$Lifecycle
11-07 14:58:38.220  1285  1378 V SystemServerTimingAsync: ssm.onSwitchUser-10_com.android.server.adb.AdbService$Lifecycle took to complete: 0ms
11-07 14:58:38.220  1285  1378 D SystemServerTimingAsync: ssm.onSwitchUser-10_com.android.server.usb.UsbService$Lifecycle
11-07 14:58:38.221  1285  1378 V SystemServerTimingAsync: ssm.onSwitchUser-10_com.android.server.usb.UsbService$Lifecycle took to complete: 1ms
11-07 14:58:38.221  1285  1378 D SystemServerTimingAsync: ssm.onSwitchUser-10_com.android.server.twilight.TwilightService
11-07 14:58:38.221  1285  1378 V SystemServerTimingAsync: ssm.onSwitchUser-10_com.android.server.twilight.TwilightService took to complete: 0ms
11-07 14:58:38.221  1285  1378 D SystemServerTimingAsync: ssm.onSwitchUser-10_com.android.server.display.color.ColorDisplayService
11-07 14:58:38.221  1285  1378 V SystemServerTimingAsync: ssm.onSwitchUser-10_com.android.server.display.color.ColorDisplayService took to complete: 0ms
11-07 14:58:38.221  1285  1378 D SystemServerTimingAsync: ssm.onSwitchUser-10_com.android.server.job.JobSchedulerService
11-07 14:58:38.221  1285  1378 V SystemServerTimingAsync: ssm.onSwitchUser-10_com.android.server.job.JobSchedulerService took to complete: 0ms
11-07 14:58:38.221  1285  1378 D SystemServerTimingAsync: ssm.onSwitchUser-10_com.android.server.soundtrigger.SoundTriggerService
11-07 14:58:38.221  1285  1378 V SystemServerTimingAsync: ssm.onSwitchUser-10_com.android.server.soundtrigger.SoundTriggerService took to complete: 0ms
11-07 14:58:38.221  1285  1378 D SystemServerTimingAsync: ssm.onSwitchUser-10_com.android.server.trust.TrustManagerService
11-07 14:58:38.221  1285  1378 V SystemServerTimingAsync: ssm.onSwitchUser-10_com.android.server.trust.TrustManagerService took to complete: 0ms
11-07 14:58:38.221  1285  1378 D SystemServerTimingAsync: ssm.onSwitchUser-10_com.android.server.appwidget.AppWidgetService
11-07 14:58:38.222  1285  1378 V SystemServerTimingAsync: ssm.onSwitchUser-10_com.android.server.appwidget.AppWidgetService took to complete: 0ms
11-07 14:58:38.222  1285  1378 D SystemServerTimingAsync: ssm.onSwitchUser-10_com.android.server.voiceinteraction.VoiceInteractionManagerService
11-07 14:58:38.222  1285  1378 V SystemServerTimingAsync: ssm.onSwitchUser-10_com.android.server.voiceinteraction.VoiceInteractionManagerService took to complete: 1ms
11-07 14:58:38.222  1285  1378 D SystemServerTimingAsync: ssm.onSwitchUser-10_com.android.server.GestureLauncherService
11-07 14:58:38.222  1285  1378 V SystemServerTimingAsync: ssm.onSwitchUser-10_com.android.server.GestureLauncherService took to complete: 0ms
11-07 14:58:38.222  1285  1378 D SystemServerTimingAsync: ssm.onSwitchUser-10_com.android.server.SensorNotificationService
11-07 14:58:38.222  1285  1378 V SystemServerTimingAsync: ssm.onSwitchUser-10_com.android.server.SensorNotificationService took to complete: 0ms
11-07 14:58:38.222  1285  1378 D SystemServerTimingAsync: ssm.onSwitchUser-10_com.android.server.emergency.EmergencyAffordanceService
11-07 14:58:38.222  1285  1378 V SystemServerTimingAsync: ssm.onSwitchUser-10_com.android.server.emergency.EmergencyAffordanceService took to complete: 0ms
11-07 14:58:38.222  1285  1378 D SystemServerTimingAsync: ssm.onSwitchUser-10_com.android.server.blob.BlobStoreManagerService
11-07 14:58:38.222  1285  1378 V SystemServerTimingAsync: ssm.onSwitchUser-10_com.android.server.blob.BlobStoreManagerService took to complete: 0ms
11-07 14:58:38.222  1285  1378 D SystemServerTimingAsync: ssm.onSwitchUser-10_com.android.server.dreams.DreamManagerService
11-07 14:58:38.222  1285  1378 V SystemServerTimingAsync: ssm.onSwitchUser-10_com.android.server.dreams.DreamManagerService took to complete: 0ms
11-07 14:58:38.222  1285  1378 D SystemServerTimingAsync: ssm.onSwitchUser-10_com.android.server.security.AttestationVerificationManagerService
11-07 14:58:38.222  1285  1378 V SystemServerTimingAsync: ssm.onSwitchUser-10_com.android.server.security.AttestationVerificationManagerService took to complete: 0ms
11-07 14:58:38.222  1285  1378 D SystemServerTimingAsync: ssm.onSwitchUser-10_com.android.server.companion.CompanionDeviceManagerService
11-07 14:58:38.222  1285  1378 V SystemServerTimingAsync: ssm.onSwitchUser-10_com.android.server.companion.CompanionDeviceManagerService took to complete: 0ms
11-07 14:58:38.222  1285  1378 D SystemServerTimingAsync: ssm.onSwitchUser-10_com.android.server.companion.virtual.VirtualDeviceManagerService
11-07 14:58:38.222  1285  1378 V SystemServerTimingAsync: ssm.onSwitchUser-10_com.android.server.companion.virtual.VirtualDeviceManagerService took to complete: 0ms
11-07 14:58:38.222  1285  1378 D SystemServerTimingAsync: ssm.onSwitchUser-10_com.android.server.restrictions.RestrictionsManagerService
11-07 14:58:38.222  1285  1378 V SystemServerTimingAsync: ssm.onSwitchUser-10_com.android.server.restrictions.RestrictionsManagerService took to complete: 0ms
11-07 14:58:38.222  1285  1378 D SystemServerTimingAsync: ssm.onSwitchUser-10_com.android.server.media.MediaSessionService
11-07 14:58:38.222  1285  1378 V SystemServerTimingAsync: ssm.onSwitchUser-10_com.android.server.media.MediaSessionService took to complete: 0ms
11-07 14:58:38.222  1285  1378 D SystemServerTimingAsync: ssm.onSwitchUser-10_com.android.server.biometrics.BiometricService
11-07 14:58:38.222  1285  1378 V SystemServerTimingAsync: ssm.onSwitchUser-10_com.android.server.biometrics.BiometricService took to complete: 0ms
11-07 14:58:38.222  1285  1378 D SystemServerTimingAsync: ssm.onSwitchUser-10_com.android.server.biometrics.AuthService
11-07 14:58:38.222  1285  1378 V SystemServerTimingAsync: ssm.onSwitchUser-10_com.android.server.biometrics.AuthService took to complete: 0ms
11-07 14:58:38.222  1285  1378 D SystemServerTimingAsync: ssm.onSwitchUser-10_com.android.server.pm.ShortcutService$Lifecycle
11-07 14:58:38.222  1285  1378 V SystemServerTimingAsync: ssm.onSwitchUser-10_com.android.server.pm.ShortcutService$Lifecycle took to complete: 0ms
11-07 14:58:38.222  1285  1378 D SystemServerTimingAsync: ssm.onSwitchUser-10_com.android.server.pm.LauncherAppsService
11-07 14:58:38.222  1285  1378 V SystemServerTimingAsync: ssm.onSwitchUser-10_com.android.server.pm.LauncherAppsService took to complete: 0ms
11-07 14:58:38.222  1285  1378 D SystemServerTimingAsync: ssm.onSwitchUser-10_com.android.server.pm.CrossProfileAppsService
11-07 14:58:38.222  1285  1378 V SystemServerTimingAsync: ssm.onSwitchUser-10_com.android.server.pm.CrossProfileAppsService took to complete: 0ms
11-07 14:58:38.222  1285  1378 D SystemServerTimingAsync: ssm.onSwitchUser-10_com.android.server.people.PeopleService
11-07 14:58:38.222  1285  1378 V SystemServerTimingAsync: ssm.onSwitchUser-10_com.android.server.people.PeopleService took to complete: 0ms
11-07 14:58:38.222  1285  1378 D SystemServerTimingAsync: ssm.onSwitchUser-10_com.android.server.media.metrics.MediaMetricsManagerService
11-07 14:58:38.222  1285  1378 V SystemServerTimingAsync: ssm.onSwitchUser-10_com.android.server.media.metrics.MediaMetricsManagerService took to complete: 0ms
11-07 14:58:38.222  1285  1378 D SystemServerTimingAsync: ssm.onSwitchUser-10_com.android.server.pm.BackgroundInstallControlService
11-07 14:58:38.222  1285  1378 V SystemServerTimingAsync: ssm.onSwitchUser-10_com.android.server.pm.BackgroundInstallControlService took to complete: 0ms
11-07 14:58:38.222  1285  1378 D SystemServerTimingAsync: ssm.onSwitchUser-10_com.android.server.media.projection.MediaProjectionManagerService
11-07 14:58:38.223  1285  1378 V SystemServerTimingAsync: ssm.onSwitchUser-10_com.android.server.media.projection.MediaProjectionManagerService took to complete: 1ms
11-07 14:58:38.223  1285  1378 D SystemServerTimingAsync: ssm.onSwitchUser-10_com.android.server.slice.SliceManagerService$Lifecycle
11-07 14:58:38.223  1285  1378 V SystemServerTimingAsync: ssm.onSwitchUser-10_com.android.server.slice.SliceManagerService$Lifecycle took to complete: 0ms
11-07 14:58:38.223  1285  1378 D SystemServerTimingAsync: ssm.onSwitchUser-10_com.android.server.stats.StatsCompanion$Lifecycle
11-07 14:58:38.223  1285  1378 V SystemServerTimingAsync: ssm.onSwitchUser-10_com.android.server.stats.StatsCompanion$Lifecycle took to complete: 0ms
11-07 14:58:38.223  1285  1378 D SystemServerTimingAsync: ssm.onSwitchUser-10_com.android.server.scheduling.RebootReadinessManagerService$Lifecycle
11-07 14:58:38.223  1285  1378 V SystemServerTimingAsync: ssm.onSwitchUser-10_com.android.server.scheduling.RebootReadinessManagerService$Lifecycle took to complete: 0ms
11-07 14:58:38.223  1285  1378 D SystemServerTimingAsync: ssm.onSwitchUser-10_com.android.server.stats.pull.StatsPullAtomService
11-07 14:58:38.223  1285  1378 V SystemServerTimingAsync: ssm.onSwitchUser-10_com.android.server.stats.pull.StatsPullAtomService took to complete: 0ms
11-07 14:58:38.223  1285  1378 D SystemServerTimingAsync: ssm.onSwitchUser-10_com.android.server.stats.bootstrap.StatsBootstrapAtomService$Lifecycle
11-07 14:58:38.223  1285  1378 V SystemServerTimingAsync: ssm.onSwitchUser-10_com.android.server.stats.bootstrap.StatsBootstrapAtomService$Lifecycle took to complete: 0ms
11-07 14:58:38.223  1285  1378 D SystemServerTimingAsync: ssm.onSwitchUser-10_com.android.server.incident.IncidentCompanionService
11-07 14:58:38.223  1285  1378 V SystemServerTimingAsync: ssm.onSwitchUser-10_com.android.server.incident.IncidentCompanionService took to complete: 0ms
11-07 14:58:38.223  1285  1378 D SystemServerTimingAsync: ssm.onSwitchUser-10_com.android.server.sdksandbox.SdkSandboxManagerService$Lifecycle
11-07 14:58:38.223  1285  1378 V SystemServerTimingAsync: ssm.onSwitchUser-10_com.android.server.sdksandbox.SdkSandboxManagerService$Lifecycle took to complete: 0ms
11-07 14:58:38.223  1285  1378 D SystemServerTimingAsync: ssm.onSwitchUser-10_com.android.server.adservices.AdServicesManagerService$Lifecycle
11-07 14:58:38.223  1285  1378 V SystemServerTimingAsync: ssm.onSwitchUser-10_com.android.server.adservices.AdServicesManagerService$Lifecycle took to complete: 0ms
11-07 14:58:38.223  1285  1378 D SystemServerTimingAsync: ssm.onSwitchUser-10_com.android.server.ondevicepersonalization.OnDevicePersonalizationSystemService$Lifecycle
11-07 14:58:38.223  1285  1378 V SystemServerTimingAsync: ssm.onSwitchUser-10_com.android.server.ondevicepersonalization.OnDevicePersonalizationSystemService$Lifecycle took to complete: 0ms
11-07 14:58:38.223  1285  1378 D SystemServerTimingAsync: ssm.onSwitchUser-10_com.android.server.MmsServiceBroker
11-07 14:58:38.223  1285  1378 V SystemServerTimingAsync: ssm.onSwitchUser-10_com.android.server.MmsServiceBroker took to complete: 0ms
11-07 14:58:38.223  1285  1285 D ConditionProviders.SCP: evaluateSubscriptionLocked cal=ScheduleCalendar[mDays={1, 2, 3, 4, 5, 6, 7}, mSchedule=ScheduleInfo{days=[1, 2, 3, 4, 5, 6, 7], startHour=22, startMinute=0, endHour=7, endMinute=0, exitAtAlarm=true, nextAlarm=Thu Jan 01 05:30:00 GMT+05:30 1970 (0)}], now=Fri Nov 07 14:58:38 GMT+05:30 2025 (1762507718208), nextUserAlarmTime=Thu Jan 01 05:30:00 GMT+05:30 1970 (0)
11-07 14:58:38.224  1285  1285 D ConditionProviders.SCP: notifyCondition condition://android/schedule?days=1.2.3.4.5.6.7&start=22.0&end=7.0&exitAtAlarm=true STATE_FALSE reason=!meetsSchedule
11-07 14:58:38.224  1285  1525 W BroadcastLoopers: Found previously unknown looper Thread[android.imms,5,main]
11-07 14:58:38.226  1285  1285 D ConditionProviders.SCP: Scheduling evaluate for Fri Nov 07 22:00:00 GMT+05:30 2025 (1762533000000), in +7h1m21s792ms, now=Fri Nov 07 14:58:38 GMT+05:30 2025 (1762507718208)
11-07 14:58:38.226  1285  1378 D SystemServerTimingAsync: ssm.onSwitchUser-10_com.android.server.selectiontoolbar.SelectionToolbarManagerService
11-07 14:58:38.226  1285  1378 V SystemServerTimingAsync: ssm.onSwitchUser-10_com.android.server.selectiontoolbar.SelectionToolbarManagerService took to complete: 0ms
11-07 14:58:38.226  1285  1378 D SystemServerTimingAsync: ssm.onSwitchUser-10_com.android.server.clipboard.ClipboardService
11-07 14:58:38.226  1285  1378 V SystemServerTimingAsync: ssm.onSwitchUser-10_com.android.server.clipboard.ClipboardService took to complete: 0ms
11-07 14:58:38.226  1285  1378 D SystemServerTimingAsync: ssm.onSwitchUser-10_com.android.server.appbinding.AppBindingService$Lifecycle
11-07 14:58:38.226  1285  1378 V SystemServerTimingAsync: ssm.onSwitchUser-10_com.android.server.appbinding.AppBindingService$Lifecycle took to complete: 0ms
11-07 14:58:38.226  1285  1378 D SystemServerTimingAsync: ssm.onSwitchUser-10_com.android.server.tracing.TracingServiceProxy
11-07 14:58:38.226  1285  1379 W ActivityManager: Slow operation: 160ms so far, now at startProcess: returned from zygote!
11-07 14:58:38.226  1285  1378 V SystemServerTimingAsync: ssm.onSwitchUser-10_com.android.server.tracing.TracingServiceProxy took to complete: 0ms
11-07 14:58:38.226  1285  1378 D SystemServerTimingAsync: ssm.onSwitchUser-10_com.android.server.policy.PermissionPolicyService
11-07 14:58:38.226  1285  1378 V SystemServerTimingAsync: ssm.onSwitchUser-10_com.android.server.policy.PermissionPolicyService took to complete: 0ms
11-07 14:58:38.226  1285  1378 D SystemServerTimingAsync: ssm.onSwitchUser-10_com.android.server.pm.StagingManager$Lifecycle
11-07 14:58:38.226  1285  1378 V SystemServerTimingAsync: ssm.onSwitchUser-10_com.android.server.pm.StagingManager$Lifecycle took to complete: 0ms
11-07 14:58:38.226  1285  1378 D SystemServerTimingAsync: ssm.onSwitchUser-10_com.android.server.app.GameManagerService$Lifecycle
11-07 14:58:38.226  1285  1379 W ActivityManager: Slow operation: 160ms so far, now at startProcess: done updating battery stats
11-07 14:58:38.226  1285  1379 W ActivityManager: Slow operation: 160ms so far, now at startProcess: building log message
11-07 14:58:38.226  1285  1379 I ActivityManager: Start proc 2015:vendor.qti.qesdk.sysservice/1000 for added application vendor.qti.qesdk.sysservice
11-07 14:58:38.226  1285  1285 D CompatibilityChangeReporter: Compat change id reported: 171306433; UID 1000; state: ENABLED
11-07 14:58:38.227  1285  1379 W ActivityManager: Slow operation: 160ms so far, now at startProcess: starting to update pids map
11-07 14:58:38.227  1285  1378 V SystemServerTimingAsync: ssm.onSwitchUser-10_com.android.server.app.GameManagerService$Lifecycle took to complete: 0ms
11-07 14:58:38.227  1285  1378 D SystemServerTimingAsync: ssm.onSwitchUser-10_com.android.safetycenter.SafetyCenterService
11-07 14:58:38.227  1285  1378 V SystemServerTimingAsync: ssm.onSwitchUser-10_com.android.safetycenter.SafetyCenterService took to complete: 0ms
11-07 14:58:38.227  1285  1378 D SystemServerTimingAsync: ssm.onSwitchUser-10_com.android.server.appsearch.AppSearchModule$Lifecycle
11-07 14:58:38.227  1285  1378 V SystemServerTimingAsync: ssm.onSwitchUser-10_com.android.server.appsearch.AppSearchModule$Lifecycle took to complete: 0ms
11-07 14:58:38.227  1285  1378 D SystemServerTimingAsync: ssm.onSwitchUser-10_com.android.server.media.MediaCommunicationService
11-07 14:58:38.227  1285  1378 V SystemServerTimingAsync: ssm.onSwitchUser-10_com.android.server.media.MediaCommunicationService took to complete: 0ms
11-07 14:58:38.227  1285  1378 D SystemServerTimingAsync: ssm.onSwitchUser-10_com.android.server.compat.overrides.AppCompatOverridesService$Lifecycle
11-07 14:58:38.227  1285  1378 V SystemServerTimingAsync: ssm.onSwitchUser-10_com.android.server.compat.overrides.AppCompatOverridesService$Lifecycle took to complete: 0ms
11-07 14:58:38.227  1285  1285 D CompatibilityChangeReporter: Compat change id reported: 218533173; UID 1000; state: ENABLED
11-07 14:58:38.228  1285  1379 W ActivityManager: Slow operation: 161ms so far, now at startProcess: done updating pids map
11-07 14:58:38.228  1285  1378 D SystemServerTimingAsync: ssm.onSwitchUser-10_com.android.server.healthconnect.HealthConnectManagerService
11-07 14:58:38.228  1285  1379 W ActivityManager: Slow operation: 159ms so far, now at startProcess: asking zygote to start proc
11-07 14:58:38.228  1285  1379 D CompatibilityChangeReporter: Compat change id reported: 143937733; UID 10117; state: ENABLED
11-07 14:58:38.229  1285  1378 V SystemServerTimingAsync: ssm.onSwitchUser-10_com.android.server.healthconnect.HealthConnectManagerService took to complete: 1ms
11-07 14:58:38.229  1285  1378 D SystemServerTimingAsync: ssm.onSwitchUser-10_com.android.server.devicelock.DeviceLockService
11-07 14:58:38.229  1285  1378 D DeviceLockService: onUserSwitching
11-07 14:58:38.231  1285  1573 W ActivityThread: Failed to find provider info for com.android.calendar (user not unlocked)
11-07 14:58:38.233  1285  1573 W ActivityThread: Failed to find provider info for com.android.calendar (user not unlocked)
11-07 14:58:38.239  1285  1491 W CameraService_proxy: Could not notify cameraserver, camera service not available.
11-07 14:58:38.239  1285  1491 I CameraService_proxy: Could not notify camera service of user switch, retrying...
11-07 14:58:38.241  1285  1491 W CameraService_proxy: Could not notify cameraserver, camera service not available.
11-07 14:58:38.241  1285  1491 I CameraService_proxy: Could not notify camera service of user switch, retrying...
11-07 14:58:38.242  1285  1379 W ActivityManager: Slow operation: 173ms so far, now at startProcess: returned from zygote!
11-07 14:58:38.242  1285  1379 W ActivityManager: Slow operation: 173ms so far, now at startProcess: done updating battery stats
11-07 14:58:38.242  1285  1379 W ActivityManager: Slow operation: 173ms so far, now at startProcess: building log message
11-07 14:58:38.242  1285  1379 I ActivityManager: Start proc 2032:org.codeaurora.ims/u0a117 for added application org.codeaurora.ims
11-07 14:58:38.242  1285  1379 W ActivityManager: Slow operation: 173ms so far, now at startProcess: starting to update pids map
11-07 14:58:38.243  1285  1378 V SystemServerTimingAsync: ssm.onSwitchUser-10_com.android.server.devicelock.DeviceLockService took to complete: 14ms
11-07 14:58:38.252     0     0 I binder  : 2002:2002 ioctl 40046210 7fd3e9dec0 returned -22
11-07 14:58:38.253     0     0 I binder  : 2003:2003 ioctl 40046210 7fd3e9dec0 returned -22
11-07 14:58:38.243  1285  1378 D SystemServerTimingAsync: ssm.onSwitchUser-10_com.android.internal.car.CarServiceHelperService
11-07 14:58:38.243  1285  1379 W ActivityManager: Slow operation: 174ms so far, now at startProcess: done updating pids map
11-07 14:58:38.243  1285  1379 W ActivityManager: Slow operation: 172ms so far, now at startProcess: asking zygote to start proc
11-07 14:58:38.244  1285  1378 D CarServiceHelper: onUserSwitching(0>>10)
11-07 14:58:38.244  1285  1378 V SystemServerTimingAsync: ssm.onSwitchUser-10_com.android.internal.car.CarServiceHelperService took to complete: 1ms
11-07 14:58:38.244  1285  1378 V SystemServerTimingAsync: ssm.SwitchUser-10 took to complete: 54ms
11-07 14:58:38.244  1724  1762 D ICarImpl: onUserLifecycleEvent(SWITCHING, 10)
11-07 14:58:38.244  1285  1378 D SystemServerTiming: dispatchUserSwitch-0-to-10
11-07 14:58:38.244  1724  1762 W CarUserService: No User switch UI receiver.
11-07 14:58:38.244  1285  1378 D SystemServerTiming: onBeforeUserSwitching-#0 MediaRouterService
11-07 14:58:38.244  1285  1378 V SystemServerTiming: onBeforeUserSwitching-#0 MediaRouterService took to complete: 0ms
11-07 14:58:38.244  1285  1378 D SystemServerTiming: onBeforeUserSwitching-#1 AttentionDetector
11-07 14:58:38.244  1285  1378 V SystemServerTiming: onBeforeUserSwitching-#1 AttentionDetector took to complete: 0ms
11-07 14:58:38.244  1285  1378 D SystemServerTiming: onBeforeUserSwitching-#2 JobScheduler.Concurrency
11-07 14:58:38.244  1285  1378 V SystemServerTiming: onBeforeUserSwitching-#2 JobScheduler.Concurrency took to complete: 0ms
11-07 14:58:38.244  1285  1378 D SystemServerTiming: onBeforeUserSwitching-#3 com.android.server.biometrics.BiometricService
11-07 14:58:38.244  1285  1378 V SystemServerTiming: onBeforeUserSwitching-#3 com.android.server.biometrics.BiometricService took to complete: 0ms
11-07 14:58:38.244  1285  1378 D SystemServerTiming: onBeforeUserSwitching-#4 PowerManagerService
11-07 14:58:38.244  1285  1378 V SystemServerTiming: onBeforeUserSwitching-#4 PowerManagerService took to complete: 0ms
11-07 14:58:38.245  1285  1378 D SystemServerTiming: onUserSwitching-#0 MediaRouterService
11-07 14:58:38.245  1285  1378 D ActivityManager: onUserSwitchingReply-#0 MediaRouterService
11-07 14:58:38.245  1285  1378 V ActivityManager: onUserSwitchingReply-#0 MediaRouterService took to complete: 0ms
11-07 14:58:38.245  1285  1378 V SystemServerTiming: onUserSwitching-#0 MediaRouterService took to complete: 0ms
11-07 14:58:38.245  1285  1378 D SystemServerTiming: onUserSwitching-#1 AttentionDetector
11-07 14:58:38.245  1285  1378 D ActivityManager: onUserSwitchingReply-#1 AttentionDetector
11-07 14:58:38.245  1285  1378 V ActivityManager: onUserSwitchingReply-#1 AttentionDetector took to complete: 0ms
11-07 14:58:38.245  1285  1378 V SystemServerTiming: onUserSwitching-#1 AttentionDetector took to complete: 0ms
11-07 14:58:38.245  1285  1378 D SystemServerTiming: onUserSwitching-#2 JobScheduler.Concurrency
11-07 14:58:38.245  1285  1378 D ActivityManager: onUserSwitchingReply-#2 JobScheduler.Concurrency
11-07 14:58:38.245  1285  1378 V ActivityManager: onUserSwitchingReply-#2 JobScheduler.Concurrency took to complete: 0ms
11-07 14:58:38.245  1285  1378 V SystemServerTiming: onUserSwitching-#2 JobScheduler.Concurrency took to complete: 0ms
11-07 14:58:38.245  1285  1378 D SystemServerTiming: onUserSwitching-#3 com.android.server.biometrics.BiometricService
11-07 14:58:38.246  1285  1378 D ActivityManager: onUserSwitchingReply-#3 com.android.server.biometrics.BiometricService
11-07 14:58:38.246  1285  1378 V ActivityManager: onUserSwitchingReply-#3 com.android.server.biometrics.BiometricService took to complete: 0ms
11-07 14:58:38.246  1285  1378 V SystemServerTiming: onUserSwitching-#3 com.android.server.biometrics.BiometricService took to complete: 0ms
11-07 14:58:38.246  1285  1378 D SystemServerTiming: onUserSwitching-#4 PowerManagerService
11-07 14:58:38.246  1285  1378 D ActivityManager: onUserSwitchingReply-#4 PowerManagerService
11-07 14:58:38.246  1285  1378 D ActivityManager: sendContinueUserSwitchLU-0-to-10
11-07 14:58:38.246  1285  1378 V ActivityManager: sendContinueUserSwitchLU-0-to-10 took to complete: 0ms
11-07 14:58:38.246  1285  1378 V ActivityManager: onUserSwitchingReply-#4 PowerManagerService took to complete: 0ms
11-07 14:58:38.246  1285  1378 V SystemServerTiming: onUserSwitching-#4 PowerManagerService took to complete: 1ms
11-07 14:58:38.246  1285  1378 V SystemServerTiming: dispatchUserSwitch-0-to-10 took to complete: 2ms
11-07 14:58:38.246  1724  1762 V CarUserService: onUserSwitching-10 took to complete: 2ms
11-07 14:58:38.247  1285  1378 D SystemServerTiming: continueUserSwitch-0-to-10
11-07 14:58:38.247  1285  1378 V SystemServerTiming: continueUserSwitch-0-to-10 took to complete: 0ms
11-07 14:58:38.248  1724  1854 E CarPropertyService: unregisterListenerSafe() failed for property ID: SEAT_OCCUPANCY
11-07 14:58:38.248  1724  1854 E CarPropertyService: java.lang.IllegalArgumentException: property ID is not in carPropertyConfig list, and so it is not supported: SEAT_OCCUPANCY
11-07 14:58:38.248  1724  1854 E CarPropertyService: 	at com.android.internal.util.Preconditions.checkArgument(Preconditions.java:77)
11-07 14:58:38.248  1724  1854 E CarPropertyService: 	at com.android.car.CarPropertyService.assertConfigIsNotNull(CarPropertyService.java:939)
11-07 14:58:38.248  1724  1854 E CarPropertyService: 	at com.android.car.CarPropertyService.validateRegisterParameter(CarPropertyService.java:982)
11-07 14:58:38.248  1724  1854 E CarPropertyService: 	at com.android.car.CarPropertyService.unregisterListener(CarPropertyService.java:446)
11-07 14:58:38.248  1724  1854 E CarPropertyService: 	at com.android.car.CarPropertyService.unregisterListenerSafe(CarPropertyService.java:463)
11-07 14:58:38.248  1724  1854 E CarPropertyService: 	at com.android.car.bluetooth.BluetoothDeviceConnectionPolicy$CarServicesHelper.release(BluetoothDeviceConnectionPolicy.java:131)
11-07 14:58:38.248  1724  1854 E CarPropertyService: 	at com.android.car.bluetooth.BluetoothDeviceConnectionPolicy.release(BluetoothDeviceConnectionPolicy.java:327)
11-07 14:58:38.248  1724  1854 E CarPropertyService: 	at com.android.car.bluetooth.CarBluetoothService.destroyBluetoothDeviceConnectionPolicyLocked(CarBluetoothService.java:424)
11-07 14:58:38.248  1724  1854 E CarPropertyService: 	at com.android.car.bluetooth.CarBluetoothService.destroyUserLocked(CarBluetoothService.java:225)
11-07 14:58:38.248  1724  1854 E CarPropertyService: 	at com.android.car.bluetooth.CarBluetoothService.-$$Nest$mdestroyUserLocked(Unknown Source:0)
11-07 14:58:38.248  1724  1854 E CarPropertyService: 	at com.android.car.bluetooth.CarBluetoothService$1.onPreUnbind(CarBluetoothService.java:124)
11-07 14:58:38.248  1724  1854 E CarPropertyService: 	at com.android.car.CarPerUserServiceHelper.lambda$new$0(CarPerUserServiceHelper.java:115)
11-07 14:58:38.248  1724  1854 E CarPropertyService: 	at com.android.car.CarPerUserServiceHelper.$r8$lambda$pspyxpqe-vwz7I6CC1HFJjLRX1A(Unknown Source:0)
11-07 14:58:38.248  1724  1854 E CarPropertyService: 	at com.android.car.CarPerUserServiceHelper$$ExternalSyntheticLambda0.onEvent(Unknown Source:2)
11-07 14:58:38.248  1724  1854 E CarPropertyService: 	at com.android.car.user.CarUserService.handleNotifyServiceUserLifecycleListeners(CarUserService.java:2758)
11-07 14:58:38.248  1724  1854 E CarPropertyService: 	at com.android.car.user.CarUserService.lambda$onUserLifecycleEvent$26(CarUserService.java:2450)
11-07 14:58:38.248  1724  1854 E CarPropertyService: 	at com.android.car.user.CarUserService.$r8$lambda$QZ49F-ohsRWTF8LFZMaqsSp36Bs(Unknown Source:0)
11-07 14:58:38.248  1724  1854 E CarPropertyService: 	at com.android.car.user.CarUserService$$ExternalSyntheticLambda26.run(Unknown Source:6)
11-07 14:58:38.248  1724  1854 E CarPropertyService: 	at android.os.Handler.handleCallback(Handler.java:958)
11-07 14:58:38.248  1724  1854 E CarPropertyService: 	at android.os.Handler.dispatchMessage(Handler.java:99)
11-07 14:58:38.248  1724  1854 E CarPropertyService: 	at android.os.Looper.loopOnce(Looper.java:205)
11-07 14:58:38.248  1724  1854 E CarPropertyService: 	at android.os.Looper.loop(Looper.java:294)
11-07 14:58:38.248  1724  1854 E CarPropertyService: 	at android.os.HandlerThread.run(HandlerThread.java:67)
11-07 14:58:38.249  1285  1378 D SystemServerTiming: dispatchUserSwitchComplete-10
11-07 14:58:38.249  1285  1378 D SystemServerTiming: onUserSwitchComplete-10 #0 MediaRouterService
11-07 14:58:38.249  1285  1378 V SystemServerTiming: onUserSwitchComplete-10 #0 MediaRouterService took to complete: 0ms
11-07 14:58:38.250  1285  1378 D SystemServerTiming: onUserSwitchComplete-10 #1 AttentionDetector
11-07 14:58:38.250  1285  1378 V SystemServerTiming: onUserSwitchComplete-10 #1 AttentionDetector took to complete: 0ms
11-07 14:58:38.250  1285  1378 D SystemServerTiming: onUserSwitchComplete-10 #2 JobScheduler.Concurrency
11-07 14:58:38.250  1285  1378 V SystemServerTiming: onUserSwitchComplete-10 #2 JobScheduler.Concurrency took to complete: 1ms
11-07 14:58:38.250  1285  1378 D SystemServerTiming: onUserSwitchComplete-10 #3 com.android.server.biometrics.BiometricService
11-07 14:58:38.250  1285  1378 V SystemServerTiming: onUserSwitchComplete-10 #3 com.android.server.biometrics.BiometricService took to complete: 0ms
11-07 14:58:38.250  1285  1378 D SystemServerTiming: onUserSwitchComplete-10 #4 PowerManagerService
11-07 14:58:38.250  1285  1378 V SystemServerTiming: onUserSwitchComplete-10 #4 PowerManagerService took to complete: 0ms
11-07 14:58:38.250  1285  1378 D SystemServerTiming: sendUserSwitchBroadcasts-0-10
11-07 14:58:38.251  1285  1378 W BroadcastLoopers: Found previously unknown looper Thread[ActivityManager,5,main]
11-07 14:58:38.252  1285  1378 V SystemServerTiming: sendUserSwitchBroadcasts-0-10 took to complete: 2ms
11-07 14:58:38.252  1285  1378 V SystemServerTiming: dispatchUserSwitchComplete-10 took to complete: 3ms
11-07 14:58:38.255  1285  1329 I ActivityManager: Flag disabled. Ignoring finishAttachApplication from uid: 1001. pid: 1957
11-07 14:58:38.255  1724  1724 I CarPerUserServiceImpl: destroyed for user UserHandle{0}
11-07 14:58:38.260  1285  1491 W CameraService_proxy: Could not notify cameraserver, camera service not available.
11-07 14:58:38.260  1285  1491 I CameraService_proxy: Could not notify camera service of user switch, retrying...
11-07 14:58:38.260  1285  1379 W ActivityManager: Slow operation: 189ms so far, now at startProcess: returned from zygote!
11-07 14:58:38.260  1285  1939 D CompatibilityChangeReporter: Compat change id reported: 168419799; UID 1073; state: DISABLED
11-07 14:58:38.261  1285  1939 D CompatibilityChangeReporter: Compat change id reported: 273564678; UID 1073; state: DISABLED
11-07 14:58:38.261  1285  1891 I ActivityManager: Flag disabled. Ignoring finishAttachApplication from uid: 10081. pid: 1969
11-07 14:58:38.261  1285  1491 W CameraService_proxy: Could not notify cameraserver, camera service not available.
11-07 14:58:38.261  1285  1491 I CameraService_proxy: Could not notify camera service of user switch, retrying...
11-07 14:58:38.277     0     0 I binder  : 2006:2006 ioctl 40046210 7fd3e9dec0 returned -22
11-07 14:58:38.270  1285  1379 W ActivityManager: Slow operation: 199ms so far, now at startProcess: done updating battery stats
11-07 14:58:38.270  1285  1379 W ActivityManager: Slow operation: 199ms so far, now at startProcess: building log message
11-07 14:58:38.270  1285  1379 I ActivityManager: Start proc 2050:com.android.se/1068 for added application com.android.se
11-07 14:58:38.271  1285  1379 W ActivityManager: Slow operation: 199ms so far, now at startProcess: starting to update pids map
11-07 14:58:38.271  1285  1379 W ActivityManager: Slow operation: 200ms so far, now at startProcess: done updating pids map
11-07 14:58:38.271  1285  1379 W ActivityManager: Slow operation: 196ms so far, now at startProcess: asking zygote to start proc
11-07 14:58:38.283     0     0 I binder  : 1957:2066 ioctl 40046210 6d6aa4fa54 returned -22
11-07 14:58:38.275  1724  1854 V CarUserService: notify-listener-com.android.car.user.InternalLifecycleListener@5adc87d took to complete: 29ms
11-07 14:58:38.276  1285  1891 D CompatibilityChangeReporter: Compat change id reported: 168419799; UID 10109; state: DISABLED
11-07 14:58:38.277  1285  1891 D CompatibilityChangeReporter: Compat change id reported: 273564678; UID 10109; state: DISABLED
11-07 14:58:38.287     0     0 I binder  : 2015:2015 ioctl 40046210 7fd3e9dec0 returned -22
11-07 14:58:38.282  1724  1854 V CarUserService: notify-listener-com.android.car.user.InternalLifecycleListener@bd883c3 took to complete: 6ms
11-07 14:58:38.283  1724  1854 V CarUserService: notify-listener-com.android.car.user.InternalLifecycleListener@f27b440 took to complete: 0ms
11-07 14:58:38.285  1285  1491 W CameraService_proxy: Could not notify cameraserver, camera service not available.
11-07 14:58:38.285  1285  1491 I CameraService_proxy: Could not notify camera service of user switch, retrying...
11-07 14:58:38.286  1285  1463 D CompatibilityChangeReporter: Compat change id reported: 265195908; UID 1073; state: ENABLED
11-07 14:58:38.286  1285  1491 W CameraService_proxy: Could not notify cameraserver, camera service not available.
11-07 14:58:38.286  1285  1491 I CameraService_proxy: Could not notify camera service of user switch, retrying...
11-07 14:58:38.286  1285  1379 W ActivityManager: Slow operation: 211ms so far, now at startProcess: returned from zygote!
11-07 14:58:38.287  1724  1854 I DisplayInterface: Refreshing percent brightness(from Setting) to 82
11-07 14:58:38.287  1285  1550 D CompatibilityChangeReporter: Compat change id reported: 168419799; UID 10112; state: DISABLED
11-07 14:58:38.288  1285  1550 D CompatibilityChangeReporter: Compat change id reported: 273564678; UID 10112; state: DISABLED
11-07 14:58:38.288  1724  1854 I CAR.POWER: send display brightness = 82
11-07 14:58:38.288  1724  1854 V CarUserService: notify-listener-com.android.car.user.InternalLifecycleListener@6536f79 took to complete: 6ms
11-07 14:58:38.288  1724  1854 V CarUserService: notify-listener-com.android.car.user.InternalLifecycleListener@e1384be took to complete: 0ms
11-07 14:58:38.292  1285  1939 D CompatibilityChangeReporter: Compat change id reported: 170503758; UID 10109; state: ENABLED
11-07 14:58:38.293  1724  1854 V CarUserService: notify-listener-com.android.car.user.InternalLifecycleListener@9b5991f took to complete: 4ms
11-07 14:58:38.293  1724  1854 V CarUserService: notify-listener-com.android.car.user.InternalLifecycleListener@1128a35 took to complete: 0ms
11-07 14:58:38.293  1724  1854 V CarUserService: notify-listeners-user-10-event-2 took to complete: 47ms
11-07 14:58:38.297  1285  1463 D CompatibilityChangeReporter: Compat change id reported: 265195908; UID 10109; state: ENABLED
11-07 14:58:38.299  1285  1891 D CompatibilityChangeReporter: Compat change id reported: 168419799; UID 1000; state: DISABLED
11-07 14:58:38.299  1285  1891 D CompatibilityChangeReporter: Compat change id reported: 273564678; UID 1000; state: DISABLED
11-07 14:58:38.299  1285  1463 D CompatibilityChangeReporter: Compat change id reported: 265195908; UID 10112; state: ENABLED
11-07 14:58:38.300  1285  1329 D CompatibilityChangeReporter: Compat change id reported: 170503758; UID 10112; state: ENABLED
11-07 14:58:38.303  1285  1379 W ActivityManager: Slow operation: 228ms so far, now at startProcess: done updating battery stats
11-07 14:58:38.304  1285  1379 I Watchdog: Interesting Java process com.android.phone started. Pid 2078
11-07 14:58:38.304  1285  1379 W ActivityManager: Slow operation: 229ms so far, now at startProcess: building log message
11-07 14:58:38.304  1285  1379 I ActivityManager: Start proc 2078:com.android.phone/1001 for added application com.android.phone
11-07 14:58:38.304  1285  1379 W ActivityManager: Slow operation: 229ms so far, now at startProcess: starting to update pids map
11-07 14:58:38.305  1285  1379 W ActivityManager: Slow operation: 230ms so far, now at startProcess: done updating pids map
11-07 14:58:38.305  1285  1379 W ActivityManager: Slow operation: 225ms so far, now at startProcess: asking zygote to start proc
11-07 14:58:38.305  1285  1379 D CompatibilityChangeReporter: Compat change id reported: 143937733; UID 10124; state: ENABLED
11-07 14:58:38.305  1285  1491 W CameraService_proxy: Could not notify cameraserver, camera service not available.
11-07 14:58:38.305  1285  1491 I CameraService_proxy: Could not notify camera service of user switch, retrying...
11-07 14:58:38.315     0     0 I binder  : 2032:2032 ioctl 40046210 7fd3e9dec0 returned -22
11-07 14:58:38.308  1285  1491 W CameraService_proxy: Could not notify cameraserver, camera service not available.
11-07 14:58:38.308  1285  1491 I CameraService_proxy: Could not notify camera service of user switch, retrying...
11-07 14:58:38.317     0     0 I binder  : 2050:2050 ioctl 40046210 7fd3e9dec0 returned -22
11-07 14:58:38.311  1285  1285 I PackageWatchdog: Syncing health check requests for packages: {}
11-07 14:58:38.311  1285  1285 I ExplicitHealthCheckController: Service not ready to get health check supported packages. Binding...
11-07 14:58:38.317  1285  1379 W ActivityManager: Slow operation: 237ms so far, now at startProcess: returned from zygote!
11-07 14:58:38.341     0     0 I binder  : 2078:2078 ioctl 40046210 7fd3e9dec0 returned -22
11-07 14:58:38.318  1285  1285 D CompatibilityChangeReporter: Compat change id reported: 135634846; UID 10166; state: DISABLED
11-07 14:58:38.319  1285  1285 D CompatibilityChangeReporter: Compat change id reported: 177438394; UID 10166; state: DISABLED
11-07 14:58:38.319  1285  1285 D CompatibilityChangeReporter: Compat change id reported: 135772972; UID 10166; state: DISABLED
11-07 14:58:38.320  1285  1285 D CompatibilityChangeReporter: Compat change id reported: 135754954; UID 10166; state: ENABLED
11-07 14:58:38.321  1285  1285 I ExplicitHealthCheckController: Explicit health check service is bound
11-07 14:58:38.322  1285  1891 D CompatibilityChangeReporter: Compat change id reported: 168419799; UID 10117; state: DISABLED
11-07 14:58:38.322  1285  1891 D CompatibilityChangeReporter: Compat change id reported: 273564678; UID 10117; state: DISABLED
11-07 14:58:38.327  1285  1491 W CameraService_proxy: Could not notify cameraserver, camera service not available.
11-07 14:58:38.327  1285  1491 I CameraService_proxy: Could not notify camera service of user switch, retrying...
11-07 14:58:38.328  1285  1329 D CompatibilityChangeReporter: Compat change id reported: 168419799; UID 1068; state: DISABLED
11-07 14:58:38.329  1285  1329 D CompatibilityChangeReporter: Compat change id reported: 273564678; UID 1068; state: DISABLED
