11-07 14:58:37.606  1285  1378 V StorageManagerService: Package com.qualcomm.qti.qms.service.trustzoneaccess does not have legacy storage
11-07 14:58:37.607  1285  1378 V StorageManagerService: Package com.qti.dcf does not have legacy storage
11-07 14:58:37.607  1285  1378 V StorageManagerService: Package com.qti.qcc does not have legacy storage
11-07 14:58:37.607  1285  1378 V StorageManagerService: Package com.qualcomm.qtil.aptxui does not have legacy storage
11-07 14:58:37.607  1285  1378 V StorageManagerService: Package com.android.ondevicepersonalization.services does not have legacy storage
11-07 14:58:37.607  1285  1378 V StorageManagerService: Package com.qualcomm.qti.server.wigig.tethering.rro does not have legacy storage
11-07 14:58:37.607  1285  1378 V StorageManagerService: Package com.qualcomm.qtil.btdsda does not have legacy storage
11-07 14:58:37.607  1285  1378 V StorageManagerService: Package com.android.bluetooth does not have legacy storage
11-07 14:58:37.607  1285  1378 V StorageManagerService: Package com.qualcomm.timeservice does not have legacy storage
11-07 14:58:37.607  1285  1378 V StorageManagerService: Package com.qualcomm.atfwd does not have legacy storage
11-07 14:58:37.607  1285  1378 V StorageManagerService: Package com.android.providers.contacts does not have legacy storage
11-07 14:58:37.607  1285  1378 V StorageManagerService: Package com.android.captiveportallogin does not have legacy storage
11-07 14:58:37.608  1285  1378 V StorageManagerService: Package com.android.internal.systemui.navbar.gestural_narrow_back does not have legacy storage
11-07 14:58:37.608  1285  1378 V StorageManagerService: Package com.android.devicelockcontroller does not have legacy storage
11-07 14:58:37.608  1892  1892 W ContextImpl: Calling a method in the system process without a qualified user: android.app.ContextImpl.bindService:1988 android.content.ContextWrapper.bindService:861 android.car.Car.startCarService:2819 android.car.Car.createCar:2015 android.car.Car.createCar:1979 
11-07 14:58:37.608  1285  1378 V StorageManagerService: Package com.android.ext.adservices.api does not have legacy storage
11-07 14:58:37.608  1285  1378 V StorageManagerService: Package com.android.cellbroadcastreceiver.overlay.common does not have legacy storage
11-07 14:58:37.608  1285  1378 V StorageManagerService: Package com.qualcomm.qti.sensors.qsensortest does not have legacy storage
11-07 14:58:37.608  1285  1378 V StorageManagerService: Package com.google.android.car.adaslocation does not have legacy storage
11-07 14:58:37.609  1285  1378 V SystemServerTimingAsync: ssm.onStartUser-0_com.android.server.StorageManagerService$Lifecycle took to complete: 33ms
11-07 14:58:37.609  1285  1378 D SystemServerTimingAsync: ssm.onStartUser-0_com.android.server.usage.StorageStatsService$Lifecycle
11-07 14:58:37.609  1285  1378 V SystemServerTimingAsync: ssm.onStartUser-0_com.android.server.usage.StorageStatsService$Lifecycle took to complete: 0ms
11-07 14:58:37.609  1285  1378 D SystemServerTimingAsync: ssm.onStartUser-0_com.android.server.UiModeManagerService
11-07 14:58:37.609  1285  1378 V SystemServerTimingAsync: ssm.onStartUser-0_com.android.server.UiModeManagerService took to complete: 0ms
11-07 14:58:37.609  1285  1378 D SystemServerTimingAsync: ssm.onStartUser-0_com.android.server.locales.LocaleManagerService
11-07 14:58:37.609  1285  1378 V SystemServerTimingAsync: ssm.onStartUser-0_com.android.server.locales.LocaleManagerService took to complete: 0ms
11-07 14:58:37.609  1285  1378 D SystemServerTimingAsync: ssm.onStartUser-0_com.android.server.grammaticalinflection.GrammaticalInflectionService
11-07 14:58:37.609  1285  1378 V SystemServerTimingAsync: ssm.onStartUser-0_com.android.server.grammaticalinflection.GrammaticalInflectionService took to complete: 0ms
11-07 14:58:37.609  1285  1378 D SystemServerTimingAsync: ssm.onStartUser-0_com.android.server.apphibernation.AppHibernationService
11-07 14:58:37.609  1285  1378 V SystemServerTimingAsync: ssm.onStartUser-0_com.android.server.apphibernation.AppHibernationService took to complete: 0ms
11-07 14:58:37.609  1285  1378 D SystemServerTimingAsync: ssm.onStartUser-0_com.android.server.locksettings.LockSettingsService$Lifecycle
11-07 14:58:37.610  1285  1378 V SystemServerTimingAsync: ssm.onStartUser-0_com.android.server.locksettings.LockSettingsService$Lifecycle took to complete: 0ms
11-07 14:58:37.610  1285  1378 D SystemServerTimingAsync: ssm.onStartUser-0_com.android.server.PersistentDataBlockService
11-07 14:58:37.610  1285  1378 V SystemServerTimingAsync: ssm.onStartUser-0_com.android.server.PersistentDataBlockService took to complete: 0ms
11-07 14:58:37.610  1285  1378 D SystemServerTimingAsync: ssm.onStartUser-0_com.android.server.testharness.TestHarnessModeService
11-07 14:58:37.610  1285  1378 V SystemServerTimingAsync: ssm.onStartUser-0_com.android.server.testharness.TestHarnessModeService took to complete: 0ms
11-07 14:58:37.610  1285  1378 D SystemServerTimingAsync: ssm.onStartUser-0_com.android.server.oemlock.OemLockService
11-07 14:58:37.610  1285  1378 V SystemServerTimingAsync: ssm.onStartUser-0_com.android.server.oemlock.OemLockService took to complete: 0ms
11-07 14:58:37.610  1285  1378 D SystemServerTimingAsync: ssm.onStartUser-0_com.android.server.DeviceIdleController
11-07 14:58:37.610  1285  1378 V SystemServerTimingAsync: ssm.onStartUser-0_com.android.server.DeviceIdleController took to complete: 0ms
11-07 14:58:37.610  1285  1378 D SystemServerTimingAsync: ssm.onStartUser-0_com.android.server.devicepolicy.DevicePolicyManagerService$Lifecycle
11-07 14:58:37.611  1285  1891 D CompatibilityChangeReporter: Compat change id reported: 261072174; UID 1000; state: ENABLED
11-07 14:58:37.619  1285  1491 W CameraService_proxy: Could not notify cameraserver, camera service not available.
11-07 14:58:37.619  1285  1491 I CameraService_proxy: Could not notify camera service of user switch, retrying...
11-07 14:58:37.619  1285  1378 V SystemServerTimingAsync: ssm.onStartUser-0_com.android.server.devicepolicy.DevicePolicyManagerService$Lifecycle took to complete: 9ms
11-07 14:58:37.619  1285  1378 D SystemServerTimingAsync: ssm.onStartUser-0_com.android.server.texttospeech.TextToSpeechManagerService
11-07 14:58:37.619  1285  1378 V SystemServerTimingAsync: ssm.onStartUser-0_com.android.server.texttospeech.TextToSpeechManagerService took to complete: 0ms
11-07 14:58:37.619  1285  1378 D SystemServerTimingAsync: ssm.onStartUser-0_com.android.server.ambientcontext.AmbientContextManagerService
11-07 14:58:37.619  1285  1378 V SystemServerTimingAsync: ssm.onStartUser-0_com.android.server.ambientcontext.AmbientContextManagerService took to complete: 0ms
11-07 14:58:37.619  1285  1378 D SystemServerTimingAsync: ssm.onStartUser-0_com.android.server.wearable.WearableSensingManagerService
11-07 14:58:37.619  1285  1378 V SystemServerTimingAsync: ssm.onStartUser-0_com.android.server.wearable.WearableSensingManagerService took to complete: 0ms
11-07 14:58:37.619  1285  1378 D SystemServerTimingAsync: ssm.onStartUser-0_com.android.server.speech.SpeechRecognitionManagerService
11-07 14:58:37.619  1285  1378 V SystemServerTimingAsync: ssm.onStartUser-0_com.android.server.speech.SpeechRecognitionManagerService took to complete: 0ms
11-07 14:58:37.619  1285  1378 D SystemServerTimingAsync: ssm.onStartUser-0_com.android.server.searchui.SearchUiManagerService
11-07 14:58:37.619  1285  1378 V SystemServerTimingAsync: ssm.onStartUser-0_com.android.server.searchui.SearchUiManagerService took to complete: 0ms
11-07 14:58:37.620  1285  1378 D SystemServerTimingAsync: ssm.onStartUser-0_com.android.server.smartspace.SmartspaceManagerService
11-07 14:58:37.620  1285  1378 V SystemServerTimingAsync: ssm.onStartUser-0_com.android.server.smartspace.SmartspaceManagerService took to complete: 0ms
11-07 14:58:37.620  1285  1378 D SystemServerTimingAsync: ssm.onStartUser-0_com.android.server.graphics.fonts.FontManagerService$Lifecycle
11-07 14:58:37.620  1285  1378 V SystemServerTimingAsync: ssm.onStartUser-0_com.android.server.graphics.fonts.FontManagerService$Lifecycle took to complete: 0ms
11-07 14:58:37.620  1285  1378 D SystemServerTimingAsync: ssm.onStartUser-0_com.android.server.textservices.TextServicesManagerService$Lifecycle
11-07 14:58:37.620  1285  1378 V SystemServerTimingAsync: ssm.onStartUser-0_com.android.server.textservices.TextServicesManagerService$Lifecycle took to complete: 0ms
11-07 14:58:37.620  1285  1378 D SystemServerTimingAsync: ssm.onStartUser-0_com.android.server.NetworkScoreService$Lifecycle
11-07 14:58:37.620  1285  1378 V SystemServerTimingAsync: ssm.onStartUser-0_com.android.server.NetworkScoreService$Lifecycle took to complete: 0ms
11-07 14:58:37.620  1285  1378 D SystemServerTimingAsync: ssm.onStartUser-0_com.android.server.NetworkStatsServiceInitializer
11-07 14:58:37.620  1285  1378 V SystemServerTimingAsync: ssm.onStartUser-0_com.android.server.NetworkStatsServiceInitializer took to complete: 0ms
11-07 14:58:37.620  1285  1378 D SystemServerTimingAsync: ssm.onStartUser-0_com.android.server.wifi.WifiService
11-07 14:58:37.620  1285  1378 V SystemServerTimingAsync: ssm.onStartUser-0_com.android.server.wifi.WifiService took to complete: 0ms
11-07 14:58:37.620  1285  1378 D SystemServerTimingAsync: ssm.onStartUser-0_com.android.server.wifi.scanner.WifiScanningService
11-07 14:58:37.620  1285  1378 V SystemServerTimingAsync: ssm.onStartUser-0_com.android.server.wifi.scanner.WifiScanningService took to complete: 0ms
11-07 14:58:37.620  1285  1378 D SystemServerTimingAsync: ssm.onStartUser-0_com.android.server.wifi.rtt.RttService
11-07 14:58:37.620  1285  1378 V SystemServerTimingAsync: ssm.onStartUser-0_com.android.server.wifi.rtt.RttService took to complete: 0ms
11-07 14:58:37.620  1285  1378 D SystemServerTimingAsync: ssm.onStartUser-0_com.android.server.wifi.aware.WifiAwareService
11-07 14:58:37.620  1285  1378 V SystemServerTimingAsync: ssm.onStartUser-0_com.android.server.wifi.aware.WifiAwareService took to complete: 0ms
11-07 14:58:37.620  1285  1378 D SystemServerTimingAsync: ssm.onStartUser-0_com.android.server.wifi.p2p.WifiP2pService
11-07 14:58:37.620  1285  1378 V SystemServerTimingAsync: ssm.onStartUser-0_com.android.server.wifi.p2p.WifiP2pService took to complete: 0ms
11-07 14:58:37.620  1285  1378 D SystemServerTimingAsync: ssm.onStartUser-0_com.android.server.ConnectivityServiceInitializer
11-07 14:58:37.620  1285  1378 V SystemServerTimingAsync: ssm.onStartUser-0_com.android.server.ConnectivityServiceInitializer took to complete: 0ms
11-07 14:58:37.620  1285  1378 D SystemServerTimingAsync: ssm.onStartUser-0_com.android.server.notification.NotificationManagerService
11-07 14:58:37.620  1285  1378 V SystemServerTimingAsync: ssm.onStartUser-0_com.android.server.notification.NotificationManagerService took to complete: 0ms
11-07 14:58:37.620  1285  1378 D SystemServerTimingAsync: ssm.onStartUser-0_com.android.server.storage.DeviceStorageMonitorService
11-07 14:58:37.620  1285  1378 V SystemServerTimingAsync: ssm.onStartUser-0_com.android.server.storage.DeviceStorageMonitorService took to complete: 0ms
11-07 14:58:37.620  1285  1378 D SystemServerTimingAsync: ssm.onStartUser-0_com.android.server.timedetector.TimeDetectorService$Lifecycle
11-07 14:58:37.620  1285  1378 V SystemServerTimingAsync: ssm.onStartUser-0_com.android.server.timedetector.TimeDetectorService$Lifecycle took to complete: 0ms
11-07 14:58:37.620  1285  1378 D SystemServerTimingAsync: ssm.onStartUser-0_com.android.server.location.LocationManagerService$Lifecycle
11-07 14:58:37.620  1724  1771 I CarExperimentalFeatureServiceController: Available experimental features:[android.car.experimental.test_demo_experimental_feature_service, android.car.experimental.driver_distraction_experimental_feature_service]
11-07 14:58:37.620  1724  1771 I CarExperimentalFeatureServiceController: Started experimental features:[]
11-07 14:58:37.622  1285  1378 V SystemServerTimingAsync: ssm.onStartUser-0_com.android.server.location.LocationManagerService$Lifecycle took to complete: 2ms
11-07 14:58:37.622  1285  1378 D SystemServerTimingAsync: ssm.onStartUser-0_com.android.server.timezonedetector.TimeZoneDetectorService$Lifecycle
11-07 14:58:37.622  1285  1378 V SystemServerTimingAsync: ssm.onStartUser-0_com.android.server.timezonedetector.TimeZoneDetectorService$Lifecycle took to complete: 0ms
11-07 14:58:37.622  1285  1378 D SystemServerTimingAsync: ssm.onStartUser-0_com.android.server.location.altitude.AltitudeService$Lifecycle
11-07 14:58:37.622  1285  1378 V SystemServerTimingAsync: ssm.onStartUser-0_com.android.server.location.altitude.AltitudeService$Lifecycle took to complete: 0ms
11-07 14:58:37.622  1285  1378 D SystemServerTimingAsync: ssm.onStartUser-0_com.android.server.timezonedetector.location.LocationTimeZoneManagerService$Lifecycle
11-07 14:58:37.622  1285  1378 V SystemServerTimingAsync: ssm.onStartUser-0_com.android.server.timezonedetector.location.LocationTimeZoneManagerService$Lifecycle took to complete: 0ms
11-07 14:58:37.622  1285  1378 D SystemServerTimingAsync: ssm.onStartUser-0_com.android.server.search.SearchManagerService$Lifecycle
11-07 14:58:37.622  1285  1378 V SystemServerTimingAsync: ssm.onStartUser-0_com.android.server.search.SearchManagerService$Lifecycle took to complete: 0ms
11-07 14:58:37.622  1285  1378 D SystemServerTimingAsync: ssm.onStartUser-0_com.android.server.wallpapereffectsgeneration.WallpaperEffectsGenerationManagerService
11-07 14:58:37.622  1285  1378 V SystemServerTimingAsync: ssm.onStartUser-0_com.android.server.wallpapereffectsgeneration.WallpaperEffectsGenerationManagerService took to complete: 0ms
11-07 14:58:37.622  1285  1378 D SystemServerTimingAsync: ssm.onStartUser-0_com.android.server.audio.AudioService$Lifecycle
11-07 14:58:37.623  1285  1378 V SystemServerTimingAsync: ssm.onStartUser-0_com.android.server.audio.AudioService$Lifecycle took to complete: 0ms
11-07 14:58:37.623  1285  1378 D SystemServerTimingAsync: ssm.onStartUser-0_com.android.server.soundtrigger_middleware.SoundTriggerMiddlewareService$Lifecycle
11-07 14:58:37.623  1285  1378 V SystemServerTimingAsync: ssm.onStartUser-0_com.android.server.soundtrigger_middleware.SoundTriggerMiddlewareService$Lifecycle took to complete: 0ms
11-07 14:58:37.623  1285  1378 D SystemServerTimingAsync: ssm.onStartUser-0_com.android.server.broadcastradio.BroadcastRadioService
11-07 14:58:37.623  1285  1378 V SystemServerTimingAsync: ssm.onStartUser-0_com.android.server.broadcastradio.BroadcastRadioService took to complete: 0ms
11-07 14:58:37.623  1285  1378 D SystemServerTimingAsync: ssm.onStartUser-0_com.android.server.DockObserver
11-07 14:58:37.623  1285  1378 V SystemServerTimingAsync: ssm.onStartUser-0_com.android.server.DockObserver took to complete: 0ms
11-07 14:58:37.623  1285  1378 D SystemServerTimingAsync: ssm.onStartUser-0_com.android.server.midi.MidiService$Lifecycle
11-07 14:58:37.623  1285  1378 V SystemServerTimingAsync: ssm.onStartUser-0_com.android.server.midi.MidiService$Lifecycle took to complete: 0ms
11-07 14:58:37.623  1285  1378 D SystemServerTimingAsync: ssm.onStartUser-0_com.android.server.adb.AdbService$Lifecycle
11-07 14:58:37.623  1285  1378 V SystemServerTimingAsync: ssm.onStartUser-0_com.android.server.adb.AdbService$Lifecycle took to complete: 0ms
11-07 14:58:37.623  1285  1378 D SystemServerTimingAsync: ssm.onStartUser-0_com.android.server.usb.UsbService$Lifecycle
11-07 14:58:37.624  1285  1378 V SystemServerTimingAsync: ssm.onStartUser-0_com.android.server.usb.UsbService$Lifecycle took to complete: 0ms
11-07 14:58:37.625  1285  1378 D SystemServerTimingAsync: ssm.onStartUser-0_com.android.server.twilight.TwilightService
11-07 14:58:37.625  1285  1378 V SystemServerTimingAsync: ssm.onStartUser-0_com.android.server.twilight.TwilightService took to complete: 0ms
11-07 14:58:37.625  1285  1378 D SystemServerTimingAsync: ssm.onStartUser-0_com.android.server.display.color.ColorDisplayService
11-07 14:58:37.625  1285  1378 V SystemServerTimingAsync: ssm.onStartUser-0_com.android.server.display.color.ColorDisplayService took to complete: 0ms
11-07 14:58:37.625  1285  1378 D SystemServerTimingAsync: ssm.onStartUser-0_com.android.server.job.JobSchedulerService
11-07 14:58:37.625  1285  1378 V SystemServerTimingAsync: ssm.onStartUser-0_com.android.server.job.JobSchedulerService took to complete: 0ms
11-07 14:58:37.625  1285  1378 D SystemServerTimingAsync: ssm.onStartUser-0_com.android.server.soundtrigger.SoundTriggerService
11-07 14:58:37.625  1285  1378 V SystemServerTimingAsync: ssm.onStartUser-0_com.android.server.soundtrigger.SoundTriggerService took to complete: 0ms
11-07 14:58:37.625  1285  1378 D SystemServerTimingAsync: ssm.onStartUser-0_com.android.server.trust.TrustManagerService
11-07 14:58:37.625  1285  1378 V SystemServerTimingAsync: ssm.onStartUser-0_com.android.server.trust.TrustManagerService took to complete: 0ms
11-07 14:58:37.625  1285  1378 D SystemServerTimingAsync: ssm.onStartUser-0_com.android.server.appwidget.AppWidgetService
11-07 14:58:37.625  1285  1378 V SystemServerTimingAsync: ssm.onStartUser-0_com.android.server.appwidget.AppWidgetService took to complete: 0ms
11-07 14:58:37.625  1285  1378 I SystemServiceManager: Skipping StartUser-0 on com.android.server.voiceinteraction.VoiceInteractionManagerService
11-07 14:58:37.625  1285  1378 D SystemServerTimingAsync: ssm.onStartUser-0_com.android.server.GestureLauncherService
11-07 14:58:37.625  1285  1378 V SystemServerTimingAsync: ssm.onStartUser-0_com.android.server.GestureLauncherService took to complete: 0ms
11-07 14:58:37.625  1285  1378 D SystemServerTimingAsync: ssm.onStartUser-0_com.android.server.SensorNotificationService
11-07 14:58:37.625  1285  1378 V SystemServerTimingAsync: ssm.onStartUser-0_com.android.server.SensorNotificationService took to complete: 0ms
11-07 14:58:37.625  1285  1378 D SystemServerTimingAsync: ssm.onStartUser-0_com.android.server.emergency.EmergencyAffordanceService
11-07 14:58:37.625  1285  1378 V SystemServerTimingAsync: ssm.onStartUser-0_com.android.server.emergency.EmergencyAffordanceService took to complete: 0ms
11-07 14:58:37.625  1285  1378 D SystemServerTimingAsync: ssm.onStartUser-0_com.android.server.blob.BlobStoreManagerService
11-07 14:58:37.625  1285  1378 V SystemServerTimingAsync: ssm.onStartUser-0_com.android.server.blob.BlobStoreManagerService took to complete: 0ms
11-07 14:58:37.625  1285  1378 D SystemServerTimingAsync: ssm.onStartUser-0_com.android.server.dreams.DreamManagerService
11-07 14:58:37.625  1285  1378 V SystemServerTimingAsync: ssm.onStartUser-0_com.android.server.dreams.DreamManagerService took to complete: 0ms
11-07 14:58:37.625  1285  1378 D SystemServerTimingAsync: ssm.onStartUser-0_com.android.server.security.AttestationVerificationManagerService
11-07 14:58:37.625  1285  1378 V SystemServerTimingAsync: ssm.onStartUser-0_com.android.server.security.AttestationVerificationManagerService took to complete: 0ms
11-07 14:58:37.625  1285  1378 D SystemServerTimingAsync: ssm.onStartUser-0_com.android.server.companion.CompanionDeviceManagerService
11-07 14:58:37.625  1285  1378 V SystemServerTimingAsync: ssm.onStartUser-0_com.android.server.companion.CompanionDeviceManagerService took to complete: 0ms
11-07 14:58:37.625  1285  1378 D SystemServerTimingAsync: ssm.onStartUser-0_com.android.server.companion.virtual.VirtualDeviceManagerService
11-07 14:58:37.625  1285  1378 V SystemServerTimingAsync: ssm.onStartUser-0_com.android.server.companion.virtual.VirtualDeviceManagerService took to complete: 0ms
11-07 14:58:37.625  1285  1378 D SystemServerTimingAsync: ssm.onStartUser-0_com.android.server.restrictions.RestrictionsManagerService
11-07 14:58:37.625  1285  1378 V SystemServerTimingAsync: ssm.onStartUser-0_com.android.server.restrictions.RestrictionsManagerService took to complete: 0ms
11-07 14:58:37.625  1285  1378 D SystemServerTimingAsync: ssm.onStartUser-0_com.android.server.media.MediaSessionService
11-07 14:58:37.627  1285  1378 V SystemServerTimingAsync: ssm.onStartUser-0_com.android.server.media.MediaSessionService took to complete: 2ms
11-07 14:58:37.627  1285  1378 D SystemServerTimingAsync: ssm.onStartUser-0_com.android.server.biometrics.BiometricService
11-07 14:58:37.627  1285  1378 V SystemServerTimingAsync: ssm.onStartUser-0_com.android.server.biometrics.BiometricService took to complete: 0ms
11-07 14:58:37.627  1285  1378 D SystemServerTimingAsync: ssm.onStartUser-0_com.android.server.biometrics.AuthService
11-07 14:58:37.627  1285  1378 V SystemServerTimingAsync: ssm.onStartUser-0_com.android.server.biometrics.AuthService took to complete: 0ms
11-07 14:58:37.627  1285  1378 D SystemServerTimingAsync: ssm.onStartUser-0_com.android.server.pm.ShortcutService$Lifecycle
11-07 14:58:37.627  1285  1378 V SystemServerTimingAsync: ssm.onStartUser-0_com.android.server.pm.ShortcutService$Lifecycle took to complete: 0ms
11-07 14:58:37.627  1285  1378 D SystemServerTimingAsync: ssm.onStartUser-0_com.android.server.pm.LauncherAppsService
11-07 14:58:37.627  1285  1378 V SystemServerTimingAsync: ssm.onStartUser-0_com.android.server.pm.LauncherAppsService took to complete: 0ms
11-07 14:58:37.627  1285  1378 D SystemServerTimingAsync: ssm.onStartUser-0_com.android.server.pm.CrossProfileAppsService
11-07 14:58:37.627  1285  1378 V SystemServerTimingAsync: ssm.onStartUser-0_com.android.server.pm.CrossProfileAppsService took to complete: 0ms
11-07 14:58:37.627  1285  1378 D SystemServerTimingAsync: ssm.onStartUser-0_com.android.server.people.PeopleService
11-07 14:58:37.627  1285  1378 V SystemServerTimingAsync: ssm.onStartUser-0_com.android.server.people.PeopleService took to complete: 0ms
11-07 14:58:37.628  1285  1378 D SystemServerTimingAsync: ssm.onStartUser-0_com.android.server.media.metrics.MediaMetricsManagerService
11-07 14:58:37.628  1285  1378 V SystemServerTimingAsync: ssm.onStartUser-0_com.android.server.media.metrics.MediaMetricsManagerService took to complete: 0ms
11-07 14:58:37.628  1285  1378 D SystemServerTimingAsync: ssm.onStartUser-0_com.android.server.pm.BackgroundInstallControlService
11-07 14:58:37.628  1285  1378 V SystemServerTimingAsync: ssm.onStartUser-0_com.android.server.pm.BackgroundInstallControlService took to complete: 0ms
11-07 14:58:37.628  1285  1378 D SystemServerTimingAsync: ssm.onStartUser-0_com.android.server.media.projection.MediaProjectionManagerService
11-07 14:58:37.628  1285  1378 V SystemServerTimingAsync: ssm.onStartUser-0_com.android.server.media.projection.MediaProjectionManagerService took to complete: 0ms
11-07 14:58:37.628  1285  1378 D SystemServerTimingAsync: ssm.onStartUser-0_com.android.server.slice.SliceManagerService$Lifecycle
11-07 14:58:37.628  1285  1378 V SystemServerTimingAsync: ssm.onStartUser-0_com.android.server.slice.SliceManagerService$Lifecycle took to complete: 0ms
11-07 14:58:37.628  1285  1378 D SystemServerTimingAsync: ssm.onStartUser-0_com.android.server.stats.StatsCompanion$Lifecycle
11-07 14:58:37.628  1285  1378 V SystemServerTimingAsync: ssm.onStartUser-0_com.android.server.stats.StatsCompanion$Lifecycle took to complete: 0ms
11-07 14:58:37.628  1285  1378 D SystemServerTimingAsync: ssm.onStartUser-0_com.android.server.scheduling.RebootReadinessManagerService$Lifecycle
11-07 14:58:37.628  1285  1378 V SystemServerTimingAsync: ssm.onStartUser-0_com.android.server.scheduling.RebootReadinessManagerService$Lifecycle took to complete: 0ms
11-07 14:58:37.628  1285  1378 D SystemServerTimingAsync: ssm.onStartUser-0_com.android.server.stats.pull.StatsPullAtomService
11-07 14:58:37.628  1285  1378 V SystemServerTimingAsync: ssm.onStartUser-0_com.android.server.stats.pull.StatsPullAtomService took to complete: 0ms
11-07 14:58:37.628  1285  1378 D SystemServerTimingAsync: ssm.onStartUser-0_com.android.server.stats.bootstrap.StatsBootstrapAtomService$Lifecycle
11-07 14:58:37.628  1285  1378 V SystemServerTimingAsync: ssm.onStartUser-0_com.android.server.stats.bootstrap.StatsBootstrapAtomService$Lifecycle took to complete: 0ms
11-07 14:58:37.628  1285  1378 D SystemServerTimingAsync: ssm.onStartUser-0_com.android.server.incident.IncidentCompanionService
11-07 14:58:37.628  1285  1378 V SystemServerTimingAsync: ssm.onStartUser-0_com.android.server.incident.IncidentCompanionService took to complete: 0ms
11-07 14:58:37.628  1285  1378 D SystemServerTimingAsync: ssm.onStartUser-0_com.android.server.sdksandbox.SdkSandboxManagerService$Lifecycle
11-07 14:58:37.628  1285  1378 V SystemServerTimingAsync: ssm.onStartUser-0_com.android.server.sdksandbox.SdkSandboxManagerService$Lifecycle took to complete: 0ms
11-07 14:58:37.628  1285  1378 D SystemServerTimingAsync: ssm.onStartUser-0_com.android.server.adservices.AdServicesManagerService$Lifecycle
11-07 14:58:37.628  1285  1378 V SystemServerTimingAsync: ssm.onStartUser-0_com.android.server.adservices.AdServicesManagerService$Lifecycle took to complete: 0ms
11-07 14:58:37.628  1285  1378 D SystemServerTimingAsync: ssm.onStartUser-0_com.android.server.ondevicepersonalization.OnDevicePersonalizationSystemService$Lifecycle
11-07 14:58:37.628  1285  1378 V SystemServerTimingAsync: ssm.onStartUser-0_com.android.server.ondevicepersonalization.OnDevicePersonalizationSystemService$Lifecycle took to complete: 0ms
11-07 14:58:37.628  1285  1378 D SystemServerTimingAsync: ssm.onStartUser-0_com.android.server.MmsServiceBroker
11-07 14:58:37.628  1285  1378 V SystemServerTimingAsync: ssm.onStartUser-0_com.android.server.MmsServiceBroker took to complete: 0ms
11-07 14:58:37.628  1285  1378 D SystemServerTimingAsync: ssm.onStartUser-0_com.android.server.selectiontoolbar.SelectionToolbarManagerService
11-07 14:58:37.628  1285  1378 V SystemServerTimingAsync: ssm.onStartUser-0_com.android.server.selectiontoolbar.SelectionToolbarManagerService took to complete: 0ms
11-07 14:58:37.628  1285  1378 D SystemServerTimingAsync: ssm.onStartUser-0_com.android.server.clipboard.ClipboardService
11-07 14:58:37.628  1285  1378 V SystemServerTimingAsync: ssm.onStartUser-0_com.android.server.clipboard.ClipboardService took to complete: 0ms
11-07 14:58:37.628  1285  1378 D SystemServerTimingAsync: ssm.onStartUser-0_com.android.server.appbinding.AppBindingService$Lifecycle
11-07 14:58:37.630  1285  1378 V SystemServerTimingAsync: ssm.onStartUser-0_com.android.server.appbinding.AppBindingService$Lifecycle took to complete: 2ms
11-07 14:58:37.630  1285  1378 D SystemServerTimingAsync: ssm.onStartUser-0_com.android.server.tracing.TracingServiceProxy
11-07 14:58:37.630  1285  1378 V SystemServerTimingAsync: ssm.onStartUser-0_com.android.server.tracing.TracingServiceProxy took to complete: 0ms
11-07 14:58:37.630  1285  1378 D SystemServerTimingAsync: ssm.onStartUser-0_com.android.server.policy.PermissionPolicyService
11-07 14:58:37.630  1285  1378 V SystemServerTimingAsync: ssm.onStartUser-0_com.android.server.policy.PermissionPolicyService took to complete: 0ms
11-07 14:58:37.630  1285  1378 D SystemServerTimingAsync: ssm.onStartUser-0_com.android.server.pm.StagingManager$Lifecycle
11-07 14:58:37.630  1285  1378 V SystemServerTimingAsync: ssm.onStartUser-0_com.android.server.pm.StagingManager$Lifecycle took to complete: 0ms
11-07 14:58:37.630  1285  1378 D SystemServerTimingAsync: ssm.onStartUser-0_com.android.server.app.GameManagerService$Lifecycle
11-07 14:58:37.630  1285  1378 D GameManagerService: Starting user 0
11-07 14:58:37.632  1285  1378 V SystemServerTimingAsync: ssm.onStartUser-0_com.android.server.app.GameManagerService$Lifecycle took to complete: 2ms
11-07 14:58:37.632  1285  1378 D SystemServerTimingAsync: ssm.onStartUser-0_com.android.safetycenter.SafetyCenterService
11-07 14:58:37.632  1285  1378 V SystemServerTimingAsync: ssm.onStartUser-0_com.android.safetycenter.SafetyCenterService took to complete: 0ms
11-07 14:58:37.632  1285  1378 D SystemServerTimingAsync: ssm.onStartUser-0_com.android.server.appsearch.AppSearchModule$Lifecycle
11-07 14:58:37.632  1285  1378 V SystemServerTimingAsync: ssm.onStartUser-0_com.android.server.appsearch.AppSearchModule$Lifecycle took to complete: 0ms
11-07 14:58:37.632  1285  1378 D SystemServerTimingAsync: ssm.onStartUser-0_com.android.server.media.MediaCommunicationService
11-07 14:58:37.633  1285  1378 V SystemServerTimingAsync: ssm.onStartUser-0_com.android.server.media.MediaCommunicationService took to complete: 0ms
11-07 14:58:37.633  1285  1378 D SystemServerTimingAsync: ssm.onStartUser-0_com.android.server.compat.overrides.AppCompatOverridesService$Lifecycle
11-07 14:58:37.633  1285  1378 V SystemServerTimingAsync: ssm.onStartUser-0_com.android.server.compat.overrides.AppCompatOverridesService$Lifecycle took to complete: 0ms
11-07 14:58:37.633  1285  1378 D SystemServerTimingAsync: ssm.onStartUser-0_com.android.server.healthconnect.HealthConnectManagerService
11-07 14:58:37.633  1285  1378 V SystemServerTimingAsync: ssm.onStartUser-0_com.android.server.healthconnect.HealthConnectManagerService took to complete: 0ms
11-07 14:58:37.633  1285  1378 D SystemServerTimingAsync: ssm.onStartUser-0_com.android.server.devicelock.DeviceLockService
11-07 14:58:37.633  1285  1378 V SystemServerTimingAsync: ssm.onStartUser-0_com.android.server.devicelock.DeviceLockService took to complete: 0ms
11-07 14:58:37.633  1285  1378 D SystemServerTimingAsync: ssm.onStartUser-0_com.android.internal.car.CarServiceHelperService
11-07 14:58:37.633  1285  1378 D CarServiceHelper: onUserStarting(0)
11-07 14:58:37.633  1285  1378 V SystemServerTimingAsync: ssm.onStartUser-0_com.android.internal.car.CarServiceHelperService took to complete: 0ms
11-07 14:58:37.633  1285  1378 V SystemServerTimingAsync: ssm.StartUser-0 took to complete: 158ms
11-07 14:58:37.634  1724  1771 D ICarImpl: onUserLifecycleEvent(STARTING, 0)
11-07 14:58:37.636  1285  1370 I DropBoxManagerService: add tag=system_server_strictmode isTagEnabled=true flags=0x2
11-07 14:58:37.636  1724  1854 V CarUserService: notify-listener-com.android.car.user.InternalLifecycleListener@1128a35 took to complete: 1ms
11-07 14:58:37.636  1724  1854 V CarUserService: notify-listeners-user-0-event-1 took to complete: 1ms
11-07 14:58:37.637  1285  1370 I DropBoxManagerService: add tag=system_server_strictmode isTagEnabled=true flags=0x2
11-07 14:58:37.638  1285  1370 I DropBoxManagerService: add tag=system_server_strictmode isTagEnabled=true flags=0x2
11-07 14:58:37.638  1285  1370 I DropBoxManagerService: add tag=system_server_strictmode isTagEnabled=true flags=0x2
11-07 14:58:37.639  1285  1370 I DropBoxManagerService: add tag=system_server_strictmode isTagEnabled=true flags=0x2
11-07 14:58:37.640  1285  1285 V UserDataPreparer: Found /data/user_de/10 with serial number 10
11-07 14:58:37.640  1285  1491 W CameraService_proxy: Could not notify cameraserver, camera service not available.
11-07 14:58:37.640  1285  1491 I CameraService_proxy: Could not notify camera service of user switch, retrying...
11-07 14:58:37.640  1285  1285 V UserDataPreparer: Found /data/system_de/10 with serial number 10
11-07 14:58:37.642  1285  1285 V SystemServerTiming: prepareUserData took to complete: 139ms
11-07 14:58:37.642  1285  1285 D SystemServerTiming: reconcileAppsData
11-07 14:58:37.642  1285  1285 V PackageManager: reconcileAppsData for null u10 0x1 migrateAppData=false
11-07 14:58:37.646  1285  1285 W PackageManager: Skipping preparing app data for com.android.sdksandbox
11-07 14:58:37.661  1285  1491 W CameraService_proxy: Could not notify cameraserver, camera service not available.
11-07 14:58:37.661  1285  1491 I CameraService_proxy: Could not notify camera service of user switch, retrying...
11-07 14:58:37.682  1285  1491 W CameraService_proxy: Could not notify cameraserver, camera service not available.
11-07 14:58:37.682  1285  1491 I CameraService_proxy: Could not notify camera service of user switch, retrying...
11-07 14:58:37.697  1724  1884 V CAR.TELEMETRY: ConnectivityPublisher.pullInitialNetstats took to complete: 180ms
11-07 14:58:37.703  1285  1491 W CameraService_proxy: Could not notify cameraserver, camera service not available.
11-07 14:58:37.703  1285  1491 I CameraService_proxy: Could not notify camera service of user switch, retrying...
11-07 14:58:37.724  1285  1491 W CameraService_proxy: Could not notify cameraserver, camera service not available.
11-07 14:58:37.724  1285  1491 I CameraService_proxy: Could not notify camera service of user switch, retrying...
11-07 14:58:37.744  1285  1491 W CameraService_proxy: Could not notify cameraserver, camera service not available.
11-07 14:58:37.744  1285  1491 I CameraService_proxy: Could not notify camera service of user switch, retrying...
11-07 14:58:37.765  1285  1491 W CameraService_proxy: Could not notify cameraserver, camera service not available.
11-07 14:58:37.765  1285  1491 I CameraService_proxy: Could not notify camera service of user switch, retrying...
11-07 14:58:37.785  1285  1491 W CameraService_proxy: Could not notify cameraserver, camera service not available.
11-07 14:58:37.785  1285  1491 I CameraService_proxy: Could not notify camera service of user switch, retrying...
11-07 14:58:37.806  1285  1491 W CameraService_proxy: Could not notify cameraserver, camera service not available.
11-07 14:58:37.806  1285  1491 I CameraService_proxy: Could not notify camera service of user switch, retrying...
11-07 14:58:37.826  1285  1491 W CameraService_proxy: Could not notify cameraserver, camera service not available.
11-07 14:58:37.826  1285  1491 I CameraService_proxy: Could not notify camera service of user switch, retrying...
11-07 14:58:37.847  1285  1491 W CameraService_proxy: Could not notify cameraserver, camera service not available.
11-07 14:58:37.847  1285  1491 I CameraService_proxy: Could not notify camera service of user switch, retrying...
11-07 14:58:37.868  1285  1491 W CameraService_proxy: Could not notify cameraserver, camera service not available.
11-07 14:58:37.868  1285  1491 I CameraService_proxy: Could not notify camera service of user switch, retrying...
11-07 14:58:37.888  1285  1491 W CameraService_proxy: Could not notify cameraserver, camera service not available.
11-07 14:58:37.889  1285  1491 I CameraService_proxy: Could not notify camera service of user switch, retrying...
11-07 14:58:37.909  1285  1491 W CameraService_proxy: Could not notify cameraserver, camera service not available.
11-07 14:58:37.909  1285  1491 I CameraService_proxy: Could not notify camera service of user switch, retrying...
11-07 14:58:37.930  1285  1491 W CameraService_proxy: Could not notify cameraserver, camera service not available.
11-07 14:58:37.930  1285  1491 I CameraService_proxy: Could not notify camera service of user switch, retrying...
11-07 14:58:37.943  1285  1285 V PackageManager: reconcileAppsData finished 210 packages
11-07 14:58:37.943  1285  1285 V SystemServerTiming: reconcileAppsData took to complete: 301ms
11-07 14:58:37.943  1285  1285 D SystemServerTiming: applyUserRestrictions
11-07 14:58:37.943  1285  1285 V SystemServerTiming: applyUserRestrictions took to complete: 0ms
11-07 14:58:37.943  1285  1285 V SystemServerTiming: onBeforeStartUser-10 took to complete: 440ms
11-07 14:58:37.943  1285  1285 V SystemServerTiming: updateStateBooting took to complete: 440ms
11-07 14:58:37.943  1285  1285 D SystemServerTiming: sendMessages
11-07 14:58:37.944  1285  1378 D SystemServerTimingAsync: ssm.StartUser-10
11-07 14:58:37.944  1285  1285 V SystemServerTiming: sendMessages took to complete: 1ms
11-07 14:58:37.944  1285  1378 I SystemServiceManager: Calling onStartUser 10
11-07 14:58:37.944  1285  1285 D SystemServerTiming: moveUserToForeground
11-07 14:58:37.944  1285  1378 D SystemServerTimingAsync: ssm.onStartUser-10_com.android.server.security.FileIntegrityService
11-07 14:58:37.944  1285  1378 V SystemServerTimingAsync: ssm.onStartUser-10_com.android.server.security.FileIntegrityService took to complete: 0ms
11-07 14:58:37.944  1285  1378 D SystemServerTimingAsync: ssm.onStartUser-10_com.android.server.pm.Installer
11-07 14:58:37.944  1285  1378 V SystemServerTimingAsync: ssm.onStartUser-10_com.android.server.pm.Installer took to complete: 0ms
11-07 14:58:37.944  1285  1378 D SystemServerTimingAsync: ssm.onStartUser-10_com.android.server.os.DeviceIdentifiersPolicyService
11-07 14:58:37.944  1285  1378 V SystemServerTimingAsync: ssm.onStartUser-10_com.android.server.os.DeviceIdentifiersPolicyService took to complete: 0ms
11-07 14:58:37.944  1285  1378 D SystemServerTimingAsync: ssm.onStartUser-10_com.android.server.uri.UriGrantsManagerService$Lifecycle
11-07 14:58:37.944  1285  1378 V SystemServerTimingAsync: ssm.onStartUser-10_com.android.server.uri.UriGrantsManagerService$Lifecycle took to complete: 0ms
11-07 14:58:37.944  1285  1378 D SystemServerTimingAsync: ssm.onStartUser-10_com.android.server.powerstats.PowerStatsService
11-07 14:58:37.944  1285  1378 V SystemServerTimingAsync: ssm.onStartUser-10_com.android.server.powerstats.PowerStatsService took to complete: 0ms
11-07 14:58:37.944  1285  1378 D SystemServerTimingAsync: ssm.onStartUser-10_com.android.server.permission.access.AccessCheckingService
11-07 14:58:37.944  1285  1378 V SystemServerTimingAsync: ssm.onStartUser-10_com.android.server.permission.access.AccessCheckingService took to complete: 0ms
11-07 14:58:37.944  1285  1378 D SystemServerTimingAsync: ssm.onStartUser-10_com.android.server.wm.ActivityTaskManagerService$Lifecycle
11-07 14:58:37.944  1285  1378 V SystemServerTimingAsync: ssm.onStartUser-10_com.android.server.wm.ActivityTaskManagerService$Lifecycle took to complete: 0ms
11-07 14:58:37.944  1285  1378 D SystemServerTimingAsync: ssm.onStartUser-10_com.android.server.am.ActivityManagerService$Lifecycle
11-07 14:58:37.944  1285  1378 V SystemServerTimingAsync: ssm.onStartUser-10_com.android.server.am.ActivityManagerService$Lifecycle took to complete: 0ms
11-07 14:58:37.944  1285  1378 D SystemServerTimingAsync: ssm.onStartUser-10_com.android.server.pm.DataLoaderManagerService
11-07 14:58:37.944  1285  1378 V SystemServerTimingAsync: ssm.onStartUser-10_com.android.server.pm.DataLoaderManagerService took to complete: 0ms
11-07 14:58:37.944  1285  1378 D SystemServerTimingAsync: ssm.onStartUser-10_com.android.server.power.PowerManagerService
11-07 14:58:37.944  1285  1378 V SystemServerTimingAsync: ssm.onStartUser-10_com.android.server.power.PowerManagerService took to complete: 0ms
11-07 14:58:37.944  1285  1378 D SystemServerTimingAsync: ssm.onStartUser-10_com.android.server.power.ThermalManagerService
11-07 14:58:37.944  1285  1378 V SystemServerTimingAsync: ssm.onStartUser-10_com.android.server.power.ThermalManagerService took to complete: 0ms
11-07 14:58:37.944  1285  1378 D SystemServerTimingAsync: ssm.onStartUser-10_com.android.server.power.hint.HintManagerService
11-07 14:58:37.944  1285  1378 V SystemServerTimingAsync: ssm.onStartUser-10_com.android.server.power.hint.HintManagerService took to complete: 0ms
11-07 14:58:37.944  1285  1378 D SystemServerTimingAsync: ssm.onStartUser-10_com.android.server.recoverysystem.RecoverySystemService$Lifecycle
11-07 14:58:37.944  1285  1378 V SystemServerTimingAsync: ssm.onStartUser-10_com.android.server.recoverysystem.RecoverySystemService$Lifecycle took to complete: 0ms
11-07 14:58:37.944  1285  1378 D SystemServerTimingAsync: ssm.onStartUser-10_com.android.server.lights.LightsService
11-07 14:58:37.944  1285  1378 V SystemServerTimingAsync: ssm.onStartUser-10_com.android.server.lights.LightsService took to complete: 0ms
11-07 14:58:37.944  1285  1378 D SystemServerTimingAsync: ssm.onStartUser-10_com.android.server.display.DisplayManagerService
11-07 14:58:37.944  1285  1378 V SystemServerTimingAsync: ssm.onStartUser-10_com.android.server.display.DisplayManagerService took to complete: 0ms
11-07 14:58:37.944  1285  1378 D SystemServerTimingAsync: ssm.onStartUser-10_com.android.server.pm.verify.domain.DomainVerificationService
11-07 14:58:37.944  1285  1378 V SystemServerTimingAsync: ssm.onStartUser-10_com.android.server.pm.verify.domain.DomainVerificationService took to complete: 0ms
11-07 14:58:37.944  1285  1378 D SystemServerTimingAsync: ssm.onStartUser-10_com.android.server.pm.PackageInstallerService$Lifecycle
11-07 14:58:37.944  1285  1378 V SystemServerTimingAsync: ssm.onStartUser-10_com.android.server.pm.PackageInstallerService$Lifecycle took to complete: 0ms
11-07 14:58:37.944  1285  1378 D SystemServerTimingAsync: ssm.onStartUser-10_com.android.server.pm.UserManagerService$LifeCycle
11-07 14:58:37.944  1285  1378 V SystemServerTimingAsync: ssm.onStartUser-10_com.android.server.pm.UserManagerService$LifeCycle took to complete: 0ms
11-07 14:58:37.944  1285  1378 D SystemServerTimingAsync: ssm.onStartUser-10_com.android.server.om.OverlayManagerService
11-07 14:58:37.950  1285  1491 W CameraService_proxy: Could not notify cameraserver, camera service not available.
11-07 14:58:37.950  1285  1491 I CameraService_proxy: Could not notify camera service of user switch, retrying...
11-07 14:58:37.951  1285  1285 D CompatibilityChangeReporter: Compat change id reported: 265464455; UID 1001000; state: DISABLED
11-07 14:58:37.952  1285  1285 D CompatibilityChangeReporter: Compat change id reported: 265452344; UID 1001000; state: DISABLED
11-07 14:58:37.952  1285  1285 D CompatibilityChangeReporter: Compat change id reported: 266124927; UID 1001000; state: DISABLED
11-07 14:58:37.952  1285  1285 D CompatibilityChangeReporter: Compat change id reported: 265451093; UID 1001000; state: DISABLED
11-07 14:58:37.952  1285  1285 D CompatibilityChangeReporter: Compat change id reported: 265456536; UID 1001000; state: DISABLED
11-07 14:58:37.953  1285  1285 D CompatibilityChangeReporter: Compat change id reported: 255940284; UID 1001000; state: DISABLED
11-07 14:58:37.953  1285  1285 D CompatibilityChangeReporter: Compat change id reported: 236283604; UID 1001000; state: DISABLED
11-07 14:58:37.953  1285  1285 D CompatibilityChangeReporter: Compat change id reported: 263959004; UID 1001000; state: DISABLED
11-07 14:58:37.953  1285  1285 D CompatibilityChangeReporter: Compat change id reported: 264304459; UID 1001000; state: DISABLED
11-07 14:58:37.953  1285  1285 D CompatibilityChangeReporter: Compat change id reported: 264301586; UID 1001000; state: DISABLED
11-07 14:58:37.954  1285  1285 D CompatibilityChangeReporter: Compat change id reported: 254631730; UID 1001000; state: DISABLED
11-07 14:58:37.954  1285  1285 D CompatibilityChangeReporter: Compat change id reported: 273509367; UID 1001000; state: DISABLED
11-07 14:58:37.954  1285  1285 D CompatibilityChangeReporter: Compat change id reported: 263259275; UID 1001000; state: DISABLED
11-07 14:58:37.954  1285  1285 D CompatibilityChangeReporter: Compat change id reported: 174042980; UID 1001000; state: DISABLED
11-07 14:58:37.954  1285  1285 D CompatibilityChangeReporter: Compat change id reported: 174042936; UID 1001000; state: DISABLED
11-07 14:58:37.954  1285  1285 D CompatibilityChangeReporter: Compat change id reported: 181136395; UID 1001000; state: DISABLED
11-07 14:58:37.971  1285  1491 W CameraService_proxy: Could not notify cameraserver, camera service not available.
11-07 14:58:37.971  1285  1491 I CameraService_proxy: Could not notify camera service of user switch, retrying...
11-07 14:58:37.991  1285  1491 W CameraService_proxy: Could not notify cameraserver, camera service not available.
11-07 14:58:37.991  1285  1491 I CameraService_proxy: Could not notify camera service of user switch, retrying...
11-07 14:58:37.993  1285  1378 V SystemServerTimingAsync: ssm.onStartUser-10_com.android.server.om.OverlayManagerService took to complete: 49ms
11-07 14:58:37.993  1285  1378 D SystemServerTimingAsync: ssm.onStartUser-10_com.android.server.resources.ResourcesManagerService
11-07 14:58:37.993  1285  1378 V SystemServerTimingAsync: ssm.onStartUser-10_com.android.server.resources.ResourcesManagerService took to complete: 0ms
11-07 14:58:37.993  1285  1378 D SystemServerTimingAsync: ssm.onStartUser-10_com.android.server.sensorprivacy.SensorPrivacyService
11-07 14:58:37.993  1285  1378 V SystemServerTimingAsync: ssm.onStartUser-10_com.android.server.sensorprivacy.SensorPrivacyService took to complete: 0ms
11-07 14:58:37.993  1285  1378 D SystemServerTimingAsync: ssm.onStartUser-10_com.android.server.sensors.SensorService
11-07 14:58:37.993  1285  1378 V SystemServerTimingAsync: ssm.onStartUser-10_com.android.server.sensors.SensorService took to complete: 0ms
11-07 14:58:37.993  1285  1378 D SystemServerTimingAsync: ssm.onStartUser-10_com.android.server.SystemConfigService
11-07 14:58:37.993  1285  1378 V SystemServerTimingAsync: ssm.onStartUser-10_com.android.server.SystemConfigService took to complete: 0ms
11-07 14:58:37.993  1285  1378 D SystemServerTimingAsync: ssm.onStartUser-10_com.android.server.BatteryService
11-07 14:58:37.993  1285  1378 V SystemServerTimingAsync: ssm.onStartUser-10_com.android.server.BatteryService took to complete: 0ms
11-07 14:58:37.993  1285  1378 D SystemServerTimingAsync: ssm.onStartUser-10_com.android.server.usage.UsageStatsService
11-07 14:58:37.993  1285  1378 V SystemServerTimingAsync: ssm.onStartUser-10_com.android.server.usage.UsageStatsService took to complete: 0ms
11-07 14:58:37.993  1285  1378 D SystemServerTimingAsync: ssm.onStartUser-10_com.android.server.webkit.WebViewUpdateService
11-07 14:58:37.993  1285  1378 V SystemServerTimingAsync: ssm.onStartUser-10_com.android.server.webkit.WebViewUpdateService took to complete: 0ms
11-07 14:58:37.993  1285  1378 D SystemServerTimingAsync: ssm.onStartUser-10_com.android.server.CachedDeviceStateService
11-07 14:58:37.993  1285  1378 V SystemServerTimingAsync: ssm.onStartUser-10_com.android.server.CachedDeviceStateService took to complete: 0ms
11-07 14:58:37.993  1285  1378 D SystemServerTimingAsync: ssm.onStartUser-10_com.android.server.BinderCallsStatsService$LifeCycle
11-07 14:58:37.993  1285  1378 V SystemServerTimingAsync: ssm.onStartUser-10_com.android.server.BinderCallsStatsService$LifeCycle took to complete: 0ms
11-07 14:58:37.993  1285  1378 D SystemServerTimingAsync: ssm.onStartUser-10_com.android.server.LooperStatsService$Lifecycle
11-07 14:58:37.993  1285  1378 V SystemServerTimingAsync: ssm.onStartUser-10_com.android.server.LooperStatsService$Lifecycle took to complete: 0ms
11-07 14:58:37.993  1285  1378 D SystemServerTimingAsync: ssm.onStartUser-10_com.android.server.rollback.RollbackManagerService
11-07 14:58:37.994  1285  1378 V SystemServerTimingAsync: ssm.onStartUser-10_com.android.server.rollback.RollbackManagerService took to complete: 0ms
11-07 14:58:37.994  1285  1378 D SystemServerTimingAsync: ssm.onStartUser-10_com.android.server.os.NativeTombstoneManagerService
11-07 14:58:37.994  1285  1378 V SystemServerTimingAsync: ssm.onStartUser-10_com.android.server.os.NativeTombstoneManagerService took to complete: 0ms
11-07 14:58:37.994  1285  1378 D SystemServerTimingAsync: ssm.onStartUser-10_com.android.server.os.BugreportManagerService
11-07 14:58:37.994  1285  1378 V SystemServerTimingAsync: ssm.onStartUser-10_com.android.server.os.BugreportManagerService took to complete: 0ms
11-07 14:58:37.994  1285  1378 D SystemServerTimingAsync: ssm.onStartUser-10_com.android.server.gpu.GpuService
11-07 14:58:37.994  1285  1378 V SystemServerTimingAsync: ssm.onStartUser-10_com.android.server.gpu.GpuService took to complete: 0ms
11-07 14:58:37.994  1285  1378 D SystemServerTimingAsync: ssm.onStartUser-10_com.android.server.security.rkp.RemoteProvisioningService
11-07 14:58:37.994  1285  1378 V SystemServerTimingAsync: ssm.onStartUser-10_com.android.server.security.rkp.RemoteProvisioningService took to complete: 0ms
11-07 14:58:37.994  1285  1378 D SystemServerTimingAsync: ssm.onStartUser-10_com.android.server.cpu.CpuMonitorService
11-07 14:58:37.994  1285  1378 V SystemServerTimingAsync: ssm.onStartUser-10_com.android.server.cpu.CpuMonitorService took to complete: 0ms
11-07 14:58:37.998  1285  1951 D SystemServerTimingAsync: ssm.onStartUser-10_com.android.server.security.KeyChainSystemService
11-07 14:58:37.998  1285  1953 D SystemServerTimingAsync: ssm.onStartUser-10_com.android.server.telecom.TelecomLoaderService
11-07 14:58:37.998  1285  1951 V SystemServerTimingAsync: ssm.onStartUser-10_com.android.server.security.KeyChainSystemService took to complete: 0ms
11-07 14:58:37.998  1285  1951 D SystemServerTimingAsync: ssm.onStartUser-10_com.android.server.accounts.AccountManagerService$Lifecycle
11-07 14:58:37.998  1285  1951 V SystemServerTimingAsync: ssm.onStartUser-10_com.android.server.accounts.AccountManagerService$Lifecycle took to complete: 0ms
11-07 14:58:37.998  1285  1951 D SystemServerTimingAsync: ssm.onStartUser-10_com.android.server.content.ContentService$Lifecycle
11-07 14:58:37.998  1285  1951 V SystemServerTimingAsync: ssm.onStartUser-10_com.android.server.content.ContentService$Lifecycle took to complete: 0ms
11-07 14:58:37.999  1285  1951 D SystemServerTimingAsync: ssm.onStartUser-10_com.android.server.deviceconfig.DeviceConfigInit$Lifecycle
11-07 14:58:37.999  1285  1951 V SystemServerTimingAsync: ssm.onStartUser-10_com.android.server.deviceconfig.DeviceConfigInit$Lifecycle took to complete: 0ms
11-07 14:58:37.999  1285  1951 D SystemServerTimingAsync: ssm.onStartUser-10_com.android.server.DropBoxManagerService
11-07 14:58:37.999  1285  1951 V SystemServerTimingAsync: ssm.onStartUser-10_com.android.server.DropBoxManagerService took to complete: 0ms
11-07 14:58:37.999  1285  1951 D SystemServerTimingAsync: ssm.onStartUser-10_com.android.role.RoleService
11-07 14:58:37.999  1285  1285 D CompatibilityChangeReporter: Compat change id reported: 184838306; UID 1001000; state: DISABLED
11-07 14:58:37.999  1285  1285 D CompatibilityChangeReporter: Compat change id reported: 185004937; UID 1001000; state: DISABLED
