11-07 14:58:38.025  1285  1952 V StorageManagerService: Package com.android.wifi.resources does not have legacy storage
11-07 14:58:38.025  1285  1952 V StorageManagerService: Package com.android.phone.overlay.common does not have legacy storage
11-07 14:58:38.025  1285  1952 V StorageManagerService: Package com.android.carrierconfig.overlay.common does not have legacy storage
11-07 14:58:38.025  1285  1952 V StorageManagerService: Package com.android.systemui.overlay.common does not have legacy storage
11-07 14:58:38.025  1285  1952 V StorageManagerService: Package com.android.cameraextensions does not have legacy storage
11-07 14:58:38.026  1285  1952 V StorageManagerService: Package com.android.server.telecom.overlay.common does not have legacy storage
11-07 14:58:38.026  1285  1952 V StorageManagerService: Package com.android.localtransport has legacy storage
11-07 14:58:38.026  1285  1952 V StorageManagerService: Package org.codelinaro.bike.bikelauncher has legacy storage
11-07 14:58:38.027  1285  1952 V StorageManagerService: Package com.android.packageinstaller does not have legacy storage
11-07 14:58:38.027  1285  1952 V StorageManagerService: Package com.android.carrierdefaultapp does not have legacy storage
11-07 14:58:38.027  1285  1952 V StorageManagerService: Package com.qualcomm.qti.powersavemode does not have legacy storage
11-07 14:58:38.027  1285  1952 V StorageManagerService: Package com.qualcomm.qti.remoteSimlockAuth does not have legacy storage
11-07 14:58:38.028  1285  1952 V StorageManagerService: Package com.android.credentialmanager does not have legacy storage
11-07 14:58:38.028  1285  1285 D CompatibilityChangeReporter: Compat change id reported: 135634846; UID 1073; state: DISABLED
11-07 14:58:38.028  1285  1285 D CompatibilityChangeReporter: Compat change id reported: 177438394; UID 1073; state: DISABLED
11-07 14:58:38.028  1285  1952 V StorageManagerService: Package com.qualcomm.qti.devicestatisticsservice does not have legacy storage
11-07 14:58:38.028  1285  1952 V StorageManagerService: Package com.android.theme.font.notoserifsource does not have legacy storage
11-07 14:58:38.028  1285  1952 V StorageManagerService: Package com.android.proxyhandler does not have legacy storage
11-07 14:58:38.028  1285  1952 V StorageManagerService: Package com.android.internal.display.cutout.emulation.waterfall does not have legacy storage
11-07 14:58:38.028  1285  1285 D CompatibilityChangeReporter: Compat change id reported: 135772972; UID 1073; state: DISABLED
11-07 14:58:38.028  1285  1952 V StorageManagerService: Package com.android.intentresolver does not have legacy storage
11-07 14:58:38.028  1285  1952 V StorageManagerService: Package com.qualcomm.qti.workloadclassifier does not have legacy storage
11-07 14:58:38.028  1285  1285 D CompatibilityChangeReporter: Compat change id reported: 135754954; UID 1073; state: ENABLED
11-07 14:58:38.028  1285  1952 V StorageManagerService: Package com.android.nearby.halfsheet does not have legacy storage
11-07 14:58:38.028  1285  1952 V StorageManagerService: Package com.android.inputmethod.latin does not have legacy storage
11-07 14:58:38.028  1285  1952 V StorageManagerService: Package com.android.internal.systemui.navbar.transparent does not have legacy storage
11-07 14:58:38.028  1285  1952 V StorageManagerService: Package android.car.usb.handler does not have legacy storage
11-07 14:58:38.029  1285  1952 V StorageManagerService: Package com.android.managedprovisioning does not have legacy storage
11-07 14:58:38.029  1285  1952 V StorageManagerService: Package com.android.networkstack.tethering does not have legacy storage
11-07 14:58:38.029  1285  1952 V StorageManagerService: Package com.android.soundpicker does not have legacy storage
11-07 14:58:38.029  1285  1952 V StorageManagerService: Package com.example.vehiclemqttservice does not have legacy storage
11-07 14:58:38.029  1285  1952 V StorageManagerService: Package com.android.car.bugreport does not have legacy storage
11-07 14:58:38.029  1285  1952 V StorageManagerService: Package com.qualcomm.qct.dlt does not have legacy storage
11-07 14:58:38.029  1285  1952 V StorageManagerService: Package com.android.smspush does not have legacy storage
11-07 14:58:38.029  1285  1952 V StorageManagerService: Package com.qualcomm.qti.dcf.client.service does not have legacy storage
11-07 14:58:38.029  1285  1952 V StorageManagerService: Package com.android.role.notes.enabled does not have legacy storage
11-07 14:58:38.029  1285  1952 V StorageManagerService: Package com.qualcomm.atfwd2 does not have legacy storage
11-07 14:58:38.029  1285  1952 V StorageManagerService: Package com.android.car.cartelemetryapp does not have legacy storage
11-07 14:58:38.029  1285  1952 V StorageManagerService: Package com.android.experimentalcar has legacy storage
11-07 14:58:38.029  1285  1952 V StorageManagerService: Package com.android.apps.tag does not have legacy storage
11-07 14:58:38.029  1285  1952 V StorageManagerService: Package com.android.imsserviceentitlement does not have legacy storage
11-07 14:58:38.030  1285  1952 V StorageManagerService: Package com.android.storagemanager does not have legacy storage
11-07 14:58:38.030  1285  1952 V StorageManagerService: Package com.quicinc.voiceassistant.reference does not have legacy storage
11-07 14:58:38.030  1285  1952 V StorageManagerService: Package my.tests.snapdragonsdktest does not have legacy storage
11-07 14:58:38.030  1285  1952 V StorageManagerService: Package com.qualcomm.qti.cne does not have legacy storage
11-07 14:58:38.030  1285  1952 V StorageManagerService: Package com.qualcomm.qti.ims does not have legacy storage
11-07 14:58:38.030  1285  1952 V StorageManagerService: Package com.qualcomm.qti.lpa does not have legacy storage
11-07 14:58:38.030  1285  1952 V StorageManagerService: Package com.qualcomm.qti.smq does not have legacy storage
11-07 14:58:38.031  1285  1952 V StorageManagerService: Package com.qualcomm.qti.sva does not have legacy storage
11-07 14:58:38.031  1285  1952 V StorageManagerService: Package com.qualcomm.qti.uim does not have legacy storage
11-07 14:58:38.031  1285  1952 V StorageManagerService: Package com.android.cts.ctsshim does not have legacy storage
11-07 14:58:38.031  1285  1952 V StorageManagerService: Package com.qti.telephonysettings does not have legacy storage
11-07 14:58:38.031  1285  1952 V StorageManagerService: Package com.ultraviolette.fotaservice has legacy storage
11-07 14:58:38.031  1285  1952 V StorageManagerService: Package com.qualcomm.qti.uimGbaApp does not have legacy storage
11-07 14:58:38.031  1285  1952 V StorageManagerService: Package com.caf.fmradio does not have legacy storage
11-07 14:58:38.031  1285  1952 V StorageManagerService: Package com.qti.diagservices has legacy storage
11-07 14:58:38.031  1285  1952 V StorageManagerService: Package com.android.permissioncontroller.car.rro does not have legacy storage
11-07 14:58:38.031  1285  1952 V StorageManagerService: Package com.android.vpndialogs does not have legacy storage
11-07 14:58:38.031  1285  1952 V StorageManagerService: Package com.android.ecall does not have legacy storage
11-07 14:58:38.031  1285  1952 V StorageManagerService: Package com.android.music does not have legacy storage
11-07 14:58:38.031  1285  1952 V StorageManagerService: Package com.android.phone does not have legacy storage
11-07 14:58:38.031  1285  1952 V StorageManagerService: Package com.android.shell does not have legacy storage
11-07 14:58:38.031  1285  1952 V StorageManagerService: Package com.android.sdksandbox does not have legacy storage
11-07 14:58:38.031  1285  1952 V StorageManagerService: Package org.codeaurora.snapcam does not have legacy storage
11-07 14:58:38.032  1285  1952 V StorageManagerService: Package com.android.providers.userdictionary does not have legacy storage
11-07 14:58:38.032  1285  1952 V StorageManagerService: Package com.android.providers.media.module does not have legacy storage
11-07 14:58:38.032  1285  1952 V StorageManagerService: Package com.qualcomm.qti.cam2test does not have legacy storage
11-07 14:58:38.032  1285  1952 V StorageManagerService: Package com.android.emergency does not have legacy storage
11-07 14:58:38.032  1285  1952 V StorageManagerService: Package com.android.hotspot2.osulogin does not have legacy storage
11-07 14:58:38.032  1285  1952 V StorageManagerService: Package com.qualcomm.qti.qmmi has legacy storage
11-07 14:58:38.032  1285  1952 V StorageManagerService: Package com.qualcomm.qti.usta does not have legacy storage
11-07 14:58:38.032  1285  1952 V StorageManagerService: Package com.qualcomm.qti.xrcb does not have legacy storage
11-07 14:58:38.032  1285  1952 V StorageManagerService: Package com.android.internal.systemui.navbar.gestural does not have legacy storage
11-07 14:58:38.032  1285  1952 V StorageManagerService: Package com.android.location.fused has legacy storage
11-07 14:58:38.032  1285  1952 V StorageManagerService: Package com.android.systemui does not have legacy storage
11-07 14:58:38.032  1285  1952 V StorageManagerService: Package com.android.bluetoothmidiservice does not have legacy storage
11-07 14:58:38.032  1285  1952 V StorageManagerService: Package com.qualcomm.qti.confdialer does not have legacy storage
11-07 14:58:38.032  1285  1952 V StorageManagerService: Package com.qualcomm.qti.poweroffalarm does not have legacy storage
11-07 14:58:38.032  1285  1952 V StorageManagerService: Package com.android.car.updatable does not have legacy storage
11-07 14:58:38.032  1285  1952 V StorageManagerService: Package com.qti.ltebc does not have legacy storage
11-07 14:58:38.032  1285  1952 V StorageManagerService: Package com.qti.phone does not have legacy storage
11-07 14:58:38.032  1285  1952 V StorageManagerService: Package com.qualcomm.qti.dcf.nearbyclient does not have legacy storage
11-07 14:58:38.032  1285  1952 V StorageManagerService: Package com.android.permissioncontroller does not have legacy storage
11-07 14:58:38.032  1285  1952 V StorageManagerService: Package com.android.traceur does not have legacy storage
11-07 14:58:38.032  1285  1952 V StorageManagerService: Package com.qualcomm.qti.qms.service.trustzoneaccess does not have legacy storage
11-07 14:58:38.032  1285  1952 V StorageManagerService: Package com.qti.dcf does not have legacy storage
11-07 14:58:38.032  1285  1952 V StorageManagerService: Package com.qti.qcc does not have legacy storage
11-07 14:58:38.032  1285  1952 V StorageManagerService: Package com.qualcomm.qtil.aptxui does not have legacy storage
11-07 14:58:38.033  1285  1491 W CameraService_proxy: Could not notify cameraserver, camera service not available.
11-07 14:58:38.033  1285  1491 I CameraService_proxy: Could not notify camera service of user switch, retrying...
11-07 14:58:38.033  1285  1952 V StorageManagerService: Package com.android.ondevicepersonalization.services does not have legacy storage
11-07 14:58:38.034  1285  1952 V StorageManagerService: Package com.qualcomm.qti.server.wigig.tethering.rro does not have legacy storage
11-07 14:58:38.034  1285  1952 V StorageManagerService: Package com.qualcomm.qtil.btdsda does not have legacy storage
11-07 14:58:38.034  1285  1952 V StorageManagerService: Package com.android.bluetooth does not have legacy storage
11-07 14:58:38.034  1285  1952 V StorageManagerService: Package com.qualcomm.timeservice does not have legacy storage
11-07 14:58:38.034  1285  1952 V StorageManagerService: Package com.qualcomm.atfwd does not have legacy storage
11-07 14:58:38.034  1285  1952 V StorageManagerService: Package com.android.providers.contacts does not have legacy storage
11-07 14:58:38.034  1285  1952 V StorageManagerService: Package com.android.captiveportallogin does not have legacy storage
11-07 14:58:38.034  1285  1952 V StorageManagerService: Package com.android.internal.systemui.navbar.gestural_narrow_back does not have legacy storage
11-07 14:58:38.034  1285  1952 V StorageManagerService: Package com.android.devicelockcontroller does not have legacy storage
11-07 14:58:38.034  1285  1952 V StorageManagerService: Package com.android.ext.adservices.api does not have legacy storage
11-07 14:58:38.034  1285  1952 V StorageManagerService: Package com.android.cellbroadcastreceiver.overlay.common does not have legacy storage
11-07 14:58:38.034  1285  1952 V StorageManagerService: Package com.qualcomm.qti.sensors.qsensortest does not have legacy storage
11-07 14:58:38.034  1285  1952 V StorageManagerService: Package com.google.android.car.adaslocation does not have legacy storage
11-07 14:58:38.035  1285  1285 V SystemServerTiming: StartNetworkStack took to complete: 18ms
11-07 14:58:38.035  1285  1285 D SystemServerTiming: StartTethering
11-07 14:58:38.036  1285  1954 D CompatibilityChangeReporter: Compat change id reported: 135634846; UID 1001; state: DISABLED
11-07 14:58:38.036  1285  1954 D CompatibilityChangeReporter: Compat change id reported: 177438394; UID 1001; state: DISABLED
11-07 14:58:38.036  1285  1954 D CompatibilityChangeReporter: Compat change id reported: 135772972; UID 1001; state: DISABLED
11-07 14:58:38.036  1285  1954 D CompatibilityChangeReporter: Compat change id reported: 135754954; UID 1001; state: ENABLED
11-07 14:58:38.038  1285  1379 I ActivityManager: Start proc 1955:com.android.networkstack.process/1073 for service {com.android.networkstack/com.android.server.NetworkStackService}
11-07 14:58:38.039  1285  1285 V SystemServerTiming: StartTethering took to complete: 4ms
11-07 14:58:38.040  1285  1285 D SystemServerTiming: MakeCountryDetectionServiceReady
11-07 14:58:38.040  1285  1285 V SystemServerTiming: MakeCountryDetectionServiceReady took to complete: 1ms
11-07 14:58:38.040  1285  1285 D SystemServerTiming: MakeNetworkTimeUpdateReady
11-07 14:58:38.040  1285  1377 D CountryDetector: Using custom country detector class: com.android.server.location.ComprehensiveCountryDetector
11-07 14:58:38.041  1285  1377 E CountryDetector: Could not instantiate the custom country detector class
11-07 14:58:38.041  1285  1952 V SystemServerTimingAsync: ssm.onStartUser-10_com.android.server.StorageManagerService$Lifecycle took to complete: 40ms
11-07 14:58:38.041  1285  1377 D CountryDetector: Using default country detector
11-07 14:58:38.042  1285  1285 V SystemServerTiming: MakeNetworkTimeUpdateReady took to complete: 1ms
11-07 14:58:38.042  1285  1285 D SystemServerTiming: MakeInputManagerServiceReady
11-07 14:58:38.048  1285  1379 I ActivityManager: Start proc 1957:.dataservices/1001 for service {com.qualcomm.qti.dynamicddsservice/com.qualcomm.qti.dynamicddsservice.DynamicDDSService}
11-07 14:58:38.049  1285  1285 V SystemServerTiming: MakeInputManagerServiceReady took to complete: 7ms
11-07 14:58:38.049  1285  1285 D SystemServerTiming: MakeTelephonyRegistryReady
11-07 14:58:38.050  1285  1285 V SystemServerTiming: MakeTelephonyRegistryReady took to complete: 1ms
11-07 14:58:38.050  1285  1285 D SystemServerTiming: MakeMediaRouterServiceReady
11-07 14:58:38.050  1285  1285 I MR2ServiceImpl: switchUser | user: 10
11-07 14:58:38.050  1285  1285 V SystemServerTiming: MakeMediaRouterServiceReady took to complete: 0ms
11-07 14:58:38.050  1285  1285 D SystemServerTiming: MakeMmsServiceReady
11-07 14:58:38.050  1285  1285 I MmsServiceBroker: Delay connecting to MmsService until an API is called
11-07 14:58:38.051  1285  1285 V SystemServerTiming: MakeMmsServiceReady took to complete: 0ms
11-07 14:58:38.051  1285  1285 D SystemServerTiming: IncidentDaemonReady
11-07 14:58:38.052  1285  1285 V SystemServerTiming: IncidentDaemonReady took to complete: 2ms
11-07 14:58:38.052  1285  1285 D SystemServerTiming: MakeIncrementalServiceReady
11-07 14:58:38.052  1285  1285 V SystemServerTiming: MakeIncrementalServiceReady took to complete: 0ms
11-07 14:58:38.052  1285  1285 D SystemServerTiming: OdsignStatsLogger
11-07 14:58:38.052  1285  1491 W CameraService_proxy: Could not notify cameraserver, camera service not available.
11-07 14:58:38.052  1285  1491 I CameraService_proxy: Could not notify camera service of user switch, retrying...
11-07 14:58:38.052  1285  1285 V SystemServerTiming: OdsignStatsLogger took to complete: 0ms
11-07 14:58:38.052  1285  1285 D SystemServerTiming: getCurrentUser
11-07 14:58:38.053  1285  1285 I ActivityManager: Current user:10
11-07 14:58:38.053  1285  1285 V SystemServerTiming: getCurrentUser took to complete: 1ms
11-07 14:58:38.053  1285  1285 D SystemServerTiming: ActivityManagerStartApps
11-07 14:58:38.053  1285  1285 D SystemServerTiming: startPersistentApps
11-07 14:58:38.055  1285  1285 D CompatibilityChangeReporter: Compat change id reported: 135634846; UID 10081; state: DISABLED
11-07 14:58:38.056  1285  1285 D CompatibilityChangeReporter: Compat change id reported: 177438394; UID 10081; state: DISABLED
11-07 14:58:38.056  1285  1285 D CompatibilityChangeReporter: Compat change id reported: 135772972; UID 10081; state: DISABLED
11-07 14:58:38.056  1285  1285 D CompatibilityChangeReporter: Compat change id reported: 135754954; UID 10081; state: ENABLED
11-07 14:58:38.058  1285  1379 D CompatibilityChangeReporter: Compat change id reported: 143937733; UID 10081; state: ENABLED
11-07 14:58:38.058  1285  1285 D CompatibilityChangeReporter: Compat change id reported: 135634846; UID 10109; state: DISABLED
11-07 14:58:38.058  1285  1285 D CompatibilityChangeReporter: Compat change id reported: 177438394; UID 10109; state: DISABLED
11-07 14:58:38.058  1285  1285 D CompatibilityChangeReporter: Compat change id reported: 135772972; UID 10109; state: DISABLED
11-07 14:58:38.058  1285  1285 D CompatibilityChangeReporter: Compat change id reported: 135754954; UID 10109; state: ENABLED
11-07 14:58:38.065  1285  1285 D CompatibilityChangeReporter: Compat change id reported: 135634846; UID 10112; state: DISABLED
11-07 14:58:38.065  1285  1285 D CompatibilityChangeReporter: Compat change id reported: 177438394; UID 10112; state: DISABLED
11-07 14:58:38.066  1285  1285 D CompatibilityChangeReporter: Compat change id reported: 135772972; UID 10112; state: DISABLED
11-07 14:58:38.066  1285  1285 D CompatibilityChangeReporter: Compat change id reported: 135754954; UID 10112; state: ENABLED
11-07 14:58:38.068  1285  1285 D CompatibilityChangeReporter: Compat change id reported: 135634846; UID 1000; state: DISABLED
11-07 14:58:38.068  1285  1285 D CompatibilityChangeReporter: Compat change id reported: 177438394; UID 1000; state: DISABLED
11-07 14:58:38.068  1285  1285 D CompatibilityChangeReporter: Compat change id reported: 135772972; UID 1000; state: DISABLED
11-07 14:58:38.069  1285  1285 D CompatibilityChangeReporter: Compat change id reported: 135754954; UID 1000; state: ENABLED
11-07 14:58:38.070  1285  1285 D CompatibilityChangeReporter: Compat change id reported: 135634846; UID 10117; state: DISABLED
11-07 14:58:38.070  1285  1285 D CompatibilityChangeReporter: Compat change id reported: 177438394; UID 10117; state: DISABLED
11-07 14:58:38.070  1285  1285 D CompatibilityChangeReporter: Compat change id reported: 135772972; UID 10117; state: DISABLED
11-07 14:58:38.071  1285  1285 D CompatibilityChangeReporter: Compat change id reported: 135754954; UID 10117; state: ENABLED
11-07 14:58:38.082     0     0 I binder  : 1955:1955 ioctl 40046210 7fd3e9dec0 returned -22
11-07 14:58:38.074  1285  1491 W CameraService_proxy: Could not notify cameraserver, camera service not available.
11-07 14:58:38.074  1285  1491 I CameraService_proxy: Could not notify camera service of user switch, retrying...
11-07 14:58:38.074  1285  1285 D CompatibilityChangeReporter: Compat change id reported: 135634846; UID 1068; state: DISABLED
11-07 14:58:38.080  1285  1285 D CompatibilityChangeReporter: Compat change id reported: 135634846; UID 10124; state: DISABLED
11-07 14:58:38.080  1285  1285 D CompatibilityChangeReporter: Compat change id reported: 177438394; UID 10124; state: DISABLED
11-07 14:58:38.081  1285  1285 D CompatibilityChangeReporter: Compat change id reported: 135772972; UID 10124; state: DISABLED
11-07 14:58:38.081  1285  1285 D CompatibilityChangeReporter: Compat change id reported: 135754954; UID 10124; state: ENABLED
11-07 14:58:38.082  1285  1285 D CompatibilityChangeReporter: Compat change id reported: 135634846; UID 10148; state: DISABLED
11-07 14:58:38.082  1285  1285 D CompatibilityChangeReporter: Compat change id reported: 177438394; UID 10148; state: DISABLED
11-07 14:58:38.083  1285  1285 D CompatibilityChangeReporter: Compat change id reported: 135772972; UID 10148; state: DISABLED
11-07 14:58:38.083  1285  1285 D CompatibilityChangeReporter: Compat change id reported: 135754954; UID 10148; state: ENABLED
11-07 14:58:38.083  1285  1951 V SystemServerTiming: Permission_synchronize_addPackages-10 took to complete: 75ms
11-07 14:58:38.083  1285  1951 D SystemServerTiming: Permission_syncPackages-10
11-07 14:58:38.084  1285  1285 D CompatibilityChangeReporter: Compat change id reported: 135634846; UID 10111; state: DISABLED
11-07 14:58:38.084  1285  1285 D CompatibilityChangeReporter: Compat change id reported: 177438394; UID 10111; state: DISABLED
11-07 14:58:38.085  1285  1285 D CompatibilityChangeReporter: Compat change id reported: 135772972; UID 10111; state: DISABLED
11-07 14:58:38.085  1285  1285 D CompatibilityChangeReporter: Compat change id reported: 135754954; UID 10111; state: ENABLED
11-07 14:58:38.085  1285  1285 V SystemServerTiming: startPersistentApps took to complete: 32ms
11-07 14:58:38.085  1285  1285 D SystemServerTiming: showSystemReadyErrorDialogs
11-07 14:58:38.091  1285  1951 V SystemServerTiming: Permission_syncPackages-10 took to complete: 8ms
11-07 14:58:38.091  1285  1951 V SystemServerTiming: Permission_synchronize_permissions-10 took to complete: 84ms
11-07 14:58:38.091  1285  1951 D SystemServerTiming: Permission_onInitialized-10
11-07 14:58:38.091  1285  1951 I PermissionManager: Permission ownership changed. Updating all permissions.
11-07 14:58:38.095  1285  1491 W CameraService_proxy: Could not notify cameraserver, camera service not available.
11-07 14:58:38.095  1285  1491 I CameraService_proxy: Could not notify camera service of user switch, retrying...
11-07 14:58:38.108     0     0 I binder  : 1957:1957 ioctl 40046210 7fd3e9dec0 returned -22
11-07 14:58:38.109     0     0 I binder  : 1969:1969 ioctl 40046210 7fd3e9dec0 returned -22
11-07 14:58:38.115  1285  1491 W CameraService_proxy: Could not notify cameraserver, camera service not available.
11-07 14:58:38.115  1285  1491 I CameraService_proxy: Could not notify camera service of user switch, retrying...
11-07 14:58:38.136  1285  1491 W CameraService_proxy: Could not notify cameraserver, camera service not available.
11-07 14:58:38.136  1285  1491 I CameraService_proxy: Could not notify camera service of user switch, retrying...
11-07 14:58:38.156  1285  1491 W CameraService_proxy: Could not notify cameraserver, camera service not available.
11-07 14:58:38.156  1285  1491 I CameraService_proxy: Could not notify camera service of user switch, retrying...
11-07 14:58:38.163  1285  1285 V SystemServerTiming: showSystemReadyErrorDialogs took to complete: 78ms
11-07 14:58:38.163  1285  1285 I ActivityManager: Not sending multi-user broadcasts for non-system user 10
11-07 14:58:38.163  1285  1285 D SystemServerTiming: resumeTopActivities
11-07 14:58:38.165  1285  1285 V SystemServerTiming: resumeTopActivities took to complete: 2ms
11-07 14:58:38.165  1285  1285 D SystemServerTiming: setBinderProxies
11-07 14:58:38.165  1285  1285 V SystemServerTiming: setBinderProxies took to complete: 0ms
11-07 14:58:38.165  1285  1285 V SystemServerTiming: ActivityManagerStartApps took to complete: 112ms
11-07 14:58:38.165  1285  1285 D SystemServerTiming: componentAlias
11-07 14:58:38.169  1285  1285 D ComponentAliasResolver: Compat listener set.
11-07 14:58:38.169  1285  1285 V SystemServerTiming: componentAlias took to complete: 4ms
11-07 14:58:38.169  1285  1285 V SystemServerTiming: PhaseActivityManagerReady took to complete: 1764ms
11-07 14:58:38.169  1285  1285 D SystemServerTiming: LockSettingsThirdPartyAppsStarted
11-07 14:58:38.170  1285  1285 V SystemServerTiming: LockSettingsThirdPartyAppsStarted took to complete: 0ms
11-07 14:58:38.170  1285  1285 D SystemServerTiming: StartSystemUI
11-07 14:58:38.170  1285  1379 W ActivityManager: Slow operation: 116ms so far, now at startProcess: done updating battery stats
11-07 14:58:38.170  1285  1379 W ActivityManager: Slow operation: 116ms so far, now at startProcess: building log message
11-07 14:58:38.170  1285  1379 I ActivityManager: Start proc 1969:.qtidataservices/u0a81 for added application .qtidataservices
11-07 14:58:38.170  1285  1379 W ActivityManager: Slow operation: 116ms so far, now at startProcess: starting to update pids map
11-07 14:58:38.170  1285  1379 W ActivityManager: Slow operation: 116ms so far, now at startProcess: done updating pids map
11-07 14:58:38.170  1285  1379 W ActivityManager: Slow operation: 113ms so far, now at startProcess: asking zygote to start proc
11-07 14:58:38.170  1285  1329 W ActivityManager: No pending application record for pid 1955 (IApplicationThread android.app.IApplicationThread$Stub$Proxy@501bf13); dropping process
11-07 14:58:38.170  1285  1379 D CompatibilityChangeReporter: Compat change id reported: 143937733; UID 10109; state: ENABLED
11-07 14:58:38.174  1285  1328 D CompatibilityChangeReporter: Compat change id reported: 168419799; UID 1001; state: DISABLED
11-07 14:58:38.174  1285  1328 D CompatibilityChangeReporter: Compat change id reported: 273564678; UID 1001; state: DISABLED
11-07 14:58:38.177  1285  1491 W CameraService_proxy: Could not notify cameraserver, camera service not available.
11-07 14:58:38.177  1285  1491 I CameraService_proxy: Could not notify camera service of user switch, retrying...
11-07 14:58:38.178  1285  1939 D CompatibilityChangeReporter: Compat change id reported: 168419799; UID 10081; state: DISABLED
11-07 14:58:38.179  1285  1939 D CompatibilityChangeReporter: Compat change id reported: 273564678; UID 10081; state: DISABLED
11-07 14:58:38.182  1285  1371 D CompatibilityChangeReporter: Compat change id reported: 135634846; UID 1001000; state: DISABLED
11-07 14:58:38.182  1285  1371 D CompatibilityChangeReporter: Compat change id reported: 177438394; UID 1001000; state: DISABLED
11-07 14:58:38.183  1285  1371 D CompatibilityChangeReporter: Compat change id reported: 135772972; UID 1001000; state: DISABLED
11-07 14:58:38.183  1285  1371 D CompatibilityChangeReporter: Compat change id reported: 135754954; UID 1001000; state: ENABLED
11-07 14:58:38.184  1285  1379 W ActivityManager: Slow operation: 127ms so far, now at startProcess: returned from zygote!
11-07 14:58:38.185  1285  1328 D CompatibilityChangeReporter: Compat change id reported: 170503758; UID 10081; state: ENABLED
11-07 14:58:38.186  1285  1463 D CompatibilityChangeReporter: Compat change id reported: 265195908; UID 1001; state: ENABLED
11-07 14:58:38.198     0     0 I binder  : undelivered TRANSACTION_COMPLETE
11-07 14:58:38.198     0     0 I binder  : undelivered transaction 15418, process died.
11-07 14:58:38.188  1285  1951 V SystemServerTiming: Permission_onInitialized-10 took to complete: 97ms
11-07 14:58:38.188  1285  1951 W SystemServiceManager: Service com.android.server.policy.PermissionPolicyService took 181 ms in onStartUser-10
11-07 14:58:38.188  1285  1951 V SystemServerTimingAsync: ssm.onStartUser-10_com.android.server.policy.PermissionPolicyService took to complete: 181ms
11-07 14:58:38.188  1285  1285 V SystemServerTiming: StartSystemUI took to complete: 19ms
11-07 14:58:38.189  1285  1285 V SystemServerTiming: startOtherServices took to complete: 3257ms
11-07 14:58:38.189  1285  1379 W ActivityManager: Slow operation: 131ms so far, now at startProcess: done updating battery stats
11-07 14:58:38.189  1285  1285 D SystemServerTiming: startApexServices
11-07 14:58:38.189  1285  1379 W ActivityManager: Slow operation: 132ms so far, now at startProcess: building log message
11-07 14:58:38.189  1285  1379 I ActivityManager: Start proc 2002:com.qti.phone/u0a109 for added application com.qti.phone
11-07 14:58:38.189  1285  1378 V SystemServerTimingAsync: ssm.StartUser-10 took to complete: 245ms
11-07 14:58:38.189  1285  1285 V SystemServerTiming: startApexServices took to complete: 0ms
11-07 14:58:38.189  1285  1379 W ActivityManager: Slow operation: 132ms so far, now at startProcess: starting to update pids map
11-07 14:58:38.189  1285  1285 D SystemServerTiming: UpdateWatchdogTimeout
11-07 14:58:38.189  1285  1379 W ActivityManager: Slow operation: 132ms so far, now at startProcess: done updating pids map
11-07 14:58:38.189  1285  1285 I Watchdog: Watchdog timeout updated to 60000 millis
11-07 14:58:38.189  1285  1379 W ActivityManager: Slow operation: 131ms so far, now at startProcess: asking zygote to start proc
11-07 14:58:38.189  1285  1285 V SystemServerTiming: UpdateWatchdogTimeout took to complete: 0ms
11-07 14:58:38.189  1285  1285 V SystemServerTiming: StartServices took to complete: 5985ms
11-07 14:58:38.190  1285  1378 D SystemServerTimingAsync: ssm.SwitchUser-10
11-07 14:58:38.190  1285  1378 I SystemServiceManager: Calling onSwitchUser 10 (from 0)
11-07 14:58:38.190  1285  1378 D SystemServerTimingAsync: ssm.onSwitchUser-10_com.android.server.security.FileIntegrityService
11-07 14:58:38.190  1285  1378 V SystemServerTimingAsync: ssm.onSwitchUser-10_com.android.server.security.FileIntegrityService took to complete: 0ms
11-07 14:58:38.190  1285  1378 D SystemServerTimingAsync: ssm.onSwitchUser-10_com.android.server.pm.Installer
11-07 14:58:38.190  1285  1378 V SystemServerTimingAsync: ssm.onSwitchUser-10_com.android.server.pm.Installer took to complete: 0ms
11-07 14:58:38.190  1285  1378 D SystemServerTimingAsync: ssm.onSwitchUser-10_com.android.server.os.DeviceIdentifiersPolicyService
11-07 14:58:38.190  1285  1378 V SystemServerTimingAsync: ssm.onSwitchUser-10_com.android.server.os.DeviceIdentifiersPolicyService took to complete: 0ms
11-07 14:58:38.190  1285  1378 D SystemServerTimingAsync: ssm.onSwitchUser-10_com.android.server.uri.UriGrantsManagerService$Lifecycle
11-07 14:58:38.190  1285  1378 V SystemServerTimingAsync: ssm.onSwitchUser-10_com.android.server.uri.UriGrantsManagerService$Lifecycle took to complete: 0ms
11-07 14:58:38.190  1285  1378 D SystemServerTimingAsync: ssm.onSwitchUser-10_com.android.server.powerstats.PowerStatsService
11-07 14:58:38.190  1285  1378 V SystemServerTimingAsync: ssm.onSwitchUser-10_com.android.server.powerstats.PowerStatsService took to complete: 0ms
11-07 14:58:38.190  1285  1378 D SystemServerTimingAsync: ssm.onSwitchUser-10_com.android.server.permission.access.AccessCheckingService
11-07 14:58:38.190  1285  1378 V SystemServerTimingAsync: ssm.onSwitchUser-10_com.android.server.permission.access.AccessCheckingService took to complete: 0ms
11-07 14:58:38.190  1285  1378 D SystemServerTimingAsync: ssm.onSwitchUser-10_com.android.server.wm.ActivityTaskManagerService$Lifecycle
11-07 14:58:38.190  1285  1378 V SystemServerTimingAsync: ssm.onSwitchUser-10_com.android.server.wm.ActivityTaskManagerService$Lifecycle took to complete: 0ms
11-07 14:58:38.190  1285  1378 D SystemServerTimingAsync: ssm.onSwitchUser-10_com.android.server.am.ActivityManagerService$Lifecycle
11-07 14:58:38.190  1285  1378 V SystemServerTimingAsync: ssm.onSwitchUser-10_com.android.server.am.ActivityManagerService$Lifecycle took to complete: 0ms
11-07 14:58:38.190  1285  1378 D SystemServerTimingAsync: ssm.onSwitchUser-10_com.android.server.pm.DataLoaderManagerService
11-07 14:58:38.191  1285  1378 V SystemServerTimingAsync: ssm.onSwitchUser-10_com.android.server.pm.DataLoaderManagerService took to complete: 0ms
11-07 14:58:38.191  1285  1378 D SystemServerTimingAsync: ssm.onSwitchUser-10_com.android.server.power.PowerManagerService
11-07 14:58:38.191  1285  1378 V SystemServerTimingAsync: ssm.onSwitchUser-10_com.android.server.power.PowerManagerService took to complete: 0ms
11-07 14:58:38.191  1285  1378 D SystemServerTimingAsync: ssm.onSwitchUser-10_com.android.server.power.ThermalManagerService
11-07 14:58:38.191  1285  1378 V SystemServerTimingAsync: ssm.onSwitchUser-10_com.android.server.power.ThermalManagerService took to complete: 0ms
11-07 14:58:38.191  1285  1378 D SystemServerTimingAsync: ssm.onSwitchUser-10_com.android.server.power.hint.HintManagerService
11-07 14:58:38.191  1285  1378 V SystemServerTimingAsync: ssm.onSwitchUser-10_com.android.server.power.hint.HintManagerService took to complete: 0ms
11-07 14:58:38.191  1285  1378 D SystemServerTimingAsync: ssm.onSwitchUser-10_com.android.server.recoverysystem.RecoverySystemService$Lifecycle
11-07 14:58:38.191  1285  1378 V SystemServerTimingAsync: ssm.onSwitchUser-10_com.android.server.recoverysystem.RecoverySystemService$Lifecycle took to complete: 0ms
11-07 14:58:38.191  1285  1378 D SystemServerTimingAsync: ssm.onSwitchUser-10_com.android.server.lights.LightsService
11-07 14:58:38.191  1285  1378 V SystemServerTimingAsync: ssm.onSwitchUser-10_com.android.server.lights.LightsService took to complete: 0ms
11-07 14:58:38.191  1285  1378 D SystemServerTimingAsync: ssm.onSwitchUser-10_com.android.server.display.DisplayManagerService
11-07 14:58:38.191  1285  1463 D CompatibilityChangeReporter: Compat change id reported: 265195908; UID 10081; state: ENABLED
11-07 14:58:38.191  1285  1378 V SystemServerTimingAsync: ssm.onSwitchUser-10_com.android.server.display.DisplayManagerService took to complete: 0ms
11-07 14:58:38.191  1285  1378 D SystemServerTimingAsync: ssm.onSwitchUser-10_com.android.server.pm.verify.domain.DomainVerificationService
11-07 14:58:38.191  1285  1378 V SystemServerTimingAsync: ssm.onSwitchUser-10_com.android.server.pm.verify.domain.DomainVerificationService took to complete: 0ms
11-07 14:58:38.191  1285  1378 D SystemServerTimingAsync: ssm.onSwitchUser-10_com.android.server.pm.PackageInstallerService$Lifecycle
11-07 14:58:38.191  1285  1378 V SystemServerTimingAsync: ssm.onSwitchUser-10_com.android.server.pm.PackageInstallerService$Lifecycle took to complete: 0ms
11-07 14:58:38.191  1285  1378 D SystemServerTimingAsync: ssm.onSwitchUser-10_com.android.server.pm.UserManagerService$LifeCycle
11-07 14:58:38.191  1285  1378 V SystemServerTimingAsync: ssm.onSwitchUser-10_com.android.server.pm.UserManagerService$LifeCycle took to complete: 0ms
11-07 14:58:38.192  1285  1378 D SystemServerTimingAsync: ssm.onSwitchUser-10_com.android.server.om.OverlayManagerService
11-07 14:58:38.192  1285  1378 V SystemServerTimingAsync: ssm.onSwitchUser-10_com.android.server.om.OverlayManagerService took to complete: 0ms
11-07 14:58:38.192  1285  1378 D SystemServerTimingAsync: ssm.onSwitchUser-10_com.android.server.resources.ResourcesManagerService
11-07 14:58:38.192  1285  1378 V SystemServerTimingAsync: ssm.onSwitchUser-10_com.android.server.resources.ResourcesManagerService took to complete: 0ms
11-07 14:58:38.192  1285  1378 D SystemServerTimingAsync: ssm.onSwitchUser-10_com.android.server.sensorprivacy.SensorPrivacyService
11-07 14:58:38.192  1285  1378 V SystemServerTimingAsync: ssm.onSwitchUser-10_com.android.server.sensorprivacy.SensorPrivacyService took to complete: 1ms
11-07 14:58:38.192  1285  1378 D SystemServerTimingAsync: ssm.onSwitchUser-10_com.android.server.sensors.SensorService
11-07 14:58:38.192  1285  1378 V SystemServerTimingAsync: ssm.onSwitchUser-10_com.android.server.sensors.SensorService took to complete: 0ms
11-07 14:58:38.192  1285  1378 D SystemServerTimingAsync: ssm.onSwitchUser-10_com.android.server.SystemConfigService
11-07 14:58:38.192  1285  1378 V SystemServerTimingAsync: ssm.onSwitchUser-10_com.android.server.SystemConfigService took to complete: 0ms
11-07 14:58:38.192  1285  1378 D SystemServerTimingAsync: ssm.onSwitchUser-10_com.android.server.BatteryService
11-07 14:58:38.192  1285  1378 V SystemServerTimingAsync: ssm.onSwitchUser-10_com.android.server.BatteryService took to complete: 0ms
11-07 14:58:38.192  1285  1378 D SystemServerTimingAsync: ssm.onSwitchUser-10_com.android.server.usage.UsageStatsService
11-07 14:58:38.192  1285  1378 V SystemServerTimingAsync: ssm.onSwitchUser-10_com.android.server.usage.UsageStatsService took to complete: 0ms
11-07 14:58:38.192  1285  1378 D SystemServerTimingAsync: ssm.onSwitchUser-10_com.android.server.webkit.WebViewUpdateService
11-07 14:58:38.192  1285  1378 V SystemServerTimingAsync: ssm.onSwitchUser-10_com.android.server.webkit.WebViewUpdateService took to complete: 0ms
11-07 14:58:38.192  1285  1378 D SystemServerTimingAsync: ssm.onSwitchUser-10_com.android.server.CachedDeviceStateService
11-07 14:58:38.192  1285  1378 V SystemServerTimingAsync: ssm.onSwitchUser-10_com.android.server.CachedDeviceStateService took to complete: 0ms
11-07 14:58:38.192  1285  1378 D SystemServerTimingAsync: ssm.onSwitchUser-10_com.android.server.BinderCallsStatsService$LifeCycle
11-07 14:58:38.192  1285  1378 V SystemServerTimingAsync: ssm.onSwitchUser-10_com.android.server.BinderCallsStatsService$LifeCycle took to complete: 0ms
11-07 14:58:38.192  1285  1378 D SystemServerTimingAsync: ssm.onSwitchUser-10_com.android.server.LooperStatsService$Lifecycle
11-07 14:58:38.192  1285  1378 V SystemServerTimingAsync: ssm.onSwitchUser-10_com.android.server.LooperStatsService$Lifecycle took to complete: 0ms
11-07 14:58:38.192  1285  1378 D SystemServerTimingAsync: ssm.onSwitchUser-10_com.android.server.rollback.RollbackManagerService
11-07 14:58:38.192  1285  1378 V SystemServerTimingAsync: ssm.onSwitchUser-10_com.android.server.rollback.RollbackManagerService took to complete: 0ms
11-07 14:58:38.192  1285  1378 D SystemServerTimingAsync: ssm.onSwitchUser-10_com.android.server.os.NativeTombstoneManagerService
11-07 14:58:38.192  1285  1378 V SystemServerTimingAsync: ssm.onSwitchUser-10_com.android.server.os.NativeTombstoneManagerService took to complete: 0ms
11-07 14:58:38.192  1285  1378 D SystemServerTimingAsync: ssm.onSwitchUser-10_com.android.server.os.BugreportManagerService
11-07 14:58:38.192  1285  1378 V SystemServerTimingAsync: ssm.onSwitchUser-10_com.android.server.os.BugreportManagerService took to complete: 0ms
11-07 14:58:38.192  1285  1378 D SystemServerTimingAsync: ssm.onSwitchUser-10_com.android.server.gpu.GpuService
11-07 14:58:38.192  1285  1378 V SystemServerTimingAsync: ssm.onSwitchUser-10_com.android.server.gpu.GpuService took to complete: 0ms
11-07 14:58:38.192  1285  1378 D SystemServerTimingAsync: ssm.onSwitchUser-10_com.android.server.security.rkp.RemoteProvisioningService
11-07 14:58:38.192  1285  1378 V SystemServerTimingAsync: ssm.onSwitchUser-10_com.android.server.security.rkp.RemoteProvisioningService took to complete: 0ms
11-07 14:58:38.192  1285  1378 D SystemServerTimingAsync: ssm.onSwitchUser-10_com.android.server.cpu.CpuMonitorService
11-07 14:58:38.192  1285  1378 V SystemServerTimingAsync: ssm.onSwitchUser-10_com.android.server.cpu.CpuMonitorService took to complete: 0ms
11-07 14:58:38.192  1285  1378 D SystemServerTimingAsync: ssm.onSwitchUser-10_com.android.server.security.KeyChainSystemService
11-07 14:58:38.192  1285  1378 V SystemServerTimingAsync: ssm.onSwitchUser-10_com.android.server.security.KeyChainSystemService took to complete: 0ms
11-07 14:58:38.192  1285  1378 D SystemServerTimingAsync: ssm.onSwitchUser-10_com.android.server.BinaryTransparencyService
11-07 14:58:38.192  1285  1378 V SystemServerTimingAsync: ssm.onSwitchUser-10_com.android.server.BinaryTransparencyService took to complete: 0ms
11-07 14:58:38.192  1285  1378 D SystemServerTimingAsync: ssm.onSwitchUser-10_com.android.server.telecom.TelecomLoaderService
11-07 14:58:38.192  1285  1378 V SystemServerTimingAsync: ssm.onSwitchUser-10_com.android.server.telecom.TelecomLoaderService took to complete: 0ms
11-07 14:58:38.192  1285  1378 D SystemServerTimingAsync: ssm.onSwitchUser-10_com.android.server.accounts.AccountManagerService$Lifecycle
11-07 14:58:38.192  1285  1378 V SystemServerTimingAsync: ssm.onSwitchUser-10_com.android.server.accounts.AccountManagerService$Lifecycle took to complete: 0ms
11-07 14:58:38.192  1285  1378 D SystemServerTimingAsync: ssm.onSwitchUser-10_com.android.server.content.ContentService$Lifecycle
11-07 14:58:38.192  1285  1378 V SystemServerTimingAsync: ssm.onSwitchUser-10_com.android.server.content.ContentService$Lifecycle took to complete: 0ms
11-07 14:58:38.192  1285  1378 D SystemServerTimingAsync: ssm.onSwitchUser-10_com.android.server.deviceconfig.DeviceConfigInit$Lifecycle
11-07 14:58:38.192  1285  1378 V SystemServerTimingAsync: ssm.onSwitchUser-10_com.android.server.deviceconfig.DeviceConfigInit$Lifecycle took to complete: 0ms
11-07 14:58:38.192  1285  1378 D SystemServerTimingAsync: ssm.onSwitchUser-10_com.android.server.DropBoxManagerService
11-07 14:58:38.192  1285  1378 V SystemServerTimingAsync: ssm.onSwitchUser-10_com.android.server.DropBoxManagerService took to complete: 0ms
11-07 14:58:38.192  1285  1378 D SystemServerTimingAsync: ssm.onSwitchUser-10_com.android.role.RoleService
11-07 14:58:38.192  1285  1378 V SystemServerTimingAsync: ssm.onSwitchUser-10_com.android.role.RoleService took to complete: 0ms
11-07 14:58:38.192  1285  1378 D SystemServerTimingAsync: ssm.onSwitchUser-10_com.android.server.vibrator.VibratorManagerService$Lifecycle
11-07 14:58:38.192  1285  1378 V SystemServerTimingAsync: ssm.onSwitchUser-10_com.android.server.vibrator.VibratorManagerService$Lifecycle took to complete: 0ms
11-07 14:58:38.192  1285  1378 D SystemServerTimingAsync: ssm.onSwitchUser-10_com.android.server.tare.InternalResourceService
11-07 14:58:38.192  1285  1378 V SystemServerTimingAsync: ssm.onSwitchUser-10_com.android.server.tare.InternalResourceService took to complete: 0ms
11-07 14:58:38.192  1285  1378 D SystemServerTimingAsync: ssm.onSwitchUser-10_com.android.server.alarm.AlarmManagerService
11-07 14:58:38.192  1285  1285 W Looper  : Slow delivery took 5560ms main h=android.app.PropertyInvalidatedCache$AutoCorker$1 c=null m=0
11-07 14:58:38.193  1285  1378 V SystemServerTimingAsync: ssm.onSwitchUser-10_com.android.server.alarm.AlarmManagerService took to complete: 0ms
11-07 14:58:38.193  1285  1378 D SystemServerTimingAsync: ssm.onSwitchUser-10_com.android.server.devicestate.DeviceStateManagerService
11-07 14:58:38.193  1285  1378 V SystemServerTimingAsync: ssm.onSwitchUser-10_com.android.server.devicestate.DeviceStateManagerService took to complete: 0ms
11-07 14:58:38.193  1285  1378 D SystemServerTimingAsync: ssm.onSwitchUser-10_com.android.server.camera.CameraServiceProxy
11-07 14:58:38.194  1285  1371 I DisplayDeviceRepository: Display device changed: DisplayDeviceInfo{"Built-in Screen": uniqueId="local:4630946763411590017", 720 x 1280, modeId 1, renderFrameRate 60.000004, defaultModeId 1, supportedModes [{id=1, width=720, height=1280, fps=60.000004, alternativeRefreshRates=[], supportedHdrTypes=[]}], colorMode 0, supportedColorModes [0], hdrCapabilities HdrCapabilities{mSupportedHdrTypes=[], mMaxLuminance=500.0, mMaxAverageLuminance=500.0, mMinLuminance=0.0}, allmSupported false, gameContentTypeSupported false, density 160, 320.842 x 318.745 dpi, appVsyncOff 1000000, presDeadline 16666666, touch INTERNAL, rotation 0, type INTERNAL, address {port=129, model=0x40446d8ba6e48b}, deviceProductInfo DeviceProductInfo{name=, manufacturerPnpId=QCM, productId=1, modelYear=null, manufactureDate=ManufactureDate{week=27, year=2006}, connectionToSinkType=0}, state ON, committedState ON, frameRateOverride , brightnessMinimum 0.0, brightnessMaximum 1.0, brightnessDefault 0.39763778, hdrSdrRatio NaN, FLAG_ALLOWED_TO_BE_DEFAULT_DISPLAY, FLAG_ROTATES_WITH_CONTENT, FLAG_SECURE, FLAG_SUPPORTS_PROTECTED_BUFFERS, FLAG_TRUSTED, installOrientation 0, displayShape DisplayShape{ spec=42744253 displayWidth=720 displayHeight=1280 physicalPixelDisplaySizeRatio=1.0 rotation=0 offsetX=0 offsetY=0 scale=1.0}}
11-07 14:58:38.195  1285  1378 W CameraService_proxy: Could not notify cameraserver, camera service not available.
11-07 14:58:38.195  1285  1378 I CameraService_proxy: Could not notify camera service of user switch, retrying...
11-07 14:58:38.196  1285  1378 V SystemServerTimingAsync: ssm.onSwitchUser-10_com.android.server.camera.CameraServiceProxy took to complete: 2ms
11-07 14:58:38.196  1285  1378 D SystemServerTimingAsync: ssm.onSwitchUser-10_com.android.server.bluetooth.BluetoothService
11-07 14:58:38.197  1285  1491 W CameraService_proxy: Could not notify cameraserver, camera service not available.
11-07 14:58:38.197  1285  1491 I CameraService_proxy: Could not notify camera service of user switch, retrying...
11-07 14:58:38.198  1285  1379 W ActivityManager: Slow operation: 140ms so far, now at startProcess: returned from zygote!
11-07 14:58:38.199  1285  1517 D CompatibilityChangeReporter: Compat change id reported: 135634846; UID 1001002; state: DISABLED
11-07 14:58:38.200  1285  1517 D CompatibilityChangeReporter: Compat change id reported: 177438394; UID 1001002; state: DISABLED
11-07 14:58:38.200  1285  1517 D CompatibilityChangeReporter: Compat change id reported: 135772972; UID 1001002; state: DISABLED
11-07 14:58:38.200  1285  1517 D CompatibilityChangeReporter: Compat change id reported: 135754954; UID 1001002; state: ENABLED
11-07 14:58:38.201  1285  1379 W ActivityManager: Slow operation: 143ms so far, now at startProcess: done updating battery stats
11-07 14:58:38.201  1285  1379 W ActivityManager: Slow operation: 143ms so far, now at startProcess: building log message
11-07 14:58:38.201  1285  1379 I ActivityManager: Start proc 2003:com.android.networkstack.process/1073 for added application com.android.networkstack.process
11-07 14:58:38.201  1285  1379 W ActivityManager: Slow operation: 143ms so far, now at startProcess: starting to update pids map
11-07 14:58:38.201  1285  1379 W ActivityManager: Slow operation: 143ms so far, now at startProcess: done updating pids map
11-07 14:58:38.201  1285  1379 W ActivityManager: Slow operation: 136ms so far, now at startProcess: asking zygote to start proc
11-07 14:58:38.202  1285  1285 D ConditionProviders.SCP: onConnected
11-07 14:58:38.202  1285  1379 D CompatibilityChangeReporter: Compat change id reported: 143937733; UID 10112; state: ENABLED
11-07 14:58:38.206  1285  1378 V SystemServerTimingAsync: ssm.onSwitchUser-10_com.android.server.bluetooth.BluetoothService took to complete: 11ms
11-07 14:58:38.206  1285  1378 D SystemServerTimingAsync: ssm.onSwitchUser-10_com.android.server.connectivity.IpConnectivityMetrics
11-07 14:58:38.206  1285  1378 V SystemServerTimingAsync: ssm.onSwitchUser-10_com.android.server.connectivity.IpConnectivityMetrics took to complete: 0ms
11-07 14:58:38.206  1285  1378 D SystemServerTimingAsync: ssm.onSwitchUser-10_com.android.server.net.watchlist.NetworkWatchlistService$Lifecycle
11-07 14:58:38.206  1285  1378 V SystemServerTimingAsync: ssm.onSwitchUser-10_com.android.server.net.watchlist.NetworkWatchlistService$Lifecycle took to complete: 0ms
11-07 14:58:38.206  1285  1378 D SystemServerTimingAsync: ssm.onSwitchUser-10_com.android.server.PinnerService
11-07 14:58:38.206  1285  1378 V SystemServerTimingAsync: ssm.onSwitchUser-10_com.android.server.PinnerService took to complete: 0ms
11-07 14:58:38.206  1285  1378 D SystemServerTimingAsync: ssm.onSwitchUser-10_com.android.server.ActivityTriggerService
11-07 14:58:38.207  1285  1378 V SystemServerTimingAsync: ssm.onSwitchUser-10_com.android.server.ActivityTriggerService took to complete: 0ms
11-07 14:58:38.207  1285  1378 D SystemServerTimingAsync: ssm.onSwitchUser-10_com.android.server.integrity.AppIntegrityManagerService
11-07 14:58:38.207  1285  1378 V SystemServerTimingAsync: ssm.onSwitchUser-10_com.android.server.integrity.AppIntegrityManagerService took to complete: 0ms
11-07 14:58:38.207  1285  1378 D SystemServerTimingAsync: ssm.onSwitchUser-10_com.android.server.logcat.LogcatManagerService
11-07 14:58:38.207  1285  1378 V SystemServerTimingAsync: ssm.onSwitchUser-10_com.android.server.logcat.LogcatManagerService took to complete: 0ms
11-07 14:58:38.207  1285  1378 D SystemServerTimingAsync: ssm.onSwitchUser-10_com.android.server.inputmethod.InputMethodManagerService$Lifecycle
11-07 14:58:38.208  1285  1285 D ConditionProviders.SCP: onSubscribe condition://android/schedule?days=1.2.3.4.5.6.7&start=22.0&end=7.0&exitAtAlarm=true
11-07 14:58:38.209  1285  1285 D ConditionProviders.SCP: setRegistered true
11-07 14:58:38.209  1285  1378 V SystemServerTimingAsync: ssm.onSwitchUser-10_com.android.server.inputmethod.InputMethodManagerService$Lifecycle took to complete: 2ms
11-07 14:58:38.209  1285  1378 D SystemServerTimingAsync: ssm.onSwitchUser-10_com.android.server.accessibility.AccessibilityManagerService$Lifecycle
11-07 14:58:38.209  1285  1378 V SystemServerTimingAsync: ssm.onSwitchUser-10_com.android.server.accessibility.AccessibilityManagerService$Lifecycle took to complete: 0ms
11-07 14:58:38.209  1285  1378 D SystemServerTimingAsync: ssm.onSwitchUser-10_com.android.server.StorageManagerService$Lifecycle
11-07 14:58:38.209  1285  1378 D StorageManagerService: Attempt remount volumes for user: 10 on unlock
11-07 14:58:38.209  1285  1378 V SystemServerTimingAsync: ssm.onSwitchUser-10_com.android.server.StorageManagerService$Lifecycle took to complete: 0ms
11-07 14:58:38.209  1285  1378 D SystemServerTimingAsync: ssm.onSwitchUser-10_com.android.server.usage.StorageStatsService$Lifecycle
11-07 14:58:38.209  1285  1378 V SystemServerTimingAsync: ssm.onSwitchUser-10_com.android.server.usage.StorageStatsService$Lifecycle took to complete: 0ms
11-07 14:58:38.209  1285  1378 D SystemServerTimingAsync: ssm.onSwitchUser-10_com.android.server.UiModeManagerService
11-07 14:58:38.210  1285  1378 V SystemServerTimingAsync: ssm.onSwitchUser-10_com.android.server.UiModeManagerService took to complete: 1ms
