11-07 14:58:37.475  1285  1378 D SystemServerTimingAsync: ssm.onStartUser-0_com.android.server.uri.UriGrantsManagerService$Lifecycle
11-07 14:58:37.475  1285  1378 V SystemServerTimingAsync: ssm.onStartUser-0_com.android.server.uri.UriGrantsManagerService$Lifecycle took to complete: 0ms
11-07 14:58:37.475  1285  1378 D SystemServerTimingAsync: ssm.onStartUser-0_com.android.server.powerstats.PowerStatsService
11-07 14:58:37.475  1285  1378 V SystemServerTimingAsync: ssm.onStartUser-0_com.android.server.powerstats.PowerStatsService took to complete: 0ms
11-07 14:58:37.475  1285  1378 D SystemServerTimingAsync: ssm.onStartUser-0_com.android.server.permission.access.AccessCheckingService
11-07 14:58:37.475  1285  1378 V SystemServerTimingAsync: ssm.onStartUser-0_com.android.server.permission.access.AccessCheckingService took to complete: 0ms
11-07 14:58:37.475  1285  1378 D SystemServerTimingAsync: ssm.onStartUser-0_com.android.server.wm.ActivityTaskManagerService$Lifecycle
11-07 14:58:37.475  1285  1378 V SystemServerTimingAsync: ssm.onStartUser-0_com.android.server.wm.ActivityTaskManagerService$Lifecycle took to complete: 0ms
11-07 14:58:37.475  1285  1378 D SystemServerTimingAsync: ssm.onStartUser-0_com.android.server.am.ActivityManagerService$Lifecycle
11-07 14:58:37.475  1285  1378 V SystemServerTimingAsync: ssm.onStartUser-0_com.android.server.am.ActivityManagerService$Lifecycle took to complete: 0ms
11-07 14:58:37.475  1285  1378 D SystemServerTimingAsync: ssm.onStartUser-0_com.android.server.pm.DataLoaderManagerService
11-07 14:58:37.475  1285  1378 V SystemServerTimingAsync: ssm.onStartUser-0_com.android.server.pm.DataLoaderManagerService took to complete: 0ms
11-07 14:58:37.475  1285  1378 D SystemServerTimingAsync: ssm.onStartUser-0_com.android.server.power.PowerManagerService
11-07 14:58:37.475  1285  1378 V SystemServerTimingAsync: ssm.onStartUser-0_com.android.server.power.PowerManagerService took to complete: 0ms
11-07 14:58:37.475  1285  1378 D SystemServerTimingAsync: ssm.onStartUser-0_com.android.server.power.ThermalManagerService
11-07 14:58:37.475  1285  1378 V SystemServerTimingAsync: ssm.onStartUser-0_com.android.server.power.ThermalManagerService took to complete: 0ms
11-07 14:58:37.475  1285  1378 D SystemServerTimingAsync: ssm.onStartUser-0_com.android.server.power.hint.HintManagerService
11-07 14:58:37.475  1285  1378 V SystemServerTimingAsync: ssm.onStartUser-0_com.android.server.power.hint.HintManagerService took to complete: 0ms
11-07 14:58:37.475  1285  1378 D SystemServerTimingAsync: ssm.onStartUser-0_com.android.server.recoverysystem.RecoverySystemService$Lifecycle
11-07 14:58:37.475  1285  1378 V SystemServerTimingAsync: ssm.onStartUser-0_com.android.server.recoverysystem.RecoverySystemService$Lifecycle took to complete: 0ms
11-07 14:58:37.475  1285  1378 D SystemServerTimingAsync: ssm.onStartUser-0_com.android.server.lights.LightsService
11-07 14:58:37.475  1285  1378 V SystemServerTimingAsync: ssm.onStartUser-0_com.android.server.lights.LightsService took to complete: 0ms
11-07 14:58:37.475  1285  1378 D SystemServerTimingAsync: ssm.onStartUser-0_com.android.server.display.DisplayManagerService
11-07 14:58:37.475  1285  1378 V SystemServerTimingAsync: ssm.onStartUser-0_com.android.server.display.DisplayManagerService took to complete: 0ms
11-07 14:58:37.475  1285  1378 D SystemServerTimingAsync: ssm.onStartUser-0_com.android.server.pm.verify.domain.DomainVerificationService
11-07 14:58:37.475  1285  1378 V SystemServerTimingAsync: ssm.onStartUser-0_com.android.server.pm.verify.domain.DomainVerificationService took to complete: 0ms
11-07 14:58:37.475  1285  1378 D SystemServerTimingAsync: ssm.onStartUser-0_com.android.server.pm.PackageInstallerService$Lifecycle
11-07 14:58:37.475  1285  1378 V SystemServerTimingAsync: ssm.onStartUser-0_com.android.server.pm.PackageInstallerService$Lifecycle took to complete: 0ms
11-07 14:58:37.475  1285  1378 D SystemServerTimingAsync: ssm.onStartUser-0_com.android.server.pm.UserManagerService$LifeCycle
11-07 14:58:37.476  1724  1724 W CAR.FastPairAccountKeyStorage: Loaded while user was not unlocked. Shared Preferences unavailable
11-07 14:58:37.477  1724  1724 I CarServiceUtils: Starting HandlerThread:FastPairProvider
11-07 14:58:37.478  1285  1378 V SystemServerTimingAsync: ssm.onStartUser-0_com.android.server.pm.UserManagerService$LifeCycle took to complete: 3ms
11-07 14:58:37.479  1285  1329 I CarServiceProxy: CarService connected.
11-07 14:58:37.480  1285  1329 V CarServiceProxy: handleCarServiceConnection took to complete: 0ms
11-07 14:58:37.480  1724  1771 D ICarImpl: initBootUser(): 
11-07 14:58:37.480  1285  1285 V SystemServerTiming: sendRestartBroadcast took to complete: 4ms
11-07 14:58:37.480  1285  1285 V SystemServerTiming: UserController.startUser-0-bg-start-mode-2 took to complete: 307ms
11-07 14:58:37.480  1285  1285 V SystemServerTiming: am.startUser took to complete: 307ms
11-07 14:58:37.480  1285  1285 V SystemServerTiming: unlock-system-user took to complete: 307ms
11-07 14:58:37.480  1285  1285 D SystemServerTiming: getBootUser
11-07 14:58:37.480  1285  1285 D SystemServerTiming: wait-boot-user
11-07 14:58:37.480  1285  1285 V SystemServerTiming: wait-boot-user took to complete: 0ms
11-07 14:58:37.480  1285  1285 I UserManagerService: Using provided boot user: 10
11-07 14:58:37.480  1285  1285 V SystemServerTiming: getBootUser took to complete: 0ms
11-07 14:58:37.481  1285  1285 D SystemServerTiming: switchToBootUser-10
11-07 14:58:37.481  1285  1285 I HsumBootUserInitializer: Switching to boot user 10
11-07 14:58:37.481  1285  1285 D SystemServerTiming: UserController.startUser-10-fg-start-mode-1
11-07 14:58:37.481  1285  1285 D SystemServerTiming: getStartedUserState
11-07 14:58:37.481  1285  1285 V SystemServerTiming: getStartedUserState took to complete: 0ms
11-07 14:58:37.481  1285  1285 D SystemServerTiming: clearAllLockedTasks
11-07 14:58:37.490     0     0 I binder  : 1894:1894 ioctl 40046210 7fd49b2170 returned -22
11-07 14:58:37.494     0     0 I binder  : 1892:1892 ioctl 40046210 7fd3e9dec0 returned -22
11-07 14:58:37.482  1285  1285 V SystemServerTiming: clearAllLockedTasks took to complete: 1ms
11-07 14:58:37.483  1285  1378 D SystemServerTimingAsync: ssm.onStartUser-0_com.android.server.om.OverlayManagerService
11-07 14:58:37.483  1285  1285 D SystemServerTiming: getUserInfo
11-07 14:58:37.483  1285  1285 V SystemServerTiming: getUserInfo took to complete: 0ms
11-07 14:58:37.483  1285  1285 D SystemServerTiming: assignUserToDisplayOnStart
11-07 14:58:37.483  1285  1285 V SystemServerTiming: assignUserToDisplayOnStart took to complete: 0ms
11-07 14:58:37.483  1285  1285 D SystemServerTiming: updateStartedUserArrayStarting
11-07 14:58:37.484  1285  1285 V SystemServerTiming: updateStartedUserArrayStarting took to complete: 0ms
11-07 14:58:37.484  1285  1285 D SystemServerTiming: setUserState
11-07 14:58:37.485  1285  1285 V SystemServerTiming: setUserState took to complete: 1ms
11-07 14:58:37.485  1285  1285 D SystemServerTiming: updateConfigurationAndProfileIds
11-07 14:58:37.488  1724  1724 D CarPerUserServiceImpl: onBind()
11-07 14:58:37.500     0     0 I init    : Service 'exec 34 (/system/bin/bootstat -r car_service_created)' (pid 1895) exited with status 0 waiting took 0.033000 seconds
11-07 14:58:37.503  1285  1889 D GameManagerService: User ID '0' does not have a Game Mode selected for package: 'com.android.experimentalcar'
11-07 14:58:37.503  1285  1285 V SystemServerTiming: updateConfigurationAndProfileIds took to complete: 18ms
11-07 14:58:37.503  1285  1285 D SystemServerTiming: updateStateBooting
11-07 14:58:37.503  1285  1285 D SystemServerTiming: onBeforeStartUser-10
11-07 14:58:37.503  1285  1285 D SystemServerTiming: prepareUserData
11-07 14:58:37.503  1724  1724 I OveruseConfigurationCache: Ignoring I/O overuse threshold for invalid component type: 3
11-07 14:58:37.503  1285  1889 D CompatibilityChangeReporter: Compat change id reported: 168419799; UID 1000; state: DISABLED
11-07 14:58:37.504  1285  1889 D CompatibilityChangeReporter: Compat change id reported: 273564678; UID 1000; state: DISABLED
11-07 14:58:37.504   494   494 D vold    : fscrypt_prepare_user_storage for volume null, user 10, serial 10, flags 1
11-07 14:58:37.504   494   494 D vold    : Preparing: /data/system/users/10
11-07 14:58:37.505   494   494 D vold    : Preparing: /data/misc/profiles/cur/10
11-07 14:58:37.505   494   494 D vold    : Preparing: /data/system_de/10
11-07 14:58:37.506   494   494 I vold    : Verified that /data/system_de/10 has the encryption policy 824f91e40fcd43535d4c66df9e746d19 v2 modes 1/4 flags 0x12
11-07 14:58:37.506   494   494 D vold    : Preparing: /data/vendor_de/10
11-07 14:58:37.511   494   494 I vold    : Verified that /data/vendor_de/10 has the encryption policy 824f91e40fcd43535d4c66df9e746d19 v2 modes 1/4 flags 0x12
11-07 14:58:37.511   494   494 D vold    : Preparing: /data/misc_de/10
11-07 14:58:37.512  1724  1884 V CAR.TELEMETRY: init took to complete: 84ms
11-07 14:58:37.512   494   494 I vold    : Verified that /data/misc_de/10 has the encryption policy 824f91e40fcd43535d4c66df9e746d19 v2 modes 1/4 flags 0x12
11-07 14:58:37.512   494   494 D vold    : Preparing: /data/user_de/10
11-07 14:58:37.514   494   494 I vold    : Verified that /data/user_de/10 has the encryption policy 824f91e40fcd43535d4c66df9e746d19 v2 modes 1/4 flags 0x12
11-07 14:58:37.514   494   494 D vold    : /system/bin/vold_prepare_subdirs
11-07 14:58:37.514   494   494 D vold    :     prepare
11-07 14:58:37.514   494   494 D vold    :     
11-07 14:58:37.514   494   494 D vold    :     10
11-07 14:58:37.514   494   494 D vold    :     1
11-07 14:58:37.515  1724  1873 W CAR.FastPairProvider: Fast Pair Provider not configured, disabling, model=0, key=N/A
11-07 14:58:37.516  1724  1873 I CarServiceUtils: Starting HandlerThread:CarBluetoothService
11-07 14:58:37.517  1724  1884 D CAR.TELEMETRY: Data from the previous session is not found. Quitting.
11-07 14:58:37.545  1724  1873 E CarPropertyService: registerListenerSafe() failed for property ID: SEAT_OCCUPANCY updateRateHz: 0.000000
11-07 14:58:37.545  1724  1873 E CarPropertyService: java.lang.IllegalArgumentException: property ID is not in carPropertyConfig list, and so it is not supported: SEAT_OCCUPANCY
11-07 14:58:37.545  1724  1873 E CarPropertyService: 	at com.android.internal.util.Preconditions.checkArgument(Preconditions.java:77)
11-07 14:58:37.545  1724  1873 E CarPropertyService: 	at com.android.car.CarPropertyService.assertConfigIsNotNull(CarPropertyService.java:939)
11-07 14:58:37.545  1724  1873 E CarPropertyService: 	at com.android.car.CarPropertyService.validateRegisterParameter(CarPropertyService.java:982)
11-07 14:58:37.545  1724  1873 E CarPropertyService: 	at com.android.car.CarPropertyService.registerListener(CarPropertyService.java:333)
11-07 14:58:37.545  1724  1873 E CarPropertyService: 	at com.android.car.CarPropertyService.registerListenerSafe(CarPropertyService.java:386)
11-07 14:58:37.545  1724  1873 E CarPropertyService: 	at com.android.car.bluetooth.BluetoothDeviceConnectionPolicy$CarServicesHelper.init(BluetoothDeviceConnectionPolicy.java:124)
11-07 14:58:37.545  1724  1873 E CarPropertyService: 	at com.android.car.bluetooth.BluetoothDeviceConnectionPolicy.init(BluetoothDeviceConnectionPolicy.java:302)
11-07 14:58:37.545  1724  1873 E CarPropertyService: 	at com.android.car.bluetooth.CarBluetoothService.createBluetoothDeviceConnectionPolicyLocked(CarBluetoothService.java:412)
11-07 14:58:37.545  1724  1873 E CarPropertyService: 	at com.android.car.bluetooth.CarBluetoothService.initializeUserLocked(CarBluetoothService.java:209)
11-07 14:58:37.545  1724  1873 E CarPropertyService: 	at com.android.car.bluetooth.CarBluetoothService.-$$Nest$minitializeUserLocked(Unknown Source:0)
11-07 14:58:37.545  1724  1873 E CarPropertyService: 	at com.android.car.bluetooth.CarBluetoothService$1.onServiceConnected(CarBluetoothService.java:114)
11-07 14:58:37.545  1724  1873 E CarPropertyService: 	at com.android.car.CarPerUserServiceHelper$1.lambda$onServiceConnected$0(CarPerUserServiceHelper.java:147)
11-07 14:58:37.545  1724  1873 E CarPropertyService: 	at com.android.car.CarPerUserServiceHelper$1.$r8$lambda$mnN8yDLI0Nb_046mdQ_M7_baowE(Unknown Source:0)
11-07 14:58:37.545  1724  1873 E CarPropertyService: 	at com.android.car.CarPerUserServiceHelper$1$$ExternalSyntheticLambda0.run(Unknown Source:4)
11-07 14:58:37.545  1724  1873 E CarPropertyService: 	at android.os.Handler.handleCallback(Handler.java:958)
11-07 14:58:37.545  1724  1873 E CarPropertyService: 	at android.os.Handler.dispatchMessage(Handler.java:99)
11-07 14:58:37.545  1724  1873 E CarPropertyService: 	at android.os.Looper.loopOnce(Looper.java:205)
11-07 14:58:37.545  1724  1873 E CarPropertyService: 	at android.os.Looper.loop(Looper.java:294)
11-07 14:58:37.545  1724  1873 E CarPropertyService: 	at android.os.HandlerThread.run(HandlerThread.java:67)
11-07 14:58:37.553  1285  1378 W SystemServiceManager: Service com.android.server.om.OverlayManagerService took 69 ms in onStartUser-0
11-07 14:58:37.553  1285  1378 V SystemServerTimingAsync: ssm.onStartUser-0_com.android.server.om.OverlayManagerService took to complete: 70ms
11-07 14:58:37.553  1285  1378 D SystemServerTimingAsync: ssm.onStartUser-0_com.android.server.resources.ResourcesManagerService
11-07 14:58:37.553  1285  1378 V SystemServerTimingAsync: ssm.onStartUser-0_com.android.server.resources.ResourcesManagerService took to complete: 0ms
11-07 14:58:37.553  1285  1378 D SystemServerTimingAsync: ssm.onStartUser-0_com.android.server.sensorprivacy.SensorPrivacyService
11-07 14:58:37.559  1285  1378 V SystemServerTimingAsync: ssm.onStartUser-0_com.android.server.sensorprivacy.SensorPrivacyService took to complete: 6ms
11-07 14:58:37.559  1285  1378 D SystemServerTimingAsync: ssm.onStartUser-0_com.android.server.sensors.SensorService
11-07 14:58:37.559  1285  1378 V SystemServerTimingAsync: ssm.onStartUser-0_com.android.server.sensors.SensorService took to complete: 0ms
11-07 14:58:37.559  1285  1378 D SystemServerTimingAsync: ssm.onStartUser-0_com.android.server.SystemConfigService
11-07 14:58:37.559  1285  1378 V SystemServerTimingAsync: ssm.onStartUser-0_com.android.server.SystemConfigService took to complete: 0ms
11-07 14:58:37.559  1285  1378 D SystemServerTimingAsync: ssm.onStartUser-0_com.android.server.BatteryService
11-07 14:58:37.559  1285  1378 V SystemServerTimingAsync: ssm.onStartUser-0_com.android.server.BatteryService took to complete: 0ms
11-07 14:58:37.559  1285  1378 D SystemServerTimingAsync: ssm.onStartUser-0_com.android.server.usage.UsageStatsService
11-07 14:58:37.559  1285  1378 V SystemServerTimingAsync: ssm.onStartUser-0_com.android.server.usage.UsageStatsService took to complete: 0ms
11-07 14:58:37.559  1285  1378 D SystemServerTimingAsync: ssm.onStartUser-0_com.android.server.webkit.WebViewUpdateService
11-07 14:58:37.559  1285  1378 V SystemServerTimingAsync: ssm.onStartUser-0_com.android.server.webkit.WebViewUpdateService took to complete: 0ms
11-07 14:58:37.559  1285  1378 D SystemServerTimingAsync: ssm.onStartUser-0_com.android.server.CachedDeviceStateService
11-07 14:58:37.559  1285  1378 V SystemServerTimingAsync: ssm.onStartUser-0_com.android.server.CachedDeviceStateService took to complete: 0ms
11-07 14:58:37.559  1285  1378 D SystemServerTimingAsync: ssm.onStartUser-0_com.android.server.BinderCallsStatsService$LifeCycle
11-07 14:58:37.559  1285  1378 V SystemServerTimingAsync: ssm.onStartUser-0_com.android.server.BinderCallsStatsService$LifeCycle took to complete: 0ms
11-07 14:58:37.559  1285  1378 D SystemServerTimingAsync: ssm.onStartUser-0_com.android.server.LooperStatsService$Lifecycle
11-07 14:58:37.559  1285  1378 V SystemServerTimingAsync: ssm.onStartUser-0_com.android.server.LooperStatsService$Lifecycle took to complete: 0ms
11-07 14:58:37.559  1285  1378 D SystemServerTimingAsync: ssm.onStartUser-0_com.android.server.rollback.RollbackManagerService
11-07 14:58:37.559  1285  1378 V SystemServerTimingAsync: ssm.onStartUser-0_com.android.server.rollback.RollbackManagerService took to complete: 0ms
11-07 14:58:37.559  1285  1378 D SystemServerTimingAsync: ssm.onStartUser-0_com.android.server.os.NativeTombstoneManagerService
11-07 14:58:37.559  1285  1378 V SystemServerTimingAsync: ssm.onStartUser-0_com.android.server.os.NativeTombstoneManagerService took to complete: 0ms
11-07 14:58:37.559  1285  1378 D SystemServerTimingAsync: ssm.onStartUser-0_com.android.server.os.BugreportManagerService
11-07 14:58:37.559  1285  1378 V SystemServerTimingAsync: ssm.onStartUser-0_com.android.server.os.BugreportManagerService took to complete: 0ms
11-07 14:58:37.559  1285  1378 D SystemServerTimingAsync: ssm.onStartUser-0_com.android.server.gpu.GpuService
11-07 14:58:37.560  1285  1378 V SystemServerTimingAsync: ssm.onStartUser-0_com.android.server.gpu.GpuService took to complete: 0ms
11-07 14:58:37.560  1285  1378 D SystemServerTimingAsync: ssm.onStartUser-0_com.android.server.security.rkp.RemoteProvisioningService
11-07 14:58:37.560  1285  1378 V SystemServerTimingAsync: ssm.onStartUser-0_com.android.server.security.rkp.RemoteProvisioningService took to complete: 0ms
11-07 14:58:37.560  1285  1378 D SystemServerTimingAsync: ssm.onStartUser-0_com.android.server.cpu.CpuMonitorService
11-07 14:58:37.560  1285  1378 V SystemServerTimingAsync: ssm.onStartUser-0_com.android.server.cpu.CpuMonitorService took to complete: 0ms
11-07 14:58:37.560  1285  1378 D SystemServerTimingAsync: ssm.onStartUser-0_com.android.server.security.KeyChainSystemService
11-07 14:58:37.560  1285  1378 V SystemServerTimingAsync: ssm.onStartUser-0_com.android.server.security.KeyChainSystemService took to complete: 0ms
11-07 14:58:37.560  1285  1378 D SystemServerTimingAsync: ssm.onStartUser-0_com.android.server.BinaryTransparencyService
11-07 14:58:37.560  1285  1378 V SystemServerTimingAsync: ssm.onStartUser-0_com.android.server.BinaryTransparencyService took to complete: 0ms
11-07 14:58:37.560  1285  1378 D SystemServerTimingAsync: ssm.onStartUser-0_com.android.server.telecom.TelecomLoaderService
11-07 14:58:37.560  1285  1378 V SystemServerTimingAsync: ssm.onStartUser-0_com.android.server.telecom.TelecomLoaderService took to complete: 0ms
11-07 14:58:37.560  1285  1378 D SystemServerTimingAsync: ssm.onStartUser-0_com.android.server.accounts.AccountManagerService$Lifecycle
11-07 14:58:37.560  1285  1378 V SystemServerTimingAsync: ssm.onStartUser-0_com.android.server.accounts.AccountManagerService$Lifecycle took to complete: 0ms
11-07 14:58:37.560  1285  1378 D SystemServerTimingAsync: ssm.onStartUser-0_com.android.server.content.ContentService$Lifecycle
11-07 14:58:37.560  1285  1378 V SystemServerTimingAsync: ssm.onStartUser-0_com.android.server.content.ContentService$Lifecycle took to complete: 0ms
11-07 14:58:37.560  1285  1378 D SystemServerTimingAsync: ssm.onStartUser-0_com.android.server.deviceconfig.DeviceConfigInit$Lifecycle
11-07 14:58:37.560  1285  1378 V SystemServerTimingAsync: ssm.onStartUser-0_com.android.server.deviceconfig.DeviceConfigInit$Lifecycle took to complete: 0ms
11-07 14:58:37.560  1285  1378 D SystemServerTimingAsync: ssm.onStartUser-0_com.android.server.DropBoxManagerService
11-07 14:58:37.560  1285  1378 V SystemServerTimingAsync: ssm.onStartUser-0_com.android.server.DropBoxManagerService took to complete: 0ms
11-07 14:58:37.560  1285  1378 D SystemServerTimingAsync: ssm.onStartUser-0_com.android.role.RoleService
11-07 14:58:37.574  1285  1370 I DropBoxManagerService: add tag=system_app_strictmode isTagEnabled=true flags=0x2
11-07 14:58:37.574  1285  1378 V SystemServerTimingAsync: ssm.onStartUser-0_com.android.role.RoleService took to complete: 14ms
11-07 14:58:37.574  1285  1378 D SystemServerTimingAsync: ssm.onStartUser-0_com.android.server.vibrator.VibratorManagerService$Lifecycle
11-07 14:58:37.574  1285  1378 V SystemServerTimingAsync: ssm.onStartUser-0_com.android.server.vibrator.VibratorManagerService$Lifecycle took to complete: 0ms
11-07 14:58:37.574  1285  1378 D SystemServerTimingAsync: ssm.onStartUser-0_com.android.server.tare.InternalResourceService
11-07 14:58:37.574  1285  1378 V SystemServerTimingAsync: ssm.onStartUser-0_com.android.server.tare.InternalResourceService took to complete: 0ms
11-07 14:58:37.574  1285  1378 D SystemServerTimingAsync: ssm.onStartUser-0_com.android.server.alarm.AlarmManagerService
11-07 14:58:37.575  1285  1378 V SystemServerTimingAsync: ssm.onStartUser-0_com.android.server.alarm.AlarmManagerService took to complete: 1ms
11-07 14:58:37.575  1285  1378 D SystemServerTimingAsync: ssm.onStartUser-0_com.android.server.devicestate.DeviceStateManagerService
11-07 14:58:37.575  1285  1378 V SystemServerTimingAsync: ssm.onStartUser-0_com.android.server.devicestate.DeviceStateManagerService took to complete: 0ms
11-07 14:58:37.575  1285  1378 D SystemServerTimingAsync: ssm.onStartUser-0_com.android.server.camera.CameraServiceProxy
11-07 14:58:37.576  1285  1378 W CameraService_proxy: Could not notify cameraserver, camera service not available.
11-07 14:58:37.576  1285  1378 I CameraService_proxy: Could not notify camera service of user switch, retrying...
11-07 14:58:37.576  1285  1378 V SystemServerTimingAsync: ssm.onStartUser-0_com.android.server.camera.CameraServiceProxy took to complete: 1ms
11-07 14:58:37.576  1285  1378 D SystemServerTimingAsync: ssm.onStartUser-0_com.android.server.bluetooth.BluetoothService
11-07 14:58:37.576  1285  1378 V SystemServerTimingAsync: ssm.onStartUser-0_com.android.server.bluetooth.BluetoothService took to complete: 0ms
11-07 14:58:37.576  1285  1378 D SystemServerTimingAsync: ssm.onStartUser-0_com.android.server.connectivity.IpConnectivityMetrics
11-07 14:58:37.576  1285  1378 V SystemServerTimingAsync: ssm.onStartUser-0_com.android.server.connectivity.IpConnectivityMetrics took to complete: 0ms
11-07 14:58:37.576  1285  1378 D SystemServerTimingAsync: ssm.onStartUser-0_com.android.server.net.watchlist.NetworkWatchlistService$Lifecycle
11-07 14:58:37.576  1285  1378 V SystemServerTimingAsync: ssm.onStartUser-0_com.android.server.net.watchlist.NetworkWatchlistService$Lifecycle took to complete: 0ms
11-07 14:58:37.576  1285  1378 D SystemServerTimingAsync: ssm.onStartUser-0_com.android.server.PinnerService
11-07 14:58:37.576  1285  1378 V SystemServerTimingAsync: ssm.onStartUser-0_com.android.server.PinnerService took to complete: 0ms
11-07 14:58:37.576  1285  1378 D SystemServerTimingAsync: ssm.onStartUser-0_com.android.server.ActivityTriggerService
11-07 14:58:37.576  1285  1378 V SystemServerTimingAsync: ssm.onStartUser-0_com.android.server.ActivityTriggerService took to complete: 0ms
11-07 14:58:37.576  1285  1378 D SystemServerTimingAsync: ssm.onStartUser-0_com.android.server.integrity.AppIntegrityManagerService
11-07 14:58:37.576  1285  1378 V SystemServerTimingAsync: ssm.onStartUser-0_com.android.server.integrity.AppIntegrityManagerService took to complete: 0ms
11-07 14:58:37.576  1285  1378 D SystemServerTimingAsync: ssm.onStartUser-0_com.android.server.logcat.LogcatManagerService
11-07 14:58:37.576  1285  1378 V SystemServerTimingAsync: ssm.onStartUser-0_com.android.server.logcat.LogcatManagerService took to complete: 0ms
11-07 14:58:37.576  1285  1378 D SystemServerTimingAsync: ssm.onStartUser-0_com.android.server.inputmethod.InputMethodManagerService$Lifecycle
11-07 14:58:37.576  1285  1378 V SystemServerTimingAsync: ssm.onStartUser-0_com.android.server.inputmethod.InputMethodManagerService$Lifecycle took to complete: 0ms
11-07 14:58:37.576  1285  1378 D SystemServerTimingAsync: ssm.onStartUser-0_com.android.server.accessibility.AccessibilityManagerService$Lifecycle
11-07 14:58:37.576  1285  1378 V SystemServerTimingAsync: ssm.onStartUser-0_com.android.server.accessibility.AccessibilityManagerService$Lifecycle took to complete: 0ms
11-07 14:58:37.576  1285  1378 D SystemServerTimingAsync: ssm.onStartUser-0_com.android.server.StorageManagerService$Lifecycle
11-07 14:58:37.579  1285  1370 I DropBoxManagerService: add tag=system_app_strictmode isTagEnabled=true flags=0x2
11-07 14:58:37.581  1285  1378 V StorageManagerService: Package com.android.cts.priv.ctsshim does not have legacy storage
11-07 14:58:37.582  1285  1370 I DropBoxManagerService: add tag=system_app_strictmode isTagEnabled=true flags=0x2
11-07 14:58:37.582  1285  1378 V StorageManagerService: Package com.qualcomm.qti.qcolor does not have legacy storage
11-07 14:58:37.582  1285  1378 V StorageManagerService: Package com.android.uwb.resources does not have legacy storage
11-07 14:58:37.582  1285  1378 V StorageManagerService: Package com.android.internal.display.cutout.emulation.corner does not have legacy storage
11-07 14:58:37.582  1285  1378 V StorageManagerService: Package com.android.adservices.api does not have legacy storage
11-07 14:58:37.582  1285  1378 V StorageManagerService: Package com.android.internal.display.cutout.emulation.double does not have legacy storage
11-07 14:58:37.583  1285  1378 V StorageManagerService: Package com.android.providers.telephony does not have legacy storage
11-07 14:58:37.583  1285  1378 V StorageManagerService: Package com.android.dynsystem does not have legacy storage
11-07 14:58:37.583  1285  1378 V StorageManagerService: Package android.car.cluster does not have legacy storage
11-07 14:58:37.583  1285  1378 V StorageManagerService: Package com.android.healthconnect.controller does not have legacy storage
11-07 14:58:37.583  1285  1378 V StorageManagerService: Package com.google.android.car.kitchensink does not have legacy storage
11-07 14:58:37.584  1285  1378 V StorageManagerService: Package com.android.providers.media does not have legacy storage
11-07 14:58:37.584  1285  1378 V StorageManagerService: Package com.qti.service.colorservice does not have legacy storage
11-07 14:58:37.584  1285  1378 V StorageManagerService: Package com.android.health.connect.backuprestore does not have legacy storage
11-07 14:58:37.584  1285  1378 V StorageManagerService: Package com.android.internal.systemui.navbar.gestural_wide_back does not have legacy storage
11-07 14:58:37.584  1285  1378 V StorageManagerService: Package com.qualcomm.qti.xrwifi does not have legacy storage
11-07 14:58:37.584  1285  1378 V StorageManagerService: Package com.qualcomm.qti.server.qtiwifi does not have legacy storage
11-07 14:58:37.585  1285  1378 V StorageManagerService: Package com.android.virtualmachine.res does not have legacy storage
11-07 14:58:37.585  1285  1378 V StorageManagerService: Package com.qualcomm.qti.simcontacts does not have legacy storage
11-07 14:58:37.585  1285  1370 I DropBoxManagerService: add tag=system_app_strictmode isTagEnabled=true flags=0x2
11-07 14:58:37.585  1285  1378 V StorageManagerService: Package com.qualcomm.qti.modemtestmode does not have legacy storage
11-07 14:58:37.585  1285  1378 V StorageManagerService: Package com.android.car.media does not have legacy storage
11-07 14:58:37.585  1285  1378 V StorageManagerService: Package com.android.car.radio does not have legacy storage
11-07 14:58:37.585  1285  1378 V StorageManagerService: Package org.codeaurora.dialer does not have legacy storage
11-07 14:58:37.585  1285  1378 V StorageManagerService: Package com.android.documentsui does not have legacy storage
11-07 14:58:37.585  1285  1378 V StorageManagerService: Package com.android.externalstorage does not have legacy storage
11-07 14:58:37.585  1285  1378 V StorageManagerService: Package com.qualcomm.uimremoteclient does not have legacy storage
11-07 14:58:37.586  1285  1378 V StorageManagerService: Package com.android.htmlviewer does not have legacy storage
11-07 14:58:37.586  1285  1378 V StorageManagerService: Package com.android.companiondevicemanager does not have legacy storage
11-07 14:58:37.586  1285  1378 V StorageManagerService: Package com.android.mms.service does not have legacy storage
11-07 14:58:37.586  1285  1378 V StorageManagerService: Package com.android.car.activityresolver does not have legacy storage
11-07 14:58:37.586  1285  1378 V StorageManagerService: Package com.qualcomm.qti.qms.service.connectionsecurity does not have legacy storage
11-07 14:58:37.586  1285  1378 V StorageManagerService: Package com.android.providers.downloads does not have legacy storage
11-07 14:58:37.586  1285  1378 V StorageManagerService: Package com.android.federatedcompute.services does not have legacy storage
11-07 14:58:37.586  1285  1378 V StorageManagerService: Package vendor.qti.hardware.cacert.server does not have legacy storage
11-07 14:58:37.586  1285  1378 V StorageManagerService: Package com.quicinc.voice.activation does not have legacy storage
11-07 14:58:37.587  1285  1378 V StorageManagerService: Package com.qualcomm.qti.telephonyservice does not have legacy storage
11-07 14:58:37.587  1285  1378 V StorageManagerService: Package com.android.car.updatable.overlay.common does not have legacy storage
11-07 14:58:37.587  1285  1378 V StorageManagerService: Package com.qualcomm.qti.performancemode does not have legacy storage
11-07 14:58:37.587  1285  1378 V StorageManagerService: Package org.codeaurora.bluetooth.bttestapp does not have legacy storage
11-07 14:58:37.595     0     0 I binder  : 1022:1022 ioctl 40046210 7fc1099f84 returned -22
11-07 14:58:37.587  1285  1378 V StorageManagerService: Package com.qualcomm.qti.ridemodeaudio does not have legacy storage
11-07 14:58:37.588  1285  1378 V StorageManagerService: Package vendor.qti.iwlan does not have legacy storage
11-07 14:58:37.588  1285  1378 V StorageManagerService: Package com.qualcomm.qti.optinoverlay does not have legacy storage
11-07 14:58:37.588  1285  1378 V StorageManagerService: Package com.android.car.provision does not have legacy storage
11-07 14:58:37.588  1285  1378 V StorageManagerService: Package com.android.soundrecorder does not have legacy storage
11-07 14:58:37.588  1285  1378 V StorageManagerService: Package com.qualcomm.uimremoteserver does not have legacy storage
11-07 14:58:37.589  1285  1378 V StorageManagerService: Package com.qti.confuridialer does not have legacy storage
11-07 14:58:37.589  1285  1378 V StorageManagerService: Package android.qvaoverlay.common does not have legacy storage
11-07 14:58:37.589  1285  1378 V StorageManagerService: Package com.android.safetycenter.resources does not have legacy storage
11-07 14:58:37.589  1285  1378 V StorageManagerService: Package com.android.providers.downloads.ui does not have legacy storage
11-07 14:58:37.590  1285  1378 V StorageManagerService: Package com.android.pacprocessor does not have legacy storage
11-07 14:58:37.590  1285  1378 V StorageManagerService: Package com.android.simappdialog does not have legacy storage
11-07 14:58:37.590  1285  1378 V StorageManagerService: Package com.android.networkstack does not have legacy storage
11-07 14:58:37.590  1285  1378 V StorageManagerService: Package android.overlay.common does not have legacy storage
11-07 14:58:37.590  1285  1378 V StorageManagerService: Package com.android.connectivity.resources does not have legacy storage
11-07 14:58:37.590  1285  1378 V StorageManagerService: Package com.android.internal.display.cutout.emulation.hole does not have legacy storage
11-07 14:58:37.590  1285  1378 V StorageManagerService: Package com.android.internal.display.cutout.emulation.tall does not have legacy storage
11-07 14:58:37.591  1285  1378 V StorageManagerService: Package com.android.modulemetadata does not have legacy storage
11-07 14:58:37.591  1285  1378 V StorageManagerService: Package com.android.certinstaller does not have legacy storage
11-07 14:58:37.591  1285  1378 V StorageManagerService: Package com.android.carrierconfig does not have legacy storage
11-07 14:58:37.591  1285  1378 V StorageManagerService: Package com.android.internal.systemui.navbar.threebutton does not have legacy storage
11-07 14:58:37.591  1285  1378 V StorageManagerService: Package com.android.car.custominput.sample does not have legacy storage
11-07 14:58:37.591  1285  1378 V StorageManagerService: Package com.qti.qualcomm.datastatusnotification does not have legacy storage
11-07 14:58:37.591  1285  1378 V StorageManagerService: Package com.android.wifi.dialog does not have legacy storage
11-07 14:58:37.591  1285  1378 V StorageManagerService: Package android does not have legacy storage
11-07 14:58:37.591  1285  1378 V StorageManagerService: Package com.qualcomm.qti.callfeaturessetting does not have legacy storage
11-07 14:58:37.591  1285  1378 V StorageManagerService: Package com.qualcomm.wfd.service does not have legacy storage
11-07 14:58:37.591  1285  1378 V StorageManagerService: Package com.android.car.systemupdater does not have legacy storage
11-07 14:58:37.592  1285  1378 V StorageManagerService: Package com.qualcomm.qtil.aptxacu does not have legacy storage
11-07 14:58:37.592  1285  1378 V StorageManagerService: Package com.qualcomm.qtil.aptxals does not have legacy storage
11-07 14:58:37.592  1285  1378 V StorageManagerService: Package com.google.android.car.networking.railway does not have legacy storage
11-07 14:58:37.592  1285  1378 V StorageManagerService: Package com.google.android.car.garagemode.testapp does not have legacy storage
11-07 14:58:37.592  1285  1378 V StorageManagerService: Package com.example.database does not have legacy storage
11-07 14:58:37.592  1285  1378 V StorageManagerService: Package com.qti.qualcomm.deviceinfo does not have legacy storage
11-07 14:58:37.592  1285  1378 V StorageManagerService: Package com.qti.msdc_ui does not have legacy storage
11-07 14:58:37.592  1285  1378 V StorageManagerService: Package com.qualcomm.dualbluetooth does not have legacy storage
11-07 14:58:37.592  1285  1378 V StorageManagerService: Package com.android.car does not have legacy storage
11-07 14:58:37.592  1285  1378 V StorageManagerService: Package com.android.egg does not have legacy storage
11-07 14:58:37.592  1285  1378 V StorageManagerService: Package com.android.mms does not have legacy storage
11-07 14:58:37.592  1285  1378 V StorageManagerService: Package com.android.mtp does not have legacy storage
11-07 14:58:37.592  1285  1378 V StorageManagerService: Package com.android.ons does not have legacy storage
11-07 14:58:37.593  1285  1328 I ActivityManager: Flag disabled. Ignoring finishAttachApplication from uid: 1000. pid: 1892
11-07 14:58:37.593  1285  1378 V StorageManagerService: Package com.android.stk does not have legacy storage
11-07 14:58:37.593  1285  1378 V StorageManagerService: Package com.android.backupconfirm does not have legacy storage
11-07 14:58:37.593  1285  1378 V StorageManagerService: Package vendor.qti.qesdk.sysservice does not have legacy storage
11-07 14:58:37.593  1285  1378 V StorageManagerService: Package org.codeaurora.ims does not have legacy storage
11-07 14:58:37.593  1285  1378 V StorageManagerService: Package com.android.statementservice does not have legacy storage
11-07 14:58:37.593  1285  1378 V StorageManagerService: Package com.android.car.developeroptions does not have legacy storage
11-07 14:58:37.593  1285  1378 V StorageManagerService: Package android.overlay.target does not have legacy storage
11-07 14:58:37.593  1285  1378 V StorageManagerService: Package com.android.car.test.one.hotworddetectionservice does not have legacy storage
11-07 14:58:37.593  1285  1378 V StorageManagerService: Package com.android.settings.intelligence does not have legacy storage
11-07 14:58:37.593  1285  1378 V StorageManagerService: Package com.android.car.systemui.rro does not have legacy storage
11-07 14:58:37.593  1285  1378 V StorageManagerService: Package com.koushikdutta.vysor does not have legacy storage
11-07 14:58:37.593  1285  1378 V StorageManagerService: Package com.android.internal.systemui.navbar.gestural_extra_wide_back does not have legacy storage
11-07 14:58:37.593  1285  1378 V StorageManagerService: Package com.android.systemui.accessibility.accessibilitymenu does not have legacy storage
11-07 14:58:37.594  1285  1378 V StorageManagerService: Package com.android.car.settings does not have legacy storage
11-07 14:58:37.594  1285  1378 V StorageManagerService: Package com.qualcomm.qti.dynamicddsservice does not have legacy storage
11-07 14:58:37.594  1285  1378 V StorageManagerService: Package com.google.android.wifi.resources.overlay.common does not have legacy storage
11-07 14:58:37.594  1285  1378 V StorageManagerService: Package com.qualcomm.qti.xrvd.service does not have legacy storage
11-07 14:58:37.594  1285  1378 V StorageManagerService: Package com.qualcomm.qcrilmsgtunnel does not have legacy storage
11-07 14:58:37.594  1285  1378 V StorageManagerService: Package com.android.providers.settings does not have legacy storage
11-07 14:58:37.594  1285  1378 V StorageManagerService: Package com.android.sharedstoragebackup does not have legacy storage
11-07 14:58:37.594  1285  1378 V StorageManagerService: Package com.android.printspooler does not have legacy storage
11-07 14:58:37.594  1285  1378 V StorageManagerService: Package com.android.car.frameworkpackagestubs does not have legacy storage
11-07 14:58:37.594  1285  1378 V StorageManagerService: Package com.qualcomm.qti.services.systemhelper does not have legacy storage
11-07 14:58:37.594  1285  1378 V StorageManagerService: Package com.android.wifi.resources.overlay.common does not have legacy storage
11-07 14:58:37.594  1285  1378 V StorageManagerService: Package com.android.dreams.basic does not have legacy storage
11-07 14:58:37.594  1285  1378 V StorageManagerService: Package com.android.webview does not have legacy storage
11-07 14:58:37.595  1285  1378 V StorageManagerService: Package com.android.car.hidecameraapps does not have legacy storage
11-07 14:58:37.595  1285  1378 V StorageManagerService: Package com.android.se does not have legacy storage
11-07 14:58:37.595  1285  1378 V StorageManagerService: Package com.android.inputdevices does not have legacy storage
11-07 14:58:37.595  1285  1378 V StorageManagerService: Package com.android.rkpdapp does not have legacy storage
11-07 14:58:37.595  1285  1378 V StorageManagerService: Package com.qti.dpmserviceapp does not have legacy storage
11-07 14:58:37.595  1285  1378 V StorageManagerService: Package com.google.android.car.defaultstoragemonitoringcompanionapp does not have legacy storage
11-07 14:58:37.595  1285  1378 V StorageManagerService: Package com.qti.xdivert does not have legacy storage
11-07 14:58:37.595  1285  1378 V StorageManagerService: Package com.android.musicfx does not have legacy storage
11-07 14:58:37.596  1285  1378 V StorageManagerService: Package com.android.settings.overlay.common does not have legacy storage
11-07 14:58:37.596  1285  1378 V StorageManagerService: Package com.example.android.locationattribution does not have legacy storage
11-07 14:58:37.596  1285  1378 V StorageManagerService: Package android.ext.shared does not have legacy storage
11-07 14:58:37.596  1285  1378 V StorageManagerService: Package com.android.server.telecom does not have legacy storage
11-07 14:58:37.596  1285  1378 V StorageManagerService: Package com.google.android.car.networking.preferenceupdater does not have legacy storage
11-07 14:58:37.596  1285  1378 V StorageManagerService: Package com.qualcomm.qti.ramdumpcopyui does not have legacy storage
11-07 14:58:37.597  1285  1378 V StorageManagerService: Package com.android.keychain does not have legacy storage
11-07 14:58:37.597  1285  1378 V StorageManagerService: Package com.qti.snapdragon.qdcm_ff does not have legacy storage
11-07 14:58:37.597  1285  1378 V StorageManagerService: Package com.android.wifi.resources.overlay.target does not have legacy storage
11-07 14:58:37.597  1285  1491 W CameraService_proxy: Could not notify cameraserver, camera service not available.
11-07 14:58:37.597  1285  1378 V StorageManagerService: Package com.android.gallery3d does not have legacy storage
11-07 14:58:37.597  1285  1491 I CameraService_proxy: Could not notify camera service of user switch, retrying...
11-07 14:58:37.597  1285  1378 V StorageManagerService: Package android.ext.services does not have legacy storage
11-07 14:58:37.598  1285  1378 V StorageManagerService: Package com.android.wifi.resources does not have legacy storage
11-07 14:58:37.598  1285  1378 V StorageManagerService: Package com.android.phone.overlay.common does not have legacy storage
11-07 14:58:37.598  1285  1378 V StorageManagerService: Package com.android.carrierconfig.overlay.common does not have legacy storage
11-07 14:58:37.598  1285  1378 V StorageManagerService: Package com.android.systemui.overlay.common does not have legacy storage
11-07 14:58:37.598  1285  1378 V StorageManagerService: Package com.android.cameraextensions does not have legacy storage
11-07 14:58:37.598  1285  1378 V StorageManagerService: Package com.android.server.telecom.overlay.common does not have legacy storage
11-07 14:58:37.598  1285  1378 V StorageManagerService: Package com.android.localtransport does not have legacy storage
11-07 14:58:37.598  1285  1378 V StorageManagerService: Package org.codelinaro.bike.bikelauncher does not have legacy storage
11-07 14:58:37.599  1285  1378 V StorageManagerService: Package com.android.packageinstaller does not have legacy storage
11-07 14:58:37.599  1285  1378 V StorageManagerService: Package com.android.carrierdefaultapp does not have legacy storage
11-07 14:58:37.599  1285  1378 V StorageManagerService: Package com.qualcomm.qti.powersavemode does not have legacy storage
11-07 14:58:37.599  1285  1378 V StorageManagerService: Package com.qualcomm.qti.remoteSimlockAuth does not have legacy storage
11-07 14:58:37.599  1285  1378 V StorageManagerService: Package com.android.credentialmanager does not have legacy storage
11-07 14:58:37.599  1285  1378 V StorageManagerService: Package com.qualcomm.qti.devicestatisticsservice does not have legacy storage
11-07 14:58:37.599  1285  1378 V StorageManagerService: Package com.android.theme.font.notoserifsource does not have legacy storage
11-07 14:58:37.599  1285  1378 V StorageManagerService: Package com.android.proxyhandler does not have legacy storage
11-07 14:58:37.600  1285  1378 V StorageManagerService: Package com.android.internal.display.cutout.emulation.waterfall does not have legacy storage
11-07 14:58:37.600  1285  1378 V StorageManagerService: Package com.android.intentresolver does not have legacy storage
11-07 14:58:37.600  1285  1378 V StorageManagerService: Package com.qualcomm.qti.workloadclassifier does not have legacy storage
11-07 14:58:37.600  1285  1378 V StorageManagerService: Package com.android.nearby.halfsheet does not have legacy storage
11-07 14:58:37.600  1285  1378 V StorageManagerService: Package com.android.inputmethod.latin does not have legacy storage
11-07 14:58:37.600  1285  1378 V StorageManagerService: Package com.android.internal.systemui.navbar.transparent does not have legacy storage
11-07 14:58:37.600  1285  1378 V StorageManagerService: Package android.car.usb.handler does not have legacy storage
11-07 14:58:37.600  1285  1378 V StorageManagerService: Package com.android.managedprovisioning does not have legacy storage
11-07 14:58:37.601  1285  1378 V StorageManagerService: Package com.android.networkstack.tethering does not have legacy storage
11-07 14:58:37.601  1285  1378 V StorageManagerService: Package com.android.soundpicker does not have legacy storage
11-07 14:58:37.601  1285  1378 V StorageManagerService: Package com.example.vehiclemqttservice does not have legacy storage
11-07 14:58:37.601  1285  1378 V StorageManagerService: Package com.android.car.bugreport does not have legacy storage
11-07 14:58:37.601  1285  1378 V StorageManagerService: Package com.qualcomm.qct.dlt does not have legacy storage
11-07 14:58:37.601  1285  1378 V StorageManagerService: Package com.android.smspush does not have legacy storage
11-07 14:58:37.601  1285  1378 V StorageManagerService: Package com.qualcomm.qti.dcf.client.service does not have legacy storage
11-07 14:58:37.601  1285  1378 V StorageManagerService: Package com.android.role.notes.enabled does not have legacy storage
11-07 14:58:37.601  1285  1378 V StorageManagerService: Package com.qualcomm.atfwd2 does not have legacy storage
11-07 14:58:37.602  1285  1378 V StorageManagerService: Package com.android.car.cartelemetryapp does not have legacy storage
11-07 14:58:37.602  1285  1378 V StorageManagerService: Package com.android.experimentalcar does not have legacy storage
11-07 14:58:37.602  1285  1378 V StorageManagerService: Package com.android.apps.tag does not have legacy storage
11-07 14:58:37.602  1285  1378 V StorageManagerService: Package com.android.imsserviceentitlement does not have legacy storage
11-07 14:58:37.603  1285  1378 V StorageManagerService: Package com.android.storagemanager does not have legacy storage
11-07 14:58:37.603  1285  1378 V StorageManagerService: Package com.quicinc.voiceassistant.reference does not have legacy storage
11-07 14:58:37.603  1285  1378 V StorageManagerService: Package my.tests.snapdragonsdktest does not have legacy storage
11-07 14:58:37.603  1285  1378 V StorageManagerService: Package com.qualcomm.qti.cne does not have legacy storage
11-07 14:58:37.603  1285  1378 V StorageManagerService: Package com.qualcomm.qti.ims does not have legacy storage
11-07 14:58:37.603  1285  1378 V StorageManagerService: Package com.qualcomm.qti.lpa does not have legacy storage
11-07 14:58:37.603  1285  1378 V StorageManagerService: Package com.qualcomm.qti.smq does not have legacy storage
11-07 14:58:37.603  1285  1378 V StorageManagerService: Package com.qualcomm.qti.sva does not have legacy storage
11-07 14:58:37.603  1285  1378 V StorageManagerService: Package com.qualcomm.qti.uim does not have legacy storage
11-07 14:58:37.604  1285  1378 V StorageManagerService: Package com.android.cts.ctsshim does not have legacy storage
11-07 14:58:37.604  1285  1378 V StorageManagerService: Package com.qti.telephonysettings does not have legacy storage
11-07 14:58:37.604  1285  1378 V StorageManagerService: Package com.ultraviolette.fotaservice does not have legacy storage
11-07 14:58:37.604  1285  1378 V StorageManagerService: Package com.qualcomm.qti.uimGbaApp does not have legacy storage
11-07 14:58:37.604  1285  1378 V StorageManagerService: Package com.caf.fmradio does not have legacy storage
11-07 14:58:37.604  1285  1378 V StorageManagerService: Package com.qti.diagservices does not have legacy storage
11-07 14:58:37.604  1285  1378 V StorageManagerService: Package com.android.permissioncontroller.car.rro does not have legacy storage
11-07 14:58:37.604  1285  1378 V StorageManagerService: Package com.android.vpndialogs does not have legacy storage
11-07 14:58:37.604  1285  1378 V StorageManagerService: Package com.android.ecall does not have legacy storage
11-07 14:58:37.604  1285  1378 V StorageManagerService: Package com.android.music does not have legacy storage
11-07 14:58:37.604  1285  1378 V StorageManagerService: Package com.android.phone does not have legacy storage
11-07 14:58:37.605  1285  1378 V StorageManagerService: Package com.android.shell does not have legacy storage
11-07 14:58:37.605  1285  1378 V StorageManagerService: Package com.android.sdksandbox does not have legacy storage
11-07 14:58:37.605  1285  1378 V StorageManagerService: Package org.codeaurora.snapcam does not have legacy storage
11-07 14:58:37.605  1285  1378 V StorageManagerService: Package com.android.providers.userdictionary does not have legacy storage
11-07 14:58:37.605  1285  1378 V StorageManagerService: Package com.android.providers.media.module does not have legacy storage
11-07 14:58:37.605  1285  1378 V StorageManagerService: Package com.qualcomm.qti.cam2test does not have legacy storage
11-07 14:58:37.605  1285  1378 V StorageManagerService: Package com.android.emergency does not have legacy storage
11-07 14:58:37.605  1285  1378 V StorageManagerService: Package com.android.hotspot2.osulogin does not have legacy storage
11-07 14:58:37.605  1285  1378 V StorageManagerService: Package com.qualcomm.qti.qmmi does not have legacy storage
11-07 14:58:37.605  1285  1378 V StorageManagerService: Package com.qualcomm.qti.usta does not have legacy storage
11-07 14:58:37.605  1285  1378 V StorageManagerService: Package com.qualcomm.qti.xrcb does not have legacy storage
11-07 14:58:37.605  1285  1378 V StorageManagerService: Package com.android.internal.systemui.navbar.gestural does not have legacy storage
11-07 14:58:37.606  1285  1378 V StorageManagerService: Package com.android.location.fused does not have legacy storage
11-07 14:58:37.606  1285  1378 V StorageManagerService: Package com.android.systemui does not have legacy storage
11-07 14:58:37.606  1285  1378 V StorageManagerService: Package com.android.bluetoothmidiservice does not have legacy storage
11-07 14:58:37.606  1285  1378 V StorageManagerService: Package com.qualcomm.qti.confdialer does not have legacy storage
11-07 14:58:37.606  1285  1378 V StorageManagerService: Package com.qualcomm.qti.poweroffalarm does not have legacy storage
11-07 14:58:37.606  1285  1378 V StorageManagerService: Package com.android.car.updatable does not have legacy storage
11-07 14:58:37.606  1285  1378 V StorageManagerService: Package com.qti.ltebc does not have legacy storage
11-07 14:58:37.606  1285  1378 V StorageManagerService: Package com.qti.phone does not have legacy storage
11-07 14:58:37.606  1285  1378 V StorageManagerService: Package com.qualcomm.qti.dcf.nearbyclient does not have legacy storage
11-07 14:58:37.606  1285  1378 V StorageManagerService: Package com.android.permissioncontroller does not have legacy storage
11-07 14:58:37.606  1285  1378 V StorageManagerService: Package com.android.traceur does not have legacy storage
